Archive member included because of file (symbol)

/usr/lib/gcc/arm-elf/3.4.4/../../../../arm-elf/lib/thumb/interwork/libm.a(s_atan.o)
                              /home/excelobs/paparazzi/var/KMUAV/ap/./latlong.o (atan)
/usr/lib/gcc/arm-elf/3.4.4/../../../../arm-elf/lib/thumb/interwork/libm.a(s_cos.o)
                              /home/excelobs/paparazzi/var/KMUAV/ap/./latlong.o (cos)
/usr/lib/gcc/arm-elf/3.4.4/../../../../arm-elf/lib/thumb/interwork/libm.a(s_fabs.o)
                              /usr/lib/gcc/arm-elf/3.4.4/../../../../arm-elf/lib/thumb/interwork/libm.a(s_atan.o) (fabs)
/usr/lib/gcc/arm-elf/3.4.4/../../../../arm-elf/lib/thumb/interwork/libm.a(s_sin.o)
                              /home/excelobs/paparazzi/var/KMUAV/ap/./latlong.o (sin)
/usr/lib/gcc/arm-elf/3.4.4/../../../../arm-elf/lib/thumb/interwork/libm.a(s_tan.o)
                              /home/excelobs/paparazzi/var/KMUAV/ap/./latlong.o (tan)
/usr/lib/gcc/arm-elf/3.4.4/../../../../arm-elf/lib/thumb/interwork/libm.a(sf_cos.o)
                              /home/excelobs/paparazzi/var/KMUAV/ap/./estimator.o (cosf)
/usr/lib/gcc/arm-elf/3.4.4/../../../../arm-elf/lib/thumb/interwork/libm.a(sf_sin.o)
                              /home/excelobs/paparazzi/var/KMUAV/ap/./estimator.o (sinf)
/usr/lib/gcc/arm-elf/3.4.4/../../../../arm-elf/lib/thumb/interwork/libm.a(w_asin.o)
                              /home/excelobs/paparazzi/var/KMUAV/ap/./latlong.o (asin)
/usr/lib/gcc/arm-elf/3.4.4/../../../../arm-elf/lib/thumb/interwork/libm.a(w_atan2.o)
                              /home/excelobs/paparazzi/var/KMUAV/ap/./estimator.o (atan2)
/usr/lib/gcc/arm-elf/3.4.4/../../../../arm-elf/lib/thumb/interwork/libm.a(w_cosh.o)
                              /home/excelobs/paparazzi/var/KMUAV/ap/./latlong.o (cosh)
/usr/lib/gcc/arm-elf/3.4.4/../../../../arm-elf/lib/thumb/interwork/libm.a(w_exp.o)
                              /home/excelobs/paparazzi/var/KMUAV/ap/./latlong.o (exp)
/usr/lib/gcc/arm-elf/3.4.4/../../../../arm-elf/lib/thumb/interwork/libm.a(w_log.o)
                              /home/excelobs/paparazzi/var/KMUAV/ap/./latlong.o (log)
/usr/lib/gcc/arm-elf/3.4.4/../../../../arm-elf/lib/thumb/interwork/libm.a(w_pow.o)
                              /home/excelobs/paparazzi/var/KMUAV/ap/subsystems/electrical.o (pow)
/usr/lib/gcc/arm-elf/3.4.4/../../../../arm-elf/lib/thumb/interwork/libm.a(w_sinh.o)
                              /home/excelobs/paparazzi/var/KMUAV/ap/./latlong.o (sinh)
/usr/lib/gcc/arm-elf/3.4.4/../../../../arm-elf/lib/thumb/interwork/libm.a(w_sqrt.o)
                              /home/excelobs/paparazzi/var/KMUAV/ap/subsystems/nav.o (sqrt)
/usr/lib/gcc/arm-elf/3.4.4/../../../../arm-elf/lib/thumb/interwork/libm.a(wf_atan2.o)
                              /home/excelobs/paparazzi/var/KMUAV/ap/./estimator.o (atan2f)
/usr/lib/gcc/arm-elf/3.4.4/../../../../arm-elf/lib/thumb/interwork/libm.a(e_asin.o)
                              /usr/lib/gcc/arm-elf/3.4.4/../../../../arm-elf/lib/thumb/interwork/libm.a(w_asin.o) (__ieee754_asin)
/usr/lib/gcc/arm-elf/3.4.4/../../../../arm-elf/lib/thumb/interwork/libm.a(e_atan2.o)
                              /usr/lib/gcc/arm-elf/3.4.4/../../../../arm-elf/lib/thumb/interwork/libm.a(w_atan2.o) (__ieee754_atan2)
/usr/lib/gcc/arm-elf/3.4.4/../../../../arm-elf/lib/thumb/interwork/libm.a(e_cosh.o)
                              /usr/lib/gcc/arm-elf/3.4.4/../../../../arm-elf/lib/thumb/interwork/libm.a(w_cosh.o) (__ieee754_cosh)
/usr/lib/gcc/arm-elf/3.4.4/../../../../arm-elf/lib/thumb/interwork/libm.a(e_exp.o)
                              /usr/lib/gcc/arm-elf/3.4.4/../../../../arm-elf/lib/thumb/interwork/libm.a(w_exp.o) (__ieee754_exp)
/usr/lib/gcc/arm-elf/3.4.4/../../../../arm-elf/lib/thumb/interwork/libm.a(e_log.o)
                              /usr/lib/gcc/arm-elf/3.4.4/../../../../arm-elf/lib/thumb/interwork/libm.a(w_log.o) (__ieee754_log)
/usr/lib/gcc/arm-elf/3.4.4/../../../../arm-elf/lib/thumb/interwork/libm.a(e_pow.o)
                              /usr/lib/gcc/arm-elf/3.4.4/../../../../arm-elf/lib/thumb/interwork/libm.a(w_pow.o) (__ieee754_pow)
/usr/lib/gcc/arm-elf/3.4.4/../../../../arm-elf/lib/thumb/interwork/libm.a(e_rem_pio2.o)
                              /usr/lib/gcc/arm-elf/3.4.4/../../../../arm-elf/lib/thumb/interwork/libm.a(s_cos.o) (__ieee754_rem_pio2)
/usr/lib/gcc/arm-elf/3.4.4/../../../../arm-elf/lib/thumb/interwork/libm.a(e_sinh.o)
                              /usr/lib/gcc/arm-elf/3.4.4/../../../../arm-elf/lib/thumb/interwork/libm.a(w_sinh.o) (__ieee754_sinh)
/usr/lib/gcc/arm-elf/3.4.4/../../../../arm-elf/lib/thumb/interwork/libm.a(e_sqrt.o)
                              /usr/lib/gcc/arm-elf/3.4.4/../../../../arm-elf/lib/thumb/interwork/libm.a(w_sqrt.o) (__ieee754_sqrt)
/usr/lib/gcc/arm-elf/3.4.4/../../../../arm-elf/lib/thumb/interwork/libm.a(ef_atan2.o)
                              /usr/lib/gcc/arm-elf/3.4.4/../../../../arm-elf/lib/thumb/interwork/libm.a(wf_atan2.o) (__ieee754_atan2f)
[...]
Memory Configuration

Name             Origin             Length             Attributes
ROM              0x00004000         0x00078000         xr
RAM              0x40000000         0x00007fe0         rw
*default*        0x00000000         0xffffffff

Linker script and memory map

LOAD /home/excelobs/paparazzi/var/KMUAV/ap/crt0.o
LOAD /home/excelobs/paparazzi/var/KMUAV/ap/mcu.o
LOAD /home/excelobs/paparazzi/var/KMUAV/ap/arch/lpc21/mcu_arch.o
LOAD /home/excelobs/paparazzi/var/KMUAV/ap/sys_time.o
LOAD /home/excelobs/paparazzi/var/KMUAV/ap/./inter_mcu.o
LOAD /home/excelobs/paparazzi/var/KMUAV/ap/firmwares/fixedwing/main_fbw.o
LOAD /home/excelobs/paparazzi/var/KMUAV/ap/subsystems/electrical.o
LOAD /home/excelobs/paparazzi/var/KMUAV/ap/./commands.o
LOAD /home/excelobs/paparazzi/var/KMUAV/ap/firmwares/fixedwing/main_ap.o
LOAD /home/excelobs/paparazzi/var/KMUAV/ap/./estimator.o
LOAD /home/excelobs/paparazzi/var/KMUAV/ap/arch/lpc21/armVIC.o
LOAD /home/excelobs/paparazzi/var/KMUAV/ap/firmwares/fixedwing/main.o
LOAD /home/excelobs/paparazzi/var/KMUAV/ap/arch/lpc21/sys_time_hw.o
LOAD /home/excelobs/paparazzi/var/KMUAV/ap/arch/lpc21/mcu_periph/uart_arch.o
LOAD /home/excelobs/paparazzi/var/KMUAV/ap/subsystems/settings.o
LOAD /home/excelobs/paparazzi/var/KMUAV/ap/arch/lpc21/subsystems/settings_arch.o
LOAD /home/excelobs/paparazzi/var/KMUAV/ap/arch/lpc21/mcu_periph/adc_arch.o
LOAD /home/excelobs/paparazzi/var/KMUAV/ap/arch/lpc21/servos_4017_hw.o
LOAD /home/excelobs/paparazzi/var/KMUAV/ap/actuators.o
LOAD /home/excelobs/paparazzi/var/KMUAV/ap/subsystems/radio_control.o
LOAD /home/excelobs/paparazzi/var/KMUAV/ap/subsystems/radio_control/ppm.o
LOAD /home/excelobs/paparazzi/var/KMUAV/ap/arch/lpc21/subsystems/radio_control/ppm_arch.o
LOAD /home/excelobs/paparazzi/var/KMUAV/ap/./downlink.o
LOAD /home/excelobs/paparazzi/var/KMUAV/ap/firmwares/fixedwing/datalink.o
LOAD /home/excelobs/paparazzi/var/KMUAV/ap/./pprz_transport.o
LOAD /home/excelobs/paparazzi/var/KMUAV/ap/firmwares/fixedwing/stabilization/stabilization_attitude.o
LOAD /home/excelobs/paparazzi/var/KMUAV/ap/firmwares/fixedwing/guidance/guidance_v.o
LOAD /home/excelobs/paparazzi/var/KMUAV/ap/./gyro.o
LOAD /home/excelobs/paparazzi/var/KMUAV/ap/subsystems/sensors/infrared.o
LOAD /home/excelobs/paparazzi/var/KMUAV/ap/subsystems/sensors/infrared_adc.o
LOAD /home/excelobs/paparazzi/var/KMUAV/ap/./gps_ubx.o
LOAD /home/excelobs/paparazzi/var/KMUAV/ap/./gps.o
LOAD /home/excelobs/paparazzi/var/KMUAV/ap/./latlong.o
LOAD /home/excelobs/paparazzi/var/KMUAV/ap/subsystems/nav.o
LOAD /home/excelobs/paparazzi/var/KMUAV/ap/subsystems/navigation/traffic_info.o
LOAD /home/excelobs/paparazzi/var/KMUAV/ap/subsystems/navigation/nav_survey_rectangle.o
LOAD /home/excelobs/paparazzi/var/KMUAV/ap/subsystems/navigation/nav_line.o
LOAD /usr/lib/gcc/arm-elf/3.4.4/../../../../arm-elf/lib/thumb/interwork/libc.a
LOAD /usr/lib/gcc/arm-elf/3.4.4/../../../../arm-elf/lib/thumb/interwork/libm.a
LOAD /usr/lib/gcc/arm-elf/3.4.4/../../../../arm-elf/lib/thumb/interwork/libc.a
LOAD /usr/lib/gcc/arm-elf/3.4.4/thumb/interwork/libgcc.a
LOAD /usr/lib/gcc/arm-elf/3.4.4/thumb/interwork/libgcc.a
LOAD /usr/lib/gcc/arm-elf/3.4.4/../../../../arm-elf/lib/thumb/interwork/libc.a
LOAD /usr/lib/gcc/arm-elf/3.4.4/thumb/interwork/libgcc.a
                0x00001000                STACK_SIZE = 0x1000

.text           0x00004000    0x1a436
 *(.init)
 .init          0x00004000      0x13c /home/excelobs/paparazzi/var/KMUAV/ap/crt0.o
                0x00004114                reset
                0x00004000                _boot
                0x00004050                _mainCRTStartup
                0x00004114                abort
                0x00004050                _start
                0x00004114                _reset
                0x00004114                exit
                0x00004050                start
 *(.text .text.*)
 .text.mcu_init
                0x0000413c       0x90 /home/excelobs/paparazzi/var/KMUAV/ap/mcu.o
                0x0000413c                mcu_init
 .text.mcu_arch_init
                0x000041cc       0x94 /home/excelobs/paparazzi/var/KMUAV/ap/arch/lpc21/mcu_arch.o
                0x000041cc                mcu_arch_init
 .text.init_fbw
                0x00004260      0x134 /home/excelobs/paparazzi/var/KMUAV/ap/firmwares/fixedwing/main_fbw.o
                0x00004260                init_fbw
 .text.event_task_fbw
                0x00004394      0x7c8 /home/excelobs/paparazzi/var/KMUAV/ap/firmwares/fixedwing/main_fbw.o
                0x00004394                event_task_fbw
 .text.periodic_task_fbw
                0x00004b5c      0xd1c /home/excelobs/paparazzi/var/KMUAV/ap/firmwares/fixedwing/main_fbw.o
                0x00004b5c                periodic_task_fbw
 .text.electrical_init
                0x00005878       0x4c /home/excelobs/paparazzi/var/KMUAV/ap/subsystems/electrical.o
                0x00005878                electrical_init
 .text.electrical_periodic
                0x000058c4      0x184 /home/excelobs/paparazzi/var/KMUAV/ap/subsystems/electrical.o
                0x000058c4                electrical_periodic
 .text.navigation_task
                0x00005a48      0x9f8 /home/excelobs/paparazzi/var/KMUAV/ap/firmwares/fixedwing/main_ap.o
 .text.periodic_task_ap
                0x00006440     0x7898 /home/excelobs/paparazzi/var/KMUAV/ap/firmwares/fixedwing/main_ap.o
                0x00006440                periodic_task_ap
 .text.init_ap  0x0000dcd8       0x78 /home/excelobs/paparazzi/var/KMUAV/ap/firmwares/fixedwing/main_ap.o
                0x0000dcd8                init_ap
 .text.event_task_ap
                0x0000dd50      0x77c /home/excelobs/paparazzi/var/KMUAV/ap/firmwares/fixedwing/main_ap.o
                0x0000dd50                event_task_ap
 .text.alt_kalman
                0x0000e4cc      0x240 /home/excelobs/paparazzi/var/KMUAV/ap/./estimator.o
                0x0000e4cc                alt_kalman
 .text.estimator_init
                0x0000e70c       0xe4 /home/excelobs/paparazzi/var/KMUAV/ap/./estimator.o
                0x0000e70c                estimator_init
 .text.estimator_propagate_state
                0x0000e7f0        0x4 /home/excelobs/paparazzi/var/KMUAV/ap/./estimator.o
                0x0000e7f0                estimator_propagate_state
 .text.alt_kalman_reset
                0x0000e7f4       0x24 /home/excelobs/paparazzi/var/KMUAV/ap/./estimator.o
                0x0000e7f4                alt_kalman_reset
 .text.alt_kalman_init
                0x0000e818       0x14 /home/excelobs/paparazzi/var/KMUAV/ap/./estimator.o
                0x0000e818                alt_kalman_init
 .text.estimator_update_state_gps
                0x0000e82c      0x240 /home/excelobs/paparazzi/var/KMUAV/ap/./estimator.o
                0x0000e82c                estimator_update_state_gps
 .text.estimator_update_state_infrared
                0x0000ea6c      0x1ec /home/excelobs/paparazzi/var/KMUAV/ap/./estimator.o
                0x0000ea6c                estimator_update_state_infrared
 .text.disableIRQ
                0x0000ec58       0x10 /home/excelobs/paparazzi/var/KMUAV/ap/arch/lpc21/armVIC.o
                0x0000ec58                disableIRQ
 .text.restoreIRQ
                0x0000ec68       0x1c /home/excelobs/paparazzi/var/KMUAV/ap/arch/lpc21/armVIC.o
                0x0000ec68                restoreIRQ
 .text.enableIRQ
                0x0000ec84       0x10 /home/excelobs/paparazzi/var/KMUAV/ap/arch/lpc21/armVIC.o
                0x0000ec84                enableIRQ
 .text.main     0x0000ec94       0xe8 /home/excelobs/paparazzi/var/KMUAV/ap/firmwares/fixedwing/main.o
                0x0000ec94                main
 .text.TIMER0_ISR
                0x0000ed7c      0x1c0 /home/excelobs/paparazzi/var/KMUAV/ap/arch/lpc21/sys_time_hw.o
                0x0000ed7c                TIMER0_ISR
 .text.uart0_init_param
                0x0000ef3c       0xe0 /home/excelobs/paparazzi/var/KMUAV/ap/arch/lpc21/mcu_periph/uart_arch.o
                0x0000ef3c                uart0_init_param
 .text.uart0_init
                0x0000f01c       0x10 /home/excelobs/paparazzi/var/KMUAV/ap/arch/lpc21/mcu_periph/uart_arch.o
                0x0000f01c                uart0_init
 .text.uart0_transmit
                0x0000f02c       0xa4 /home/excelobs/paparazzi/var/KMUAV/ap/arch/lpc21/mcu_periph/uart_arch.o
                0x0000f02c                uart0_transmit
 .text.uart0_ISR
                0x0000f0d0      0x168 /home/excelobs/paparazzi/var/KMUAV/ap/arch/lpc21/mcu_periph/uart_arch.o
                0x0000f0d0                uart0_ISR
 .text.uart1_init_param
                0x0000f238       0xe0 /home/excelobs/paparazzi/var/KMUAV/ap/arch/lpc21/mcu_periph/uart_arch.o
                0x0000f238                uart1_init_param
 .text.uart1_init
                0x0000f318       0x10 /home/excelobs/paparazzi/var/KMUAV/ap/arch/lpc21/mcu_periph/uart_arch.o
                0x0000f318                uart1_init
 .text.uart1_check_free_space
                0x0000f328       0x50 /home/excelobs/paparazzi/var/KMUAV/ap/arch/lpc21/mcu_periph/uart_arch.o
                0x0000f328                uart1_check_free_space
 .text.uart1_transmit
                0x0000f378       0xa4 /home/excelobs/paparazzi/var/KMUAV/ap/arch/lpc21/mcu_periph/uart_arch.o
                0x0000f378                uart1_transmit
 .text.uart1_ISR
                0x0000f41c      0x178 /home/excelobs/paparazzi/var/KMUAV/ap/arch/lpc21/mcu_periph/uart_arch.o
                0x0000f41c                uart1_ISR
 .text.settings_init
                0x0000f594        0x4 /home/excelobs/paparazzi/var/KMUAV/ap/subsystems/settings.o
                0x0000f594                settings_init
 .text.adc_buf_channel
                0x0000f598       0x18 /home/excelobs/paparazzi/var/KMUAV/ap/arch/lpc21/mcu_periph/adc_arch.o
                0x0000f598                adc_buf_channel
 .text.adc_init
                0x0000f5b0       0xac /home/excelobs/paparazzi/var/KMUAV/ap/arch/lpc21/mcu_periph/adc_arch.o
                0x0000f5b0                adc_init
 .text.adcISR0  0x0000f65c       0xa4 /home/excelobs/paparazzi/var/KMUAV/ap/arch/lpc21/mcu_periph/adc_arch.o
                0x0000f65c                adcISR0
 .text.adcISR1  0x0000f700       0xa8 /home/excelobs/paparazzi/var/KMUAV/ap/arch/lpc21/mcu_periph/adc_arch.o
                0x0000f700                adcISR1
 .text.actuators_init
                0x0000f7a8       0xc8 /home/excelobs/paparazzi/var/KMUAV/ap/arch/lpc21/servos_4017_hw.o
                0x0000f7a8                actuators_init
 .text.radio_control_impl_init
                0x0000f870       0x28 /home/excelobs/paparazzi/var/KMUAV/ap/subsystems/radio_control/ppm.o
                0x0000f870                radio_control_impl_init
 .text.ppm_arch_init
                0x0000f898       0x60 /home/excelobs/paparazzi/var/KMUAV/ap/arch/lpc21/subsystems/radio_control/ppm_arch.o
                0x0000f898                ppm_arch_init
 .text.dl_parse_msg
                0x0000f8f8     0x10c8 /home/excelobs/paparazzi/var/KMUAV/ap/firmwares/fixedwing/datalink.o
                0x0000f8f8                dl_parse_msg
 .text.h_ctl_init
                0x000109c0      0x130 /home/excelobs/paparazzi/var/KMUAV/ap/firmwares/fixedwing/stabilization/stabilization_attitude.o
                0x000109c0                h_ctl_init
 .text.h_ctl_course_loop
                0x00010af0      0x48c /home/excelobs/paparazzi/var/KMUAV/ap/firmwares/fixedwing/stabilization/stabilization_attitude.o
                0x00010af0                h_ctl_course_loop
 .text.h_ctl_attitude_loop
                0x00010f7c      0x3ec /home/excelobs/paparazzi/var/KMUAV/ap/firmwares/fixedwing/stabilization/stabilization_attitude.o
                0x00010f7c                h_ctl_attitude_loop
 .text.v_ctl_init
                0x00011368      0x114 /home/excelobs/paparazzi/var/KMUAV/ap/firmwares/fixedwing/guidance/guidance_v.o
                0x00011368                v_ctl_init
 .text.v_ctl_altitude_loop
                0x0001147c      0x108 /home/excelobs/paparazzi/var/KMUAV/ap/firmwares/fixedwing/guidance/guidance_v.o
                0x0001147c                v_ctl_altitude_loop
 .text.v_ctl_climb_loop
                0x00011584      0x3fc /home/excelobs/paparazzi/var/KMUAV/ap/firmwares/fixedwing/guidance/guidance_v.o
                0x00011584                v_ctl_climb_loop
 .text.v_ctl_throttle_slew
                0x00011980       0xa0 /home/excelobs/paparazzi/var/KMUAV/ap/firmwares/fixedwing/guidance/guidance_v.o
                0x00011980                v_ctl_throttle_slew
 .text.gyro_init
                0x00011a20       0x28 /home/excelobs/paparazzi/var/KMUAV/ap/./gyro.o
                0x00011a20                gyro_init
 .text.gyro_update
                0x00011a48       0xc4 /home/excelobs/paparazzi/var/KMUAV/ap/./gyro.o
                0x00011a48                gyro_update
 .text.infrared_struct_init
                0x00011b0c       0x48 /home/excelobs/paparazzi/var/KMUAV/ap/subsystems/sensors/infrared.o
                0x00011b0c                infrared_struct_init
 .text.infrared_event
                0x00011b54        0x4 /home/excelobs/paparazzi/var/KMUAV/ap/subsystems/sensors/infrared_adc.o
                0x00011b54                infrared_event
 .text.infrared_adc_init
                0x00011b58       0x54 /home/excelobs/paparazzi/var/KMUAV/ap/subsystems/sensors/infrared_adc.o
                0x00011b58                infrared_adc_init
 .text.infrared_init
                0x00011bac        0x4 /home/excelobs/paparazzi/var/KMUAV/ap/subsystems/sensors/infrared_adc.o
                0x00011bac                infrared_init
 .text.infrared_adc_update
                0x00011bb0       0xf8 /home/excelobs/paparazzi/var/KMUAV/ap/subsystems/sensors/infrared_adc.o
                0x00011bb0                infrared_adc_update
 .text.infrared_update
                0x00011ca8        0x4 /home/excelobs/paparazzi/var/KMUAV/ap/subsystems/sensors/infrared_adc.o
                0x00011ca8                infrared_update
 .text.gps_init
                0x00011cac       0x14 /home/excelobs/paparazzi/var/KMUAV/ap/./gps_ubx.o
                0x00011cac                gps_init
 .text.ubxsend_cfg_rst
                0x00011cc0      0x188 /home/excelobs/paparazzi/var/KMUAV/ap/./gps_ubx.o
                0x00011cc0                ubxsend_cfg_rst
 .text.parse_gps_msg
                0x00011e48      0x4a0 /home/excelobs/paparazzi/var/KMUAV/ap/./gps_ubx.o
                0x00011e48                parse_gps_msg
 .text.parse_ubx
                0x000122e8      0x1cc /home/excelobs/paparazzi/var/KMUAV/ap/./gps_ubx.o
                0x000122e8                parse_ubx
 .text.gps_send
                0x000124b4      0x9fc /home/excelobs/paparazzi/var/KMUAV/ap/./gps.o
                0x000124b4                gps_send
 .text.gps_downlink
                0x00012eb0        0x4 /home/excelobs/paparazzi/var/KMUAV/ap/./gps.o
                0x00012eb0                gps_downlink
 .text.latlong_utm_of
                0x00012eb4      0x420 /home/excelobs/paparazzi/var/KMUAV/ap/./latlong.o
                0x00012eb4                latlong_utm_of
 .text.nav_init_stage
                0x000132d4       0x8c /home/excelobs/paparazzi/var/KMUAV/ap/subsystems/nav.o
                0x000132d4                nav_init_stage
 .text.fly_to_xy
                0x00013360      0x2f0 /home/excelobs/paparazzi/var/KMUAV/ap/subsystems/nav.o
                0x00013360                fly_to_xy
 .text.nav_circle_XY
                0x00013650      0x488 /home/excelobs/paparazzi/var/KMUAV/ap/subsystems/nav.o
                0x00013650                nav_circle_XY
 .text.nav_init_block
                0x00013ad8       0x38 /home/excelobs/paparazzi/var/KMUAV/ap/subsystems/nav.o
                0x00013ad8                nav_init_block
 .text.nav_update_waypoints_alt
                0x00013b10       0x68 /home/excelobs/paparazzi/var/KMUAV/ap/subsystems/nav.o
                0x00013b10                nav_update_waypoints_alt
 .text.nav_approaching_xy
                0x00013b78      0x104 /home/excelobs/paparazzi/var/KMUAV/ap/subsystems/nav.o
                0x00013b78                nav_approaching_xy
 .text.nav_route_xy
                0x00013c7c      0x26c /home/excelobs/paparazzi/var/KMUAV/ap/subsystems/nav.o
                0x00013c7c                nav_route_xy
 .text.compute_dist2_to_home
                0x00013ee8       0xa8 /home/excelobs/paparazzi/var/KMUAV/ap/subsystems/nav.o
                0x00013ee8                compute_dist2_to_home
 .text.nav_reset_reference
                0x00013f90      0x140 /home/excelobs/paparazzi/var/KMUAV/ap/subsystems/nav.o
                0x00013f90                nav_reset_reference
 .text.nav_goto_block
                0x000140d0       0x44 /home/excelobs/paparazzi/var/KMUAV/ap/subsystems/nav.o
                0x000140d0                nav_goto_block
 .text.common_nav_periodic_task_4Hz
                0x00014114       0x54 /home/excelobs/paparazzi/var/KMUAV/ap/subsystems/nav.o
                0x00014114                common_nav_periodic_task_4Hz
 .text.nav_move_waypoint
                0x00014168      0x130 /home/excelobs/paparazzi/var/KMUAV/ap/subsystems/nav.o
                0x00014168                nav_move_waypoint
 .text.nav_set_altitude
                0x00014298       0x68 /home/excelobs/paparazzi/var/KMUAV/ap/subsystems/nav.o
 .text.nav_home
                0x00014300       0x90 /home/excelobs/paparazzi/var/KMUAV/ap/subsystems/nav.o
                0x00014300                nav_home
 .text.nav_periodic_task
                0x00014390      0x7f8 /home/excelobs/paparazzi/var/KMUAV/ap/subsystems/nav.o
                0x00014390                nav_periodic_task
 .text.nav_init
                0x00014b88       0x7c /home/excelobs/paparazzi/var/KMUAV/ap/subsystems/nav.o
                0x00014b88                nav_init
 .text.nav_without_gps
                0x00014c04       0x58 /home/excelobs/paparazzi/var/KMUAV/ap/subsystems/nav.o
                0x00014c04                nav_without_gps
 .text.traffic_info_init
                0x00014c5c       0x3c /home/excelobs/paparazzi/var/KMUAV/ap/subsystems/navigation/traffic_info.o
                0x00014c5c                traffic_info_init
 .text.nav_survey_rectangle_init
                0x00014c98      0x5b4 /home/excelobs/paparazzi/var/KMUAV/ap/subsystems/navigation/nav_survey_rectangle.o
                0x00014c98                nav_survey_rectangle_init
 .text.nav_survey_rectangle
                0x0001524c      0xa40 /home/excelobs/paparazzi/var/KMUAV/ap/subsystems/navigation/nav_survey_rectangle.o
                0x0001524c                nav_survey_rectangle
 .text.nav_line_init
                0x00015c8c       0x14 /home/excelobs/paparazzi/var/KMUAV/ap/subsystems/navigation/nav_line.o
                0x00015c8c                nav_line_init
 .text.nav_line
                0x00015ca0      0xfc8 /home/excelobs/paparazzi/var/KMUAV/ap/subsystems/navigation/nav_line.o
                0x00015ca0                nav_line
 .text          0x00016c68      0x358 /usr/lib/gcc/arm-elf/3.4.4/../../../../arm-elf/lib/thumb/interwork/libm.a(s_atan.o)
                0x00016c68                atan
 .text          0x00016fc0       0xb4 /usr/lib/gcc/arm-elf/3.4.4/../../../../arm-elf/lib/thumb/interwork/libm.a(s_cos.o)
                0x00016fc0                cos
 .text          0x00017074       0x20 /usr/lib/gcc/arm-elf/3.4.4/../../../../arm-elf/lib/thumb/interwork/libm.a(s_fabs.o)
                0x00017074                fabs
 .text          0x00017094       0xbc /usr/lib/gcc/arm-elf/3.4.4/../../../../arm-elf/lib/thumb/interwork/libm.a(s_sin.o)
                0x00017094                sin
 .text          0x00017150       0x68 /usr/lib/gcc/arm-elf/3.4.4/../../../../arm-elf/lib/thumb/interwork/libm.a(s_tan.o)
                0x00017150                tan
 .text          0x000171b8       0x88 /usr/lib/gcc/arm-elf/3.4.4/../../../../arm-elf/lib/thumb/interwork/libm.a(sf_cos.o)
                0x000171b8                cosf
 .text          0x00017240       0x8c /usr/lib/gcc/arm-elf/3.4.4/../../../../arm-elf/lib/thumb/interwork/libm.a(sf_sin.o)
                0x00017240                sinf
 .text          0x000172cc       0xb8 /usr/lib/gcc/arm-elf/3.4.4/../../../../arm-elf/lib/thumb/interwork/libm.a(w_asin.o)
                0x000172cc                asin
 .text          0x00017384       0xcc /usr/lib/gcc/arm-elf/3.4.4/../../../../arm-elf/lib/thumb/interwork/libm.a(w_atan2.o)
                0x00017384                atan2
 .text          0x00017450       0xcc /usr/lib/gcc/arm-elf/3.4.4/../../../../arm-elf/lib/thumb/interwork/libm.a(w_cosh.o)
                0x00017450                cosh
 .text          0x0001751c       0xfc /usr/lib/gcc/arm-elf/3.4.4/../../../../arm-elf/lib/thumb/interwork/libm.a(w_exp.o)
                0x0001751c                exp
 .text          0x00017618       0xf0 /usr/lib/gcc/arm-elf/3.4.4/../../../../arm-elf/lib/thumb/interwork/libm.a(w_log.o)
                0x00017618                log
 .text          0x00017708      0x324 /usr/lib/gcc/arm-elf/3.4.4/../../../../arm-elf/lib/thumb/interwork/libm.a(w_pow.o)
                0x00017708                pow
 .text          0x00017a2c      0x118 /usr/lib/gcc/arm-elf/3.4.4/../../../../arm-elf/lib/thumb/interwork/libm.a(w_sinh.o)
                0x00017a2c                sinh
 .text          0x00017b44       0xc8 /usr/lib/gcc/arm-elf/3.4.4/../../../../arm-elf/lib/thumb/interwork/libm.a(w_sqrt.o)
                0x00017b44                sqrt
 .text          0x00017c0c       0xc4 /usr/lib/gcc/arm-elf/3.4.4/../../../../arm-elf/lib/thumb/interwork/libm.a(wf_atan2.o)
                0x00017c0c                atan2f
 .text          0x00017cd0      0x418 /usr/lib/gcc/arm-elf/3.4.4/../../../../arm-elf/lib/thumb/interwork/libm.a(e_asin.o)
                0x00017cd0                __ieee754_asin
 .text          0x000180e8      0x21c /usr/lib/gcc/arm-elf/3.4.4/../../../../arm-elf/lib/thumb/interwork/libm.a(e_atan2.o)
                0x000180e8                __ieee754_atan2
 .text          0x00018304      0x140 /usr/lib/gcc/arm-elf/3.4.4/../../../../arm-elf/lib/thumb/interwork/libm.a(e_cosh.o)
                0x00018304                __ieee754_cosh
 .text          0x00018444      0x32c /usr/lib/gcc/arm-elf/3.4.4/../../../../arm-elf/lib/thumb/interwork/libm.a(e_exp.o)
                0x00018444                __ieee754_exp
 .text          0x00018770      0x44c /usr/lib/gcc/arm-elf/3.4.4/../../../../arm-elf/lib/thumb/interwork/libm.a(e_log.o)
                0x00018770                __ieee754_log
 .text          0x00018bbc      0xb9c /usr/lib/gcc/arm-elf/3.4.4/../../../../arm-elf/lib/thumb/interwork/libm.a(e_pow.o)
                0x00018bbc                __ieee754_pow
 .text          0x00019758      0x4a0 /usr/lib/gcc/arm-elf/3.4.4/../../../../arm-elf/lib/thumb/interwork/libm.a(e_rem_pio2.o)
                0x00019758                __ieee754_rem_pio2
 .text          0x00019bf8      0x18c /usr/lib/gcc/arm-elf/3.4.4/../../../../arm-elf/lib/thumb/interwork/libm.a(e_sinh.o)
                0x00019bf8                __ieee754_sinh
 .text          0x00019d84      0x1e4 /usr/lib/gcc/arm-elf/3.4.4/../../../../arm-elf/lib/thumb/interwork/libm.a(e_sqrt.o)
                0x00019d84                __ieee754_sqrt
 .text          0x00019f68      0x180 /usr/lib/gcc/arm-elf/3.4.4/../../../../arm-elf/lib/thumb/interwork/libm.a(ef_atan2.o)
                0x00019f68                __ieee754_atan2f
 .text          0x0001a0e8      0x2f8 /usr/lib/gcc/arm-elf/3.4.4/../../../../arm-elf/lib/thumb/interwork/libm.a(ef_rem_pio2.o)
                0x0001a0e8                __ieee754_rem_pio2f
 .text          0x0001a3e0      0x1e8 /usr/lib/gcc/arm-elf/3.4.4/../../../../arm-elf/lib/thumb/interwork/libm.a(k_cos.o)
                0x0001a3e0                __kernel_cos
 .text          0x0001a5c8      0x7ec /usr/lib/gcc/arm-elf/3.4.4/../../../../arm-elf/lib/thumb/interwork/libm.a(k_rem_pio2.o)
                0x0001a5c8                __kernel_rem_pio2
 .text          0x0001adb4      0x15c /usr/lib/gcc/arm-elf/3.4.4/../../../../arm-elf/lib/thumb/interwork/libm.a(k_sin.o)
                0x0001adb4                __kernel_sin
 .text          0x0001af10      0x3e4 /usr/lib/gcc/arm-elf/3.4.4/../../../../arm-elf/lib/thumb/interwork/libm.a(k_tan.o)
                0x0001af10                __kernel_tan
 .text          0x0001b2f4      0x140 /usr/lib/gcc/arm-elf/3.4.4/../../../../arm-elf/lib/thumb/interwork/libm.a(kf_cos.o)
                0x0001b2f4                __kernel_cosf
 .text          0x0001b434      0x654 /usr/lib/gcc/arm-elf/3.4.4/../../../../arm-elf/lib/thumb/interwork/libm.a(kf_rem_pio2.o)
                0x0001b434                __kernel_rem_pio2f
 .text          0x0001ba88       0xfc /usr/lib/gcc/arm-elf/3.4.4/../../../../arm-elf/lib/thumb/interwork/libm.a(kf_sin.o)
                0x0001ba88                __kernel_sinf
 .text          0x0001bb84      0x4bc /usr/lib/gcc/arm-elf/3.4.4/../../../../arm-elf/lib/thumb/interwork/libm.a(s_expm1.o)
                0x0001bb84                expm1
 .text          0x0001c040       0x14 /usr/lib/gcc/arm-elf/3.4.4/../../../../arm-elf/lib/thumb/interwork/libm.a(s_finite.o)
                0x0001c040                finite
 .text          0x0001c054      0x144 /usr/lib/gcc/arm-elf/3.4.4/../../../../arm-elf/lib/thumb/interwork/libm.a(s_floor.o)
                0x0001c054                floor
 .text          0x0001c198       0x28 /usr/lib/gcc/arm-elf/3.4.4/../../../../arm-elf/lib/thumb/interwork/libm.a(s_isnan.o)
                0x0001c198                isnan
 .text          0x0001c1c0        0x4 /usr/lib/gcc/arm-elf/3.4.4/../../../../arm-elf/lib/thumb/interwork/libm.a(s_matherr.o)
                0x0001c1c0                matherr
 .text          0x0001c1c4      0x168 /usr/lib/gcc/arm-elf/3.4.4/../../../../arm-elf/lib/thumb/interwork/libm.a(s_rint.o)
                0x0001c1c4                rint
 .text          0x0001c32c      0x120 /usr/lib/gcc/arm-elf/3.4.4/../../../../arm-elf/lib/thumb/interwork/libm.a(s_scalbn.o)
                0x0001c32c                scalbn
 .text          0x0001c44c      0x238 /usr/lib/gcc/arm-elf/3.4.4/../../../../arm-elf/lib/thumb/interwork/libm.a(sf_atan.o)
                0x0001c44c                atanf
 .text          0x0001c684        0xc /usr/lib/gcc/arm-elf/3.4.4/../../../../arm-elf/lib/thumb/interwork/libm.a(sf_fabs.o)
                0x0001c684                fabsf
 .text          0x0001c690       0x98 /usr/lib/gcc/arm-elf/3.4.4/../../../../arm-elf/lib/thumb/interwork/libm.a(sf_floor.o)
                0x0001c690                floorf
 .text          0x0001c728       0x1c /usr/lib/gcc/arm-elf/3.4.4/../../../../arm-elf/lib/thumb/interwork/libm.a(sf_isnan.o)
                0x0001c728                isnanf
 .text          0x0001c744       0xd0 /usr/lib/gcc/arm-elf/3.4.4/../../../../arm-elf/lib/thumb/interwork/libm.a(sf_scalbn.o)
                0x0001c744                scalbnf
 .text          0x0001c814       0x1c /usr/lib/gcc/arm-elf/3.4.4/../../../../arm-elf/lib/thumb/interwork/libm.a(s_copysign.o)
                0x0001c814                copysign
 .text          0x0001c830       0x14 /usr/lib/gcc/arm-elf/3.4.4/../../../../arm-elf/lib/thumb/interwork/libm.a(sf_copysign.o)
                0x0001c830                copysignf
 .text          0x0001c844        0xc /usr/lib/gcc/arm-elf/3.4.4/../../../../arm-elf/lib/thumb/interwork/libc.a(errno.o)
                0x0001c844                __errno
 .text          0x0001c850       0x7c /usr/lib/gcc/arm-elf/3.4.4/thumb/interwork/libgcc.a(_udivsi3.o)
                0x0001c850                __udivsi3
 .text          0x0001c8cc       0x94 /usr/lib/gcc/arm-elf/3.4.4/thumb/interwork/libgcc.a(_divsi3.o)
                0x0001c8cc                __divsi3
 .text          0x0001c960        0x4 /usr/lib/gcc/arm-elf/3.4.4/thumb/interwork/libgcc.a(_dvmd_tls.o)
                0x0001c960                __div0
 .text          0x0001c964      0x3a8 /usr/lib/gcc/arm-elf/3.4.4/thumb/interwork/libgcc.a(_addsubdf3.o)
                0x0001cc94                __floatsidf
                0x0001ccc0                __extendsfdf2
                0x0001c968                __adddf3
                0x0001cc6c                __floatunsidf
                0x0001c964                __subdf3
 .text          0x0001cd0c      0x4ec /usr/lib/gcc/arm-elf/3.4.4/thumb/interwork/libgcc.a(_muldivdf3.o)
                0x0001cf84                __divdf3
                0x0001cd0c                __muldf3
 .text          0x0001d1f8       0xb4 /usr/lib/gcc/arm-elf/3.4.4/thumb/interwork/libgcc.a(_cmpdf2.o)
                0x0001d208                __cmpdf2
                0x0001d208                __eqdf2
                0x0001d1f8                __gtdf2
                0x0001d200                __ltdf2
                0x0001d200                __ledf2
                0x0001d208                __nedf2
                0x0001d1f8                __gedf2
 .text          0x0001d2ac       0x80 /usr/lib/gcc/arm-elf/3.4.4/thumb/interwork/libgcc.a(_fixdfsi.o)
                0x0001d2ac                __fixdfsi
 .text          0x0001d32c       0x74 /usr/lib/gcc/arm-elf/3.4.4/thumb/interwork/libgcc.a(_fixunsdfsi.o)
                0x0001d32c                __fixunsdfsi
 .text          0x0001d3a0       0xf8 /usr/lib/gcc/arm-elf/3.4.4/thumb/interwork/libgcc.a(_truncdfsf2.o)
                0x0001d3a0                __truncdfsf2
 .text          0x0001d498      0x218 /usr/lib/gcc/arm-elf/3.4.4/thumb/interwork/libgcc.a(_addsubsf3.o)
                0x0001d498                __subsf3
                0x0001d664                __floatsisf
                0x0001d65c                __floatunsisf
                0x0001d49c                __addsf3
 .text          0x0001d6b0      0x330 /usr/lib/gcc/arm-elf/3.4.4/thumb/interwork/libgcc.a(_muldivsf3.o)
                0x0001d840                __divsf3
                0x0001d6b0                __mulsf3
 .text          0x0001d9e0       0x9c /usr/lib/gcc/arm-elf/3.4.4/thumb/interwork/libgcc.a(_cmpsf2.o)
                0x0001d9e8                __lesf2
                0x0001d9f0                __nesf2
                0x0001d9e0                __gtsf2
                0x0001d9f0                __eqsf2
                0x0001d9f0                __cmpsf2
                0x0001d9e8                __ltsf2
                0x0001d9e0                __gesf2
 .text          0x0001da7c       0x68 /usr/lib/gcc/arm-elf/3.4.4/thumb/interwork/libgcc.a(_fixsfsi.o)
                0x0001da7c                __fixsfsi
 .text          0x0001dae4       0x5c /usr/lib/gcc/arm-elf/3.4.4/thumb/interwork/libgcc.a(_fixunssfsi.o)
                0x0001dae4                __fixunssfsi
 *(.gnu.linkonce.t.*)
 *(.glue_7)
 .glue_7        0x0001db40       0xcc /usr/lib/gcc/arm-elf/3.4.4/../../../../arm-elf/lib/thumb/interwork/libc.a(impure.o)
                0x0001dba0                __log_from_arm
                0x0001db94                __tan_from_arm
                0x0001db88                __atan2_from_arm
                0x0001dbb8                __cosh_from_arm
                0x0001dbdc                __cos_from_arm
                0x0001dbf4                __exp_from_arm
                0x0001db64                __cosf_from_arm
                0x0001dbe8                __atan_from_arm
                0x0001db4c                ____udivsi3_from_arm
                0x0001db40                ____divsi3_from_arm
                0x0001dbac                __sin_from_arm
                0x0001db70                __sinf_from_arm
                0x0001dbd0                __sinh_from_arm
                0x0001dc00                __sqrt_from_arm
                0x0001db58                __pow_from_arm
                0x0001db7c                __atan2f_from_arm
                0x0001dbc4                __asin_from_arm
 *(.glue_7t)
 .glue_7t       0x0001dc0c       0xb0 /usr/lib/gcc/arm-elf/3.4.4/../../../../arm-elf/lib/thumb/interwork/libc.a(impure.o)
                0x0001dc24                ____gtdf2_from_thumb
                0x0001dc8c                ____divsf3_from_thumb
                0x0001dcb0                ____gesf2_change_to_arm
                0x0001dc1c                ____subdf3_from_thumb
                0x0001dc48                ____ltdf2_change_to_arm
                0x0001dca0                ____fixsfsi_change_to_arm
                0x0001dc58                ____eqsf2_change_to_arm
                0x0001dc88                ____addsf3_change_to_arm
                0x0001dc20                ____subdf3_change_to_arm
                0x0001dc9c                ____fixsfsi_from_thumb
                0x0001dca4                ____floatsisf_from_thumb
                0x0001dc5c                ____extendsfdf2_from_thumb
                0x0001dc80                ____gedf2_change_to_arm
                0x0001dc3c                ____eqdf2_from_thumb
                0x0001dcac                ____gesf2_from_thumb
                0x0001dc6c                ____fixdfsi_from_thumb
                0x0001dc30                ____divdf3_change_to_arm
                0x0001dc7c                ____gedf2_from_thumb
                0x0001dc64                ____truncdfsf2_from_thumb
                0x0001dc18                ____muldf3_change_to_arm
                0x0001dc90                ____divsf3_change_to_arm
                0x0001dc70                ____fixdfsi_change_to_arm
                0x0001dc2c                ____divdf3_from_thumb
                0x0001dcb4                ____gtsf2_from_thumb
                0x0001dc98                ____mulsf3_change_to_arm
                0x0001dc10                ____adddf3_change_to_arm
                0x0001dc28                ____gtdf2_change_to_arm
                0x0001dc68                ____truncdfsf2_change_to_arm
                0x0001dc60                ____extendsfdf2_change_to_arm
                0x0001dc74                ____floatsidf_from_thumb
                0x0001dc44                ____ltdf2_from_thumb
                0x0001dca8                ____floatsisf_change_to_arm
                0x0001dc50                ____nedf2_change_to_arm
                0x0001dc34                ____subsf3_from_thumb
                0x0001dc0c                ____adddf3_from_thumb
                0x0001dcb8                ____gtsf2_change_to_arm
                0x0001dc40                ____eqdf2_change_to_arm
                0x0001dc94                ____mulsf3_from_thumb
                0x0001dc84                ____addsf3_from_thumb
                0x0001dc14                ____muldf3_from_thumb
                0x0001dc54                ____eqsf2_from_thumb
                0x0001dc38                ____subsf3_change_to_arm
                0x0001dc4c                ____nedf2_from_thumb
                0x0001dc78                ____floatsidf_change_to_arm
 *(.gcc_except_table)
 *(.rodata)
 .rodata        0x0001dcbc       0x98 /usr/lib/gcc/arm-elf/3.4.4/../../../../arm-elf/lib/thumb/interwork/libm.a(s_atan.o)
 .rodata        0x0001dd54       0x30 /usr/lib/gcc/arm-elf/3.4.4/../../../../arm-elf/lib/thumb/interwork/libm.a(e_exp.o)
 .rodata        0x0001dd84       0x30 /usr/lib/gcc/arm-elf/3.4.4/../../../../arm-elf/lib/thumb/interwork/libm.a(e_pow.o)
 .rodata        0x0001ddb4      0x188 /usr/lib/gcc/arm-elf/3.4.4/../../../../arm-elf/lib/thumb/interwork/libm.a(e_rem_pio2.o)
 .rodata        0x0001df3c      0x398 /usr/lib/gcc/arm-elf/3.4.4/../../../../arm-elf/lib/thumb/interwork/libm.a(ef_rem_pio2.o)
 .rodata        0x0001e2d4       0x50 /usr/lib/gcc/arm-elf/3.4.4/../../../../arm-elf/lib/thumb/interwork/libm.a(k_rem_pio2.o)
 .rodata        0x0001e324       0x38 /usr/lib/gcc/arm-elf/3.4.4/../../../../arm-elf/lib/thumb/interwork/libm.a(kf_rem_pio2.o)
 .rodata        0x0001e35c        0x8 /usr/lib/gcc/arm-elf/3.4.4/../../../../arm-elf/lib/thumb/interwork/libm.a(s_infconst.o)
                0x0001e35c                __infinity
 .rodata        0x0001e364        0x4 /usr/lib/gcc/arm-elf/3.4.4/../../../../arm-elf/lib/thumb/interwork/libm.a(s_lib_ver.o)
                0x0001e364                __fdlib_version
 .rodata        0x0001e368       0x10 /usr/lib/gcc/arm-elf/3.4.4/../../../../arm-elf/lib/thumb/interwork/libm.a(s_rint.o)
 .rodata        0x0001e378       0x4c /usr/lib/gcc/arm-elf/3.4.4/../../../../arm-elf/lib/thumb/interwork/libm.a(sf_atan.o)
 *(.rodata*)
 .rodata.commands_failsafe
                0x0001e3c4        0x6 /home/excelobs/paparazzi/var/KMUAV/ap/./commands.o
                0x0001e3c4                commands_failsafe
 .rodata.version
                0x0001e3ca        0x2 /home/excelobs/paparazzi/var/KMUAV/ap/firmwares/fixedwing/main_ap.o
 .rodata.str1.4
                0x0001e3cc       0x11 /home/excelobs/paparazzi/var/KMUAV/ap/firmwares/fixedwing/main_ap.o
                                 0x14 (size before relaxing)
 *fill*         0x0001e3dd        0x3 00
 .rodata.serie_coeff_proj_mercator
                0x0001e3e0       0x14 /home/excelobs/paparazzi/var/KMUAV/ap/./latlong.o
 .rodata.nb_waypoint
                0x0001e3f4        0x1 /home/excelobs/paparazzi/var/KMUAV/ap/subsystems/nav.o
                0x0001e3f4                nb_waypoint
 *fill*         0x0001e3f5        0x3 00
 .rodata.str1.4
                0x0001e3f8        0x5 /usr/lib/gcc/arm-elf/3.4.4/../../../../arm-elf/lib/thumb/interwork/libm.a(w_asin.o)
                                  0x8 (size before relaxing)
 *fill*         0x0001e3fd        0x3 00
 .rodata.str1.4
                0x0001e400        0x6 /usr/lib/gcc/arm-elf/3.4.4/../../../../arm-elf/lib/thumb/interwork/libm.a(w_atan2.o)
                                  0x8 (size before relaxing)
 *fill*         0x0001e406        0x2 00
 .rodata.str1.4
                0x0001e408        0x5 /usr/lib/gcc/arm-elf/3.4.4/../../../../arm-elf/lib/thumb/interwork/libm.a(w_cosh.o)
                                  0x8 (size before relaxing)
 *fill*         0x0001e40d        0x3 00
 .rodata.str1.4
                0x0001e410        0x4 /usr/lib/gcc/arm-elf/3.4.4/../../../../arm-elf/lib/thumb/interwork/libm.a(w_exp.o)
 .rodata.str1.4
                0x0001e414        0x4 /usr/lib/gcc/arm-elf/3.4.4/../../../../arm-elf/lib/thumb/interwork/libm.a(w_log.o)
 .rodata.str1.4
                0x0001e418        0x4 /usr/lib/gcc/arm-elf/3.4.4/../../../../arm-elf/lib/thumb/interwork/libm.a(w_pow.o)
 .rodata.str1.4
                0x0001e41c        0x5 /usr/lib/gcc/arm-elf/3.4.4/../../../../arm-elf/lib/thumb/interwork/libm.a(w_sinh.o)
                                  0x8 (size before relaxing)
 *fill*         0x0001e421        0x3 00
 .rodata.str1.4
                0x0001e424        0x5 /usr/lib/gcc/arm-elf/3.4.4/../../../../arm-elf/lib/thumb/interwork/libm.a(w_sqrt.o)
                                  0x8 (size before relaxing)
 *fill*         0x0001e429        0x3 00
 .rodata.str1.4
                0x0001e42c        0x7 /usr/lib/gcc/arm-elf/3.4.4/../../../../arm-elf/lib/thumb/interwork/libm.a(wf_atan2.o)
                                  0x8 (size before relaxing)
 *fill*         0x0001e433        0x1 00
 .rodata.str1.4
                0x0001e434        0x2 /usr/lib/gcc/arm-elf/3.4.4/../../../../arm-elf/lib/thumb/interwork/libc.a(impure.o)
                                  0x4 (size before relaxing)
 *(.gnu.linkonce.r.*)
                0x0001e438                . = ALIGN (0x4)

.ARM.exidx      0x0001e436        0x0
                0x0001e436                __exidx_start = .
 *(.ARM.exidx* .gnu.linkonce.armexidx.*)
                0x0001e436                __exidx_end = .
                0x0001e438                . = ALIGN (0x4)

.ctors          0x0001e436        0x0
                0x0001e436                PROVIDE (__ctors_start__, .)
 *(SORT(.ctors.*))
 *(.ctors)
                0x0001e436                PROVIDE (__ctors_end__, .)

.dtors          0x0001e436        0x0
                0x0001e436                PROVIDE (__dtors_start__, .)
 *(SORT(.dtors.*))
 *(.dtors)
                0x0001e436                PROVIDE (__dtors_end__, .)
                0x0001e438                . = ALIGN (0x4)
                0x0001e438                _etext = .
                0x0001e438                PROVIDE (etext, .)

.data           0x40000000      0x524 load address 0x0001e438
                0x40000000                _data = .
 *(.data)
 .data          0x40000000      0x404 /usr/lib/gcc/arm-elf/3.4.4/../../../../arm-elf/lib/thumb/interwork/libc.a(impure.o)
                0x40000400                _impure_ptr
 *(.data.*)
 .data.inter_mcu_received_ap
                0x40000404        0x1 /home/excelobs/paparazzi/var/KMUAV/ap/./inter_mcu.o
                0x40000404                inter_mcu_received_ap
 .data.inter_mcu_received_fbw
                0x40000405        0x1 /home/excelobs/paparazzi/var/KMUAV/ap/./inter_mcu.o
                0x40000405                inter_mcu_received_fbw
 *fill*         0x40000406        0x2 00
 .data.ap_state
                0x40000408        0x4 /home/excelobs/paparazzi/var/KMUAV/ap/./inter_mcu.o
                0x40000408                ap_state
 .data.fbw_state
                0x4000040c        0x4 /home/excelobs/paparazzi/var/KMUAV/ap/./inter_mcu.o
                0x4000040c                fbw_state
 .data.fbw_new_actuators
                0x40000410        0x1 /home/excelobs/paparazzi/var/KMUAV/ap/firmwares/fixedwing/main_fbw.o
                0x40000410                fbw_new_actuators
 .data.i120.2   0x40000411        0x1 /home/excelobs/paparazzi/var/KMUAV/ap/firmwares/fixedwing/main_fbw.o
 .data.i300.3   0x40000412        0x2 /home/excelobs/paparazzi/var/KMUAV/ap/firmwares/fixedwing/main_fbw.o
 .data.i30.4    0x40000414        0x1 /home/excelobs/paparazzi/var/KMUAV/ap/firmwares/fixedwing/main_fbw.o
 .data.i60.5    0x40000415        0x1 /home/excelobs/paparazzi/var/KMUAV/ap/firmwares/fixedwing/main_fbw.o
 .data.i300.6   0x40000416        0x2 /home/excelobs/paparazzi/var/KMUAV/ap/firmwares/fixedwing/main_fbw.o
 .data.gps_lost
                0x40000418        0x1 /home/excelobs/paparazzi/var/KMUAV/ap/firmwares/fixedwing/main_ap.o
                0x40000418                gps_lost
 .data.launch   0x40000419        0x1 /home/excelobs/paparazzi/var/KMUAV/ap/firmwares/fixedwing/main_ap.o
                0x40000419                launch
 .data.kill_throttle
                0x4000041a        0x1 /home/excelobs/paparazzi/var/KMUAV/ap/firmwares/fixedwing/main_ap.o
                0x4000041a                kill_throttle
 .data.lateral_mode
                0x4000041b        0x1 /home/excelobs/paparazzi/var/KMUAV/ap/firmwares/fixedwing/main_ap.o
                0x4000041b                lateral_mode
 .data.pprz_mode
                0x4000041c        0x1 /home/excelobs/paparazzi/var/KMUAV/ap/firmwares/fixedwing/main_ap.o
                0x4000041c                pprz_mode
 .data.rc_settings_mode
                0x4000041d        0x1 /home/excelobs/paparazzi/var/KMUAV/ap/firmwares/fixedwing/main_ap.o
                0x4000041d                rc_settings_mode
 .data._60Hz.4  0x4000041e        0x1 /home/excelobs/paparazzi/var/KMUAV/ap/firmwares/fixedwing/main_ap.o
 .data._20Hz.5  0x4000041f        0x1 /home/excelobs/paparazzi/var/KMUAV/ap/firmwares/fixedwing/main_ap.o
 .data._10Hz.6  0x40000420        0x1 /home/excelobs/paparazzi/var/KMUAV/ap/firmwares/fixedwing/main_ap.o
 .data._4Hz.7   0x40000421        0x1 /home/excelobs/paparazzi/var/KMUAV/ap/firmwares/fixedwing/main_ap.o
 .data._1Hz.8   0x40000422        0x1 /home/excelobs/paparazzi/var/KMUAV/ap/firmwares/fixedwing/main_ap.o
 .data.boot.10  0x40000423        0x1 /home/excelobs/paparazzi/var/KMUAV/ap/firmwares/fixedwing/main_ap.o
 .data.i15.11   0x40000424        0x1 /home/excelobs/paparazzi/var/KMUAV/ap/firmwares/fixedwing/main_ap.o
 .data.i30.12   0x40000425        0x1 /home/excelobs/paparazzi/var/KMUAV/ap/firmwares/fixedwing/main_ap.o
 .data.i60.13   0x40000426        0x1 /home/excelobs/paparazzi/var/KMUAV/ap/firmwares/fixedwing/main_ap.o
 .data.i63.14   0x40000427        0x1 /home/excelobs/paparazzi/var/KMUAV/ap/firmwares/fixedwing/main_ap.o
 .data.i66.15   0x40000428        0x1 /home/excelobs/paparazzi/var/KMUAV/ap/firmwares/fixedwing/main_ap.o
 .data.i72.16   0x40000429        0x1 /home/excelobs/paparazzi/var/KMUAV/ap/firmwares/fixedwing/main_ap.o
 .data.i90.17   0x4000042a        0x1 /home/excelobs/paparazzi/var/KMUAV/ap/firmwares/fixedwing/main_ap.o
 .data.i120.18  0x4000042b        0x1 /home/excelobs/paparazzi/var/KMUAV/ap/firmwares/fixedwing/main_ap.o
 .data.i126.19  0x4000042c        0x1 /home/excelobs/paparazzi/var/KMUAV/ap/firmwares/fixedwing/main_ap.o
 .data.i150.20  0x4000042d        0x1 /home/excelobs/paparazzi/var/KMUAV/ap/firmwares/fixedwing/main_ap.o
 .data.i300.21  0x4000042e        0x2 /home/excelobs/paparazzi/var/KMUAV/ap/firmwares/fixedwing/main_ap.o
 .data.i306.22  0x40000430        0x2 /home/excelobs/paparazzi/var/KMUAV/ap/firmwares/fixedwing/main_ap.o
 .data.i540.23  0x40000432        0x2 /home/excelobs/paparazzi/var/KMUAV/ap/firmwares/fixedwing/main_ap.o
 .data.i63.27   0x40000434        0x1 /home/excelobs/paparazzi/var/KMUAV/ap/firmwares/fixedwing/main_ap.o
 .data.i66.28   0x40000435        0x1 /home/excelobs/paparazzi/var/KMUAV/ap/firmwares/fixedwing/main_ap.o
 .data.i78.29   0x40000436        0x1 /home/excelobs/paparazzi/var/KMUAV/ap/firmwares/fixedwing/main_ap.o
 .data.i84.30   0x40000437        0x1 /home/excelobs/paparazzi/var/KMUAV/ap/firmwares/fixedwing/main_ap.o
 .data.i90.31   0x40000438        0x1 /home/excelobs/paparazzi/var/KMUAV/ap/firmwares/fixedwing/main_ap.o
 .data.i126.32  0x40000439        0x1 /home/excelobs/paparazzi/var/KMUAV/ap/firmwares/fixedwing/main_ap.o
 .data.i180.33  0x4000043a        0x1 /home/excelobs/paparazzi/var/KMUAV/ap/firmwares/fixedwing/main_ap.o
 .data.i183.34  0x4000043b        0x1 /home/excelobs/paparazzi/var/KMUAV/ap/firmwares/fixedwing/main_ap.o
 .data.i192.35  0x4000043c        0x1 /home/excelobs/paparazzi/var/KMUAV/ap/firmwares/fixedwing/main_ap.o
 .data.i240.36  0x4000043d        0x1 /home/excelobs/paparazzi/var/KMUAV/ap/firmwares/fixedwing/main_ap.o
 .data.i243.37  0x4000043e        0x1 /home/excelobs/paparazzi/var/KMUAV/ap/firmwares/fixedwing/main_ap.o
 *fill*         0x4000043f        0x1 00
 .data.i300.38  0x40000440        0x2 /home/excelobs/paparazzi/var/KMUAV/ap/firmwares/fixedwing/main_ap.o
 .data.i306.39  0x40000442        0x2 /home/excelobs/paparazzi/var/KMUAV/ap/firmwares/fixedwing/main_ap.o
 .data.i312.40  0x40000444        0x2 /home/excelobs/paparazzi/var/KMUAV/ap/firmwares/fixedwing/main_ap.o
 .data.i540.41  0x40000446        0x2 /home/excelobs/paparazzi/var/KMUAV/ap/firmwares/fixedwing/main_ap.o
 .data.i606.42  0x40000448        0x2 /home/excelobs/paparazzi/var/KMUAV/ap/firmwares/fixedwing/main_ap.o
 .data.i300.46  0x4000044a        0x2 /home/excelobs/paparazzi/var/KMUAV/ap/firmwares/fixedwing/main_ap.o
 .data.i306.47  0x4000044c        0x2 /home/excelobs/paparazzi/var/KMUAV/ap/firmwares/fixedwing/main_ap.o
 .data.i318.48  0x4000044e        0x2 /home/excelobs/paparazzi/var/KMUAV/ap/firmwares/fixedwing/main_ap.o
 .data.i324.49  0x40000450        0x2 /home/excelobs/paparazzi/var/KMUAV/ap/firmwares/fixedwing/main_ap.o
 .data.i330.50  0x40000452        0x2 /home/excelobs/paparazzi/var/KMUAV/ap/firmwares/fixedwing/main_ap.o
 .data.i342.51  0x40000454        0x2 /home/excelobs/paparazzi/var/KMUAV/ap/firmwares/fixedwing/main_ap.o
 .data.i606.52  0x40000456        0x2 /home/excelobs/paparazzi/var/KMUAV/ap/firmwares/fixedwing/main_ap.o
 .data.i612.53  0x40000458        0x2 /home/excelobs/paparazzi/var/KMUAV/ap/firmwares/fixedwing/main_ap.o
 .data.t.9      0x4000045a        0x1 /home/excelobs/paparazzi/var/KMUAV/ap/firmwares/fixedwing/main_ap.o
 .data.pprz_status.0
                0x4000045b        0x1 /home/excelobs/paparazzi/var/KMUAV/ap/firmwares/fixedwing/main_ap.o
 .data.adc1_val
                0x4000045c       0x10 /home/excelobs/paparazzi/var/KMUAV/ap/arch/lpc21/mcu_periph/adc_arch.o
                0x4000045c                adc1_val
 .data.adc0_val
                0x4000046c       0x10 /home/excelobs/paparazzi/var/KMUAV/ap/arch/lpc21/mcu_periph/adc_arch.o
                0x4000046c                adc0_val
 .data.telemetry_mode_Ap_DefaultChannel
                0x4000047c        0x1 /home/excelobs/paparazzi/var/KMUAV/ap/./downlink.o
                0x4000047c                telemetry_mode_Ap_DefaultChannel
 .data.telemetry_mode_Fbw_DefaultChannel
                0x4000047d        0x1 /home/excelobs/paparazzi/var/KMUAV/ap/./downlink.o
                0x4000047d                telemetry_mode_Fbw_DefaultChannel
 .data.pprz_msg_received
                0x4000047e        0x1 /home/excelobs/paparazzi/var/KMUAV/ap/./pprz_transport.o
                0x4000047e                pprz_msg_received
 *fill*         0x4000047f        0x1 00
 .data.v_ctl_auto_throttle_dash_trim
                0x40000480        0x4 /home/excelobs/paparazzi/var/KMUAV/ap/firmwares/fixedwing/stabilization/stabilization_attitude.o
                0x40000480                v_ctl_auto_throttle_dash_trim
 .data.v_ctl_auto_throttle_loiter_trim
                0x40000484        0x4 /home/excelobs/paparazzi/var/KMUAV/ap/firmwares/fixedwing/stabilization/stabilization_attitude.o
                0x40000484                v_ctl_auto_throttle_loiter_trim
 .data.max_dist_from_home
                0x40000488        0x4 /home/excelobs/paparazzi/var/KMUAV/ap/subsystems/nav.o
                0x40000488                max_dist_from_home
 .data.nav_utm_zone0
                0x4000048c        0x1 /home/excelobs/paparazzi/var/KMUAV/ap/subsystems/nav.o
                0x4000048c                nav_utm_zone0
 *fill*         0x4000048d        0x3 00
 .data.nav_utm_north0
                0x40000490        0x4 /home/excelobs/paparazzi/var/KMUAV/ap/subsystems/nav.o
                0x40000490                nav_utm_north0
 .data.nav_utm_east0
                0x40000494        0x4 /home/excelobs/paparazzi/var/KMUAV/ap/subsystems/nav.o
                0x40000494                nav_utm_east0
 .data.waypoints
                0x40000498       0x78 /home/excelobs/paparazzi/var/KMUAV/ap/subsystems/nav.o
                0x40000498                waypoints
 .data.nav_altitude
                0x40000510        0x4 /home/excelobs/paparazzi/var/KMUAV/ap/subsystems/nav.o
                0x40000510                nav_altitude
 .data.circle_bank
                0x40000514        0x4 /home/excelobs/paparazzi/var/KMUAV/ap/subsystems/nav.o
                0x40000514                circle_bank
 .data.nav_in_segment
                0x40000518        0x1 /home/excelobs/paparazzi/var/KMUAV/ap/subsystems/nav.o
                0x40000518                nav_in_segment
 .data.nav_in_circle
                0x40000519        0x1 /home/excelobs/paparazzi/var/KMUAV/ap/subsystems/nav.o
                0x40000519                nav_in_circle
 .data.prescaler.1
                0x4000051a        0x2 /home/excelobs/paparazzi/var/KMUAV/ap/subsystems/nav.o
 .data.survey_uturn
                0x4000051c        0x1 /home/excelobs/paparazzi/var/KMUAV/ap/subsystems/navigation/nav_survey_rectangle.o
 *fill*         0x4000051d        0x3 00
 .data.survey_orientation
                0x40000520        0x4 /home/excelobs/paparazzi/var/KMUAV/ap/subsystems/navigation/nav_survey_rectangle.o
 *(.gnu.linkonce.d*)
                0x40000524                . = ALIGN (0x4)
 *(.fastrun)
                0x40000524                . = ALIGN (0x4)
                0x40000524                _edata = .
                0x40000524                PROVIDE (edata, .)

.bss            0x40000524      0xde8
                0x40000524                __bss_start = .
                0x40000524                __bss_start__ = .
 *(.bss)
 *(.bss.*)
 .bss.cpu_time_sec
                0x40000524        0x2 /home/excelobs/paparazzi/var/KMUAV/ap/sys_time.o
                0x40000524                cpu_time_sec
 .bss.time_since_last_ap
                0x40000526        0x1 /home/excelobs/paparazzi/var/KMUAV/ap/./inter_mcu.o
                0x40000526                time_since_last_ap
 .bss.ap_ok     0x40000527        0x1 /home/excelobs/paparazzi/var/KMUAV/ap/./inter_mcu.o
                0x40000527                ap_ok
 .bss._fbw_state
                0x40000528       0x18 /home/excelobs/paparazzi/var/KMUAV/ap/./inter_mcu.o
 .bss._ap_state
                0x40000540        0x8 /home/excelobs/paparazzi/var/KMUAV/ap/./inter_mcu.o
 .bss._10Hz.0   0x40000548        0x1 /home/excelobs/paparazzi/var/KMUAV/ap/firmwares/fixedwing/main_fbw.o
 .bss._1Hz.1    0x40000549        0x1 /home/excelobs/paparazzi/var/KMUAV/ap/firmwares/fixedwing/main_fbw.o
 .bss.fbw_mode  0x4000054a        0x1 /home/excelobs/paparazzi/var/KMUAV/ap/firmwares/fixedwing/main_fbw.o
                0x4000054a                fbw_mode
 *fill*         0x4000054b        0x1 00
 .bss.electrical
                0x4000054c        0x8 /home/excelobs/paparazzi/var/KMUAV/ap/subsystems/electrical.o
                0x4000054c                electrical
 .bss.electrical_priv
                0x40000554       0x4c /home/excelobs/paparazzi/var/KMUAV/ap/subsystems/electrical.o
 .bss.commands  0x400005a0        0x6 /home/excelobs/paparazzi/var/KMUAV/ap/./commands.o
                0x400005a0                commands
 .bss.last_pprz_mode.55
                0x400005a6        0x1 /home/excelobs/paparazzi/var/KMUAV/ap/firmwares/fixedwing/main_ap.o
 .bss.i.24      0x400005a7        0x1 /home/excelobs/paparazzi/var/KMUAV/ap/firmwares/fixedwing/main_ap.o
 .bss.i.25      0x400005a8        0x1 /home/excelobs/paparazzi/var/KMUAV/ap/firmwares/fixedwing/main_ap.o
 *fill*         0x400005a9        0x1 00
 .bss.last.26   0x400005aa        0x2 /home/excelobs/paparazzi/var/KMUAV/ap/firmwares/fixedwing/main_ap.o
 .bss.i.43      0x400005ac        0x1 /home/excelobs/paparazzi/var/KMUAV/ap/firmwares/fixedwing/main_ap.o
 .bss.i.44      0x400005ad        0x1 /home/excelobs/paparazzi/var/KMUAV/ap/firmwares/fixedwing/main_ap.o
 .bss.last.45   0x400005ae        0x2 /home/excelobs/paparazzi/var/KMUAV/ap/firmwares/fixedwing/main_ap.o
 .bss.last.54   0x400005b0        0x2 /home/excelobs/paparazzi/var/KMUAV/ap/firmwares/fixedwing/main_ap.o
 .bss._ck_a.1   0x400005b2        0x1 /home/excelobs/paparazzi/var/KMUAV/ap/firmwares/fixedwing/main_ap.o
 .bss._ck_b.2   0x400005b3        0x1 /home/excelobs/paparazzi/var/KMUAV/ap/firmwares/fixedwing/main_ap.o
 .bss.payload_idx.3
                0x400005b4        0x1 /home/excelobs/paparazzi/var/KMUAV/ap/firmwares/fixedwing/main_ap.o
 .bss.vsupply   0x400005b5        0x1 /home/excelobs/paparazzi/var/KMUAV/ap/firmwares/fixedwing/main_ap.o
                0x400005b5                vsupply
 .bss.power_switch
                0x400005b6        0x1 /home/excelobs/paparazzi/var/KMUAV/ap/firmwares/fixedwing/main_ap.o
                0x400005b6                power_switch
 .bss.mcu1_status
                0x400005b7        0x1 /home/excelobs/paparazzi/var/KMUAV/ap/firmwares/fixedwing/main_ap.o
 .bss.mcu1_ppm_cpt
                0x400005b8        0x1 /home/excelobs/paparazzi/var/KMUAV/ap/firmwares/fixedwing/main_ap.o
 *fill*         0x400005b9        0x3 00
 .bss.current   0x400005bc        0x4 /home/excelobs/paparazzi/var/KMUAV/ap/firmwares/fixedwing/main_ap.o
 .bss.energy    0x400005c0        0x4 /home/excelobs/paparazzi/var/KMUAV/ap/firmwares/fixedwing/main_ap.o
                0x400005c0                energy
 .bss.estimator_x
                0x400005c4        0x4 /home/excelobs/paparazzi/var/KMUAV/ap/./estimator.o
                0x400005c4                estimator_x
 .bss.estimator_y
                0x400005c8        0x4 /home/excelobs/paparazzi/var/KMUAV/ap/./estimator.o
                0x400005c8                estimator_y
 .bss.estimator_z
                0x400005cc        0x4 /home/excelobs/paparazzi/var/KMUAV/ap/./estimator.o
                0x400005cc                estimator_z
 .bss.estimator_phi
                0x400005d0        0x4 /home/excelobs/paparazzi/var/KMUAV/ap/./estimator.o
                0x400005d0                estimator_phi
 .bss.estimator_psi
                0x400005d4        0x4 /home/excelobs/paparazzi/var/KMUAV/ap/./estimator.o
                0x400005d4                estimator_psi
 .bss.estimator_theta
                0x400005d8        0x4 /home/excelobs/paparazzi/var/KMUAV/ap/./estimator.o
                0x400005d8                estimator_theta
 .bss.estimator_z_dot
                0x400005dc        0x4 /home/excelobs/paparazzi/var/KMUAV/ap/./estimator.o
                0x400005dc                estimator_z_dot
 .bss.estimator_p
                0x400005e0        0x4 /home/excelobs/paparazzi/var/KMUAV/ap/./estimator.o
                0x400005e0                estimator_p
 .bss.estimator_q
                0x400005e4        0x4 /home/excelobs/paparazzi/var/KMUAV/ap/./estimator.o
                0x400005e4                estimator_q
 .bss.estimator_flight_time
                0x400005e8        0x2 /home/excelobs/paparazzi/var/KMUAV/ap/./estimator.o
                0x400005e8                estimator_flight_time
 *fill*         0x400005ea        0x2 00
 .bss.estimator_hspeed_mod
                0x400005ec        0x4 /home/excelobs/paparazzi/var/KMUAV/ap/./estimator.o
                0x400005ec                estimator_hspeed_mod
 .bss.estimator_hspeed_dir
                0x400005f0        0x4 /home/excelobs/paparazzi/var/KMUAV/ap/./estimator.o
                0x400005f0                estimator_hspeed_dir
 .bss.wind_east
                0x400005f4        0x4 /home/excelobs/paparazzi/var/KMUAV/ap/./estimator.o
                0x400005f4                wind_east
 .bss.wind_north
                0x400005f8        0x4 /home/excelobs/paparazzi/var/KMUAV/ap/./estimator.o
                0x400005f8                wind_north
 .bss.estimator_airspeed
                0x400005fc        0x4 /home/excelobs/paparazzi/var/KMUAV/ap/./estimator.o
                0x400005fc                estimator_airspeed
 .bss.alt_kalman_enabled
                0x40000600        0x1 /home/excelobs/paparazzi/var/KMUAV/ap/./estimator.o
                0x40000600                alt_kalman_enabled
 *fill*         0x40000601        0x3 00
 .bss.p         0x40000604       0x10 /home/excelobs/paparazzi/var/KMUAV/ap/./estimator.o
 .bss.cpu_time_ticks
                0x40000614        0x4 /home/excelobs/paparazzi/var/KMUAV/ap/arch/lpc21/sys_time_hw.o
                0x40000614                cpu_time_ticks
 .bss.last_periodic_event
                0x40000618        0x4 /home/excelobs/paparazzi/var/KMUAV/ap/arch/lpc21/sys_time_hw.o
                0x40000618                last_periodic_event
 .bss.uart0_rx_insert_idx
                0x4000061c        0x2 /home/excelobs/paparazzi/var/KMUAV/ap/arch/lpc21/mcu_periph/uart_arch.o
                0x4000061c                uart0_rx_insert_idx
 .bss.uart0_rx_extract_idx
                0x4000061e        0x2 /home/excelobs/paparazzi/var/KMUAV/ap/arch/lpc21/mcu_periph/uart_arch.o
                0x4000061e                uart0_rx_extract_idx
 .bss.uart0_rx_buffer
                0x40000620       0x80 /home/excelobs/paparazzi/var/KMUAV/ap/arch/lpc21/mcu_periph/uart_arch.o
                0x40000620                uart0_rx_buffer
 .bss.uart1_rx_insert_idx
                0x400006a0        0x2 /home/excelobs/paparazzi/var/KMUAV/ap/arch/lpc21/mcu_periph/uart_arch.o
                0x400006a0                uart1_rx_insert_idx
 .bss.uart1_rx_extract_idx
                0x400006a2        0x2 /home/excelobs/paparazzi/var/KMUAV/ap/arch/lpc21/mcu_periph/uart_arch.o
                0x400006a2                uart1_rx_extract_idx
 .bss.uart1_rx_buffer
                0x400006a4       0x80 /home/excelobs/paparazzi/var/KMUAV/ap/arch/lpc21/mcu_periph/uart_arch.o
                0x400006a4                uart1_rx_buffer
 .bss.uart0_tx_running
                0x40000724        0x1 /home/excelobs/paparazzi/var/KMUAV/ap/arch/lpc21/mcu_periph/uart_arch.o
                0x40000724                uart0_tx_running
 .bss.uart1_tx_running
                0x40000725        0x1 /home/excelobs/paparazzi/var/KMUAV/ap/arch/lpc21/mcu_periph/uart_arch.o
                0x40000725                uart1_tx_running
 .bss.uart0_tx_buffer
                0x40000726       0x80 /home/excelobs/paparazzi/var/KMUAV/ap/arch/lpc21/mcu_periph/uart_arch.o
                0x40000726                uart0_tx_buffer
 .bss.uart0_tx_insert_idx
                0x400007a6        0x2 /home/excelobs/paparazzi/var/KMUAV/ap/arch/lpc21/mcu_periph/uart_arch.o
                0x400007a6                uart0_tx_insert_idx
 .bss.uart0_tx_extract_idx
                0x400007a8        0x2 /home/excelobs/paparazzi/var/KMUAV/ap/arch/lpc21/mcu_periph/uart_arch.o
                0x400007a8                uart0_tx_extract_idx
 .bss.uart1_tx_buffer
                0x400007aa       0x80 /home/excelobs/paparazzi/var/KMUAV/ap/arch/lpc21/mcu_periph/uart_arch.o
                0x400007aa                uart1_tx_buffer
 .bss.uart1_tx_insert_idx
                0x4000082a        0x2 /home/excelobs/paparazzi/var/KMUAV/ap/arch/lpc21/mcu_periph/uart_arch.o
                0x4000082a                uart1_tx_insert_idx
 .bss.uart1_tx_extract_idx
                0x4000082c        0x2 /home/excelobs/paparazzi/var/KMUAV/ap/arch/lpc21/mcu_periph/uart_arch.o
                0x4000082c                uart1_tx_extract_idx
 *fill*         0x4000082e        0x2 00
 .bss.buffers   0x40000830       0x40 /home/excelobs/paparazzi/var/KMUAV/ap/arch/lpc21/mcu_periph/adc_arch.o
 .bss.servos_values
                0x40000870       0x14 /home/excelobs/paparazzi/var/KMUAV/ap/arch/lpc21/servos_4017_hw.o
                0x40000870                servos_values
 .bss.servos_4017_idx
                0x40000884        0x1 /home/excelobs/paparazzi/var/KMUAV/ap/arch/lpc21/servos_4017_hw.o
                0x40000884                servos_4017_idx
 *fill*         0x40000885        0x1 00
 .bss.actuators
                0x40000886        0x8 /home/excelobs/paparazzi/var/KMUAV/ap/actuators.o
                0x40000886                actuators
 *fill*         0x4000088e        0x2 00
 .bss.radio_control
                0x40000890       0x14 /home/excelobs/paparazzi/var/KMUAV/ap/subsystems/radio_control.o
                0x40000890                radio_control
 .bss.ppm_pulses
                0x400008a4        0xe /home/excelobs/paparazzi/var/KMUAV/ap/subsystems/radio_control/ppm.o
                0x400008a4                ppm_pulses
 .bss.ppm_frame_available
                0x400008b2        0x1 /home/excelobs/paparazzi/var/KMUAV/ap/subsystems/radio_control/ppm.o
                0x400008b2                ppm_frame_available
 .bss.ppm_cur_pulse
                0x400008b3        0x1 /home/excelobs/paparazzi/var/KMUAV/ap/arch/lpc21/subsystems/radio_control/ppm_arch.o
                0x400008b3                ppm_cur_pulse
 .bss.ppm_last_pulse_time
                0x400008b4        0x4 /home/excelobs/paparazzi/var/KMUAV/ap/arch/lpc21/subsystems/radio_control/ppm_arch.o
                0x400008b4                ppm_last_pulse_time
 .bss.ppm_data_valid
                0x400008b8        0x1 /home/excelobs/paparazzi/var/KMUAV/ap/arch/lpc21/subsystems/radio_control/ppm_arch.o
                0x400008b8                ppm_data_valid
 .bss.downlink_nb_ovrn
                0x400008b9        0x1 /home/excelobs/paparazzi/var/KMUAV/ap/./downlink.o
                0x400008b9                downlink_nb_ovrn
 .bss.downlink_nb_bytes
                0x400008ba        0x2 /home/excelobs/paparazzi/var/KMUAV/ap/./downlink.o
                0x400008ba                downlink_nb_bytes
 .bss.downlink_nb_msgs
                0x400008bc        0x2 /home/excelobs/paparazzi/var/KMUAV/ap/./downlink.o
                0x400008bc                downlink_nb_msgs
 .bss.dl_msg_available
                0x400008be        0x1 /home/excelobs/paparazzi/var/KMUAV/ap/firmwares/fixedwing/datalink.o
                0x400008be                dl_msg_available
 *fill*         0x400008bf        0x1 00
 .bss.datalink_time
                0x400008c0        0x2 /home/excelobs/paparazzi/var/KMUAV/ap/firmwares/fixedwing/datalink.o
                0x400008c0                datalink_time
 *fill*         0x400008c2        0x2 00
 .bss.dl_buffer
                0x400008c4       0x80 /home/excelobs/paparazzi/var/KMUAV/ap/firmwares/fixedwing/datalink.o
                0x400008c4                dl_buffer
 .bss.ck_a      0x40000944        0x1 /home/excelobs/paparazzi/var/KMUAV/ap/./pprz_transport.o
                0x40000944                ck_a
 .bss.ck_b      0x40000945        0x1 /home/excelobs/paparazzi/var/KMUAV/ap/./pprz_transport.o
                0x40000945                ck_b
 .bss.pprz_payload
                0x40000946      0x100 /home/excelobs/paparazzi/var/KMUAV/ap/./pprz_transport.o
                0x40000946                pprz_payload
 .bss.pprz_ovrn
                0x40000a46        0x1 /home/excelobs/paparazzi/var/KMUAV/ap/./pprz_transport.o
                0x40000a46                pprz_ovrn
 .bss.pprz_error
                0x40000a47        0x1 /home/excelobs/paparazzi/var/KMUAV/ap/./pprz_transport.o
                0x40000a47                pprz_error
 .bss.pprz_payload_len
                0x40000a48        0x1 /home/excelobs/paparazzi/var/KMUAV/ap/./pprz_transport.o
                0x40000a48                pprz_payload_len
 *fill*         0x40000a49        0x3 00
 .bss.last_err.2
                0x40000a4c        0x4 /home/excelobs/paparazzi/var/KMUAV/ap/firmwares/fixedwing/stabilization/stabilization_attitude.o
 .bss.last_err.0
                0x40000a50        0x4 /home/excelobs/paparazzi/var/KMUAV/ap/firmwares/fixedwing/stabilization/stabilization_attitude.o
 .bss.last_elevator_trim.1
                0x40000a54        0x4 /home/excelobs/paparazzi/var/KMUAV/ap/firmwares/fixedwing/stabilization/stabilization_attitude.o
 .bss.h_ctl_course_setpoint
                0x40000a58        0x4 /home/excelobs/paparazzi/var/KMUAV/ap/firmwares/fixedwing/stabilization/stabilization_attitude.o
                0x40000a58                h_ctl_course_setpoint
 .bss.h_ctl_course_pre_bank
                0x40000a5c        0x4 /home/excelobs/paparazzi/var/KMUAV/ap/firmwares/fixedwing/stabilization/stabilization_attitude.o
                0x40000a5c                h_ctl_course_pre_bank
 .bss.h_ctl_course_pre_bank_correction
                0x40000a60        0x4 /home/excelobs/paparazzi/var/KMUAV/ap/firmwares/fixedwing/stabilization/stabilization_attitude.o
                0x40000a60                h_ctl_course_pre_bank_correction
 .bss.h_ctl_course_pgain
                0x40000a64        0x4 /home/excelobs/paparazzi/var/KMUAV/ap/firmwares/fixedwing/stabilization/stabilization_attitude.o
                0x40000a64                h_ctl_course_pgain
 .bss.h_ctl_course_dgain
                0x40000a68        0x4 /home/excelobs/paparazzi/var/KMUAV/ap/firmwares/fixedwing/stabilization/stabilization_attitude.o
                0x40000a68                h_ctl_course_dgain
 .bss.h_ctl_roll_max_setpoint
                0x40000a6c        0x4 /home/excelobs/paparazzi/var/KMUAV/ap/firmwares/fixedwing/stabilization/stabilization_attitude.o
                0x40000a6c                h_ctl_roll_max_setpoint
 .bss.h_ctl_disabled
                0x40000a70        0x1 /home/excelobs/paparazzi/var/KMUAV/ap/firmwares/fixedwing/stabilization/stabilization_attitude.o
                0x40000a70                h_ctl_disabled
 *fill*         0x40000a71        0x3 00
 .bss.h_ctl_roll_setpoint
                0x40000a74        0x4 /home/excelobs/paparazzi/var/KMUAV/ap/firmwares/fixedwing/stabilization/stabilization_attitude.o
                0x40000a74                h_ctl_roll_setpoint
 .bss.h_ctl_aileron_setpoint
                0x40000a78        0x2 /home/excelobs/paparazzi/var/KMUAV/ap/firmwares/fixedwing/stabilization/stabilization_attitude.o
                0x40000a78                h_ctl_aileron_setpoint
 *fill*         0x40000a7a        0x2 00
 .bss.h_ctl_roll_slew
                0x40000a7c        0x4 /home/excelobs/paparazzi/var/KMUAV/ap/firmwares/fixedwing/stabilization/stabilization_attitude.o
                0x40000a7c                h_ctl_roll_slew
 .bss.h_ctl_pitch_setpoint
                0x40000a80        0x4 /home/excelobs/paparazzi/var/KMUAV/ap/firmwares/fixedwing/stabilization/stabilization_attitude.o
                0x40000a80                h_ctl_pitch_setpoint
 .bss.h_ctl_pitch_loop_setpoint
                0x40000a84        0x4 /home/excelobs/paparazzi/var/KMUAV/ap/firmwares/fixedwing/stabilization/stabilization_attitude.o
                0x40000a84                h_ctl_pitch_loop_setpoint
 .bss.h_ctl_pitch_pgain
                0x40000a88        0x4 /home/excelobs/paparazzi/var/KMUAV/ap/firmwares/fixedwing/stabilization/stabilization_attitude.o
                0x40000a88                h_ctl_pitch_pgain
 .bss.h_ctl_pitch_dgain
                0x40000a8c        0x4 /home/excelobs/paparazzi/var/KMUAV/ap/firmwares/fixedwing/stabilization/stabilization_attitude.o
                0x40000a8c                h_ctl_pitch_dgain
 .bss.h_ctl_elevator_setpoint
                0x40000a90        0x2 /home/excelobs/paparazzi/var/KMUAV/ap/firmwares/fixedwing/stabilization/stabilization_attitude.o
                0x40000a90                h_ctl_elevator_setpoint
 *fill*         0x40000a92        0x2 00
 .bss.h_ctl_aileron_of_throttle
                0x40000a94        0x4 /home/excelobs/paparazzi/var/KMUAV/ap/firmwares/fixedwing/stabilization/stabilization_attitude.o
                0x40000a94                h_ctl_aileron_of_throttle
 .bss.h_ctl_elevator_of_roll
                0x40000a98        0x4 /home/excelobs/paparazzi/var/KMUAV/ap/firmwares/fixedwing/stabilization/stabilization_attitude.o
                0x40000a98                h_ctl_elevator_of_roll
 .bss.h_ctl_roll_attitude_gain
                0x40000a9c        0x4 /home/excelobs/paparazzi/var/KMUAV/ap/firmwares/fixedwing/stabilization/stabilization_attitude.o
                0x40000a9c                h_ctl_roll_attitude_gain
 .bss.h_ctl_roll_rate_gain
                0x40000aa0        0x4 /home/excelobs/paparazzi/var/KMUAV/ap/firmwares/fixedwing/stabilization/stabilization_attitude.o
                0x40000aa0                h_ctl_roll_rate_gain
 .bss.nav_ratio
                0x40000aa4        0x4 /home/excelobs/paparazzi/var/KMUAV/ap/firmwares/fixedwing/stabilization/stabilization_attitude.o
 .bss.last_err.0
                0x40000aa8        0x4 /home/excelobs/paparazzi/var/KMUAV/ap/firmwares/fixedwing/guidance/guidance_v.o
 .bss.v_ctl_mode
                0x40000aac        0x1 /home/excelobs/paparazzi/var/KMUAV/ap/firmwares/fixedwing/guidance/guidance_v.o
                0x40000aac                v_ctl_mode
 *fill*         0x40000aad        0x3 00
 .bss.v_ctl_altitude_error
                0x40000ab0        0x4 /home/excelobs/paparazzi/var/KMUAV/ap/firmwares/fixedwing/guidance/guidance_v.o
                0x40000ab0                v_ctl_altitude_error
 .bss.v_ctl_altitude_setpoint
                0x40000ab4        0x4 /home/excelobs/paparazzi/var/KMUAV/ap/firmwares/fixedwing/guidance/guidance_v.o
                0x40000ab4                v_ctl_altitude_setpoint
 .bss.v_ctl_altitude_pre_climb
                0x40000ab8        0x4 /home/excelobs/paparazzi/var/KMUAV/ap/firmwares/fixedwing/guidance/guidance_v.o
                0x40000ab8                v_ctl_altitude_pre_climb
 .bss.v_ctl_altitude_pgain
                0x40000abc        0x4 /home/excelobs/paparazzi/var/KMUAV/ap/firmwares/fixedwing/guidance/guidance_v.o
                0x40000abc                v_ctl_altitude_pgain
 .bss.v_ctl_climb_setpoint
                0x40000ac0        0x4 /home/excelobs/paparazzi/var/KMUAV/ap/firmwares/fixedwing/guidance/guidance_v.o
                0x40000ac0                v_ctl_climb_setpoint
 .bss.v_ctl_climb_mode
                0x40000ac4        0x1 /home/excelobs/paparazzi/var/KMUAV/ap/firmwares/fixedwing/guidance/guidance_v.o
                0x40000ac4                v_ctl_climb_mode
 .bss.v_ctl_auto_throttle_submode
                0x40000ac5        0x1 /home/excelobs/paparazzi/var/KMUAV/ap/firmwares/fixedwing/guidance/guidance_v.o
                0x40000ac5                v_ctl_auto_throttle_submode
 *fill*         0x40000ac6        0x2 00
 .bss.v_ctl_auto_throttle_nominal_cruise_throttle
                0x40000ac8        0x4 /home/excelobs/paparazzi/var/KMUAV/ap/firmwares/fixedwing/guidance/guidance_v.o
                0x40000ac8                v_ctl_auto_throttle_nominal_cruise_throttle
 .bss.v_ctl_auto_throttle_cruise_throttle
                0x40000acc        0x4 /home/excelobs/paparazzi/var/KMUAV/ap/firmwares/fixedwing/guidance/guidance_v.o
                0x40000acc                v_ctl_auto_throttle_cruise_throttle
 .bss.v_ctl_auto_throttle_climb_throttle_increment
                0x40000ad0        0x4 /home/excelobs/paparazzi/var/KMUAV/ap/firmwares/fixedwing/guidance/guidance_v.o
                0x40000ad0                v_ctl_auto_throttle_climb_throttle_increment
 .bss.v_ctl_auto_throttle_pgain
                0x40000ad4        0x4 /home/excelobs/paparazzi/var/KMUAV/ap/firmwares/fixedwing/guidance/guidance_v.o
                0x40000ad4                v_ctl_auto_throttle_pgain
 .bss.v_ctl_auto_throttle_igain
                0x40000ad8        0x4 /home/excelobs/paparazzi/var/KMUAV/ap/firmwares/fixedwing/guidance/guidance_v.o
                0x40000ad8                v_ctl_auto_throttle_igain
 .bss.v_ctl_auto_throttle_dgain
                0x40000adc        0x4 /home/excelobs/paparazzi/var/KMUAV/ap/firmwares/fixedwing/guidance/guidance_v.o
                0x40000adc                v_ctl_auto_throttle_dgain
 .bss.v_ctl_auto_throttle_sum_err
                0x40000ae0        0x4 /home/excelobs/paparazzi/var/KMUAV/ap/firmwares/fixedwing/guidance/guidance_v.o
                0x40000ae0                v_ctl_auto_throttle_sum_err
 .bss.v_ctl_auto_throttle_pitch_of_vz_pgain
                0x40000ae4        0x4 /home/excelobs/paparazzi/var/KMUAV/ap/firmwares/fixedwing/guidance/guidance_v.o
                0x40000ae4                v_ctl_auto_throttle_pitch_of_vz_pgain
 .bss.v_ctl_auto_throttle_pitch_of_vz_dgain
                0x40000ae8        0x4 /home/excelobs/paparazzi/var/KMUAV/ap/firmwares/fixedwing/guidance/guidance_v.o
                0x40000ae8                v_ctl_auto_throttle_pitch_of_vz_dgain
 .bss.v_ctl_throttle_setpoint
                0x40000aec        0x2 /home/excelobs/paparazzi/var/KMUAV/ap/firmwares/fixedwing/guidance/guidance_v.o
                0x40000aec                v_ctl_throttle_setpoint
 .bss.v_ctl_throttle_slewed
                0x40000aee        0x2 /home/excelobs/paparazzi/var/KMUAV/ap/firmwares/fixedwing/guidance/guidance_v.o
                0x40000aee                v_ctl_throttle_slewed
 .bss.roll_rate_adc
                0x40000af0        0x2 /home/excelobs/paparazzi/var/KMUAV/ap/./gyro.o
                0x40000af0                roll_rate_adc
 *fill*         0x40000af2        0x2 00
 .bss.temp_comp
                0x40000af4        0x4 /home/excelobs/paparazzi/var/KMUAV/ap/./gyro.o
                0x40000af4                temp_comp
 .bss.buf_roll  0x40000af8       0x48 /home/excelobs/paparazzi/var/KMUAV/ap/./gyro.o
 .bss.infrared  0x40000b40       0x38 /home/excelobs/paparazzi/var/KMUAV/ap/subsystems/sensors/infrared.o
                0x40000b40                infrared
 .bss.ir_adc    0x40000b78        0x8 /home/excelobs/paparazzi/var/KMUAV/ap/subsystems/sensors/infrared_adc.o
                0x40000b78                ir_adc
 .bss.buf_ir1   0x40000b80       0x48 /home/excelobs/paparazzi/var/KMUAV/ap/subsystems/sensors/infrared_adc.o
 .bss.buf_ir2   0x40000bc8       0x48 /home/excelobs/paparazzi/var/KMUAV/ap/subsystems/sensors/infrared_adc.o
 .bss.buf_ir3   0x40000c10       0x48 /home/excelobs/paparazzi/var/KMUAV/ap/subsystems/sensors/infrared_adc.o
 .bss.gps_reset
                0x40000c58        0x2 /home/excelobs/paparazzi/var/KMUAV/ap/./gps_ubx.o
                0x40000c58                gps_reset
 .bss.ubx_id    0x40000c5a        0x1 /home/excelobs/paparazzi/var/KMUAV/ap/./gps_ubx.o
                0x40000c5a                ubx_id
 .bss.ubx_class
                0x40000c5b        0x1 /home/excelobs/paparazzi/var/KMUAV/ap/./gps_ubx.o
                0x40000c5b                ubx_class
 .bss.ubx_len   0x40000c5c        0x2 /home/excelobs/paparazzi/var/KMUAV/ap/./gps_ubx.o
                0x40000c5c                ubx_len
 *fill*         0x40000c5e        0x2 00
 .bss.ubx_msg_buf
                0x40000c60      0x100 /home/excelobs/paparazzi/var/KMUAV/ap/./gps_ubx.o
                0x40000c60                ubx_msg_buf
 .bss.gps_mode  0x40000d60        0x1 /home/excelobs/paparazzi/var/KMUAV/ap/./gps_ubx.o
                0x40000d60                gps_mode
 .bss.gps_status_flags
                0x40000d61        0x1 /home/excelobs/paparazzi/var/KMUAV/ap/./gps_ubx.o
                0x40000d61                gps_status_flags
 .bss.gps_sol_flags
                0x40000d62        0x1 /home/excelobs/paparazzi/var/KMUAV/ap/./gps_ubx.o
                0x40000d62                gps_sol_flags
 *fill*         0x40000d63        0x1 00
 .bss.gps_week  0x40000d64        0x2 /home/excelobs/paparazzi/var/KMUAV/ap/./gps_ubx.o
                0x40000d64                gps_week
 *fill*         0x40000d66        0x2 00
 .bss.gps_itow  0x40000d68        0x4 /home/excelobs/paparazzi/var/KMUAV/ap/./gps_ubx.o
                0x40000d68                gps_itow
 .bss.gps_alt   0x40000d6c        0x4 /home/excelobs/paparazzi/var/KMUAV/ap/./gps_ubx.o
                0x40000d6c                gps_alt
 .bss.gps_speed_3d
                0x40000d70        0x2 /home/excelobs/paparazzi/var/KMUAV/ap/./gps_ubx.o
                0x40000d70                gps_speed_3d
 .bss.gps_gspeed
                0x40000d72        0x2 /home/excelobs/paparazzi/var/KMUAV/ap/./gps_ubx.o
                0x40000d72                gps_gspeed
 .bss.gps_climb
                0x40000d74        0x2 /home/excelobs/paparazzi/var/KMUAV/ap/./gps_ubx.o
                0x40000d74                gps_climb
 .bss.gps_course
                0x40000d76        0x2 /home/excelobs/paparazzi/var/KMUAV/ap/./gps_ubx.o
                0x40000d76                gps_course
 .bss.gps_utm_east
                0x40000d78        0x4 /home/excelobs/paparazzi/var/KMUAV/ap/./gps_ubx.o
                0x40000d78                gps_utm_east
 .bss.gps_utm_north
                0x40000d7c        0x4 /home/excelobs/paparazzi/var/KMUAV/ap/./gps_ubx.o
                0x40000d7c                gps_utm_north
 .bss.gps_utm_zone
                0x40000d80        0x1 /home/excelobs/paparazzi/var/KMUAV/ap/./gps_ubx.o
                0x40000d80                gps_utm_zone
 *fill*         0x40000d81        0x3 00
 .bss.gps_lat   0x40000d84        0x4 /home/excelobs/paparazzi/var/KMUAV/ap/./gps_ubx.o
                0x40000d84                gps_lat
 .bss.gps_lon   0x40000d88        0x4 /home/excelobs/paparazzi/var/KMUAV/ap/./gps_ubx.o
                0x40000d88                gps_lon
 .bss.gps_hmsl  0x40000d8c        0x4 /home/excelobs/paparazzi/var/KMUAV/ap/./gps_ubx.o
                0x40000d8c                gps_hmsl
 .bss.gps_PDOP  0x40000d90        0x2 /home/excelobs/paparazzi/var/KMUAV/ap/./gps_ubx.o
                0x40000d90                gps_PDOP
 *fill*         0x40000d92        0x2 00
 .bss.gps_Pacc  0x40000d94        0x4 /home/excelobs/paparazzi/var/KMUAV/ap/./gps_ubx.o
                0x40000d94                gps_Pacc
 .bss.gps_Sacc  0x40000d98        0x4 /home/excelobs/paparazzi/var/KMUAV/ap/./gps_ubx.o
                0x40000d98                gps_Sacc
 .bss.gps_ecefVZ
                0x40000d9c        0x4 /home/excelobs/paparazzi/var/KMUAV/ap/./gps_ubx.o
                0x40000d9c                gps_ecefVZ
 .bss.gps_numSV
                0x40000da0        0x1 /home/excelobs/paparazzi/var/KMUAV/ap/./gps_ubx.o
                0x40000da0                gps_numSV
 .bss.gps_msg_received
                0x40000da1        0x1 /home/excelobs/paparazzi/var/KMUAV/ap/./gps_ubx.o
                0x40000da1                gps_msg_received
 .bss.gps_pos_available
                0x40000da2        0x1 /home/excelobs/paparazzi/var/KMUAV/ap/./gps_ubx.o
                0x40000da2                gps_pos_available
 .bss.gps_nb_ovrn
                0x40000da3        0x1 /home/excelobs/paparazzi/var/KMUAV/ap/./gps_ubx.o
                0x40000da3                gps_nb_ovrn
 .bss.gps_nb_channels
                0x40000da4        0x1 /home/excelobs/paparazzi/var/KMUAV/ap/./gps_ubx.o
                0x40000da4                gps_nb_channels
 *fill*         0x40000da5        0x3 00
 .bss.gps_svinfos
                0x40000da8       0x80 /home/excelobs/paparazzi/var/KMUAV/ap/./gps_ubx.o
                0x40000da8                gps_svinfos
 .bss.ubx_status
                0x40000e28        0x1 /home/excelobs/paparazzi/var/KMUAV/ap/./gps_ubx.o
 .bss.ubx_msg_idx
                0x40000e29        0x1 /home/excelobs/paparazzi/var/KMUAV/ap/./gps_ubx.o
 .bss.ck_a      0x40000e2a        0x1 /home/excelobs/paparazzi/var/KMUAV/ap/./gps_ubx.o
 .bss.ck_b      0x40000e2b        0x1 /home/excelobs/paparazzi/var/KMUAV/ap/./gps_ubx.o
 .bss.send_ck_a
                0x40000e2c        0x1 /home/excelobs/paparazzi/var/KMUAV/ap/./gps_ubx.o
                0x40000e2c                send_ck_a
 .bss.send_ck_b
                0x40000e2d        0x1 /home/excelobs/paparazzi/var/KMUAV/ap/./gps_ubx.o
                0x40000e2d                send_ck_b
 .bss.i.0       0x40000e2e        0x1 /home/excelobs/paparazzi/var/KMUAV/ap/./gps.o
 .bss.last_cnos.1
                0x40000e2f       0x10 /home/excelobs/paparazzi/var/KMUAV/ap/./gps.o
 *fill*         0x40000e3f        0x1 00
 .bss.last_gps_msg_t
                0x40000e40        0x2 /home/excelobs/paparazzi/var/KMUAV/ap/./gps.o
                0x40000e40                last_gps_msg_t
 .bss.gps_verbose_downlink
                0x40000e42        0x1 /home/excelobs/paparazzi/var/KMUAV/ap/./gps.o
                0x40000e42                gps_verbose_downlink
 *fill*         0x40000e43        0x1 00
 .bss.latlong_utm_x
                0x40000e44        0x4 /home/excelobs/paparazzi/var/KMUAV/ap/./latlong.o
                0x40000e44                latlong_utm_x
 .bss.latlong_utm_y
                0x40000e48        0x4 /home/excelobs/paparazzi/var/KMUAV/ap/./latlong.o
                0x40000e48                latlong_utm_y
 .bss.last_nav_altitude.0
                0x40000e4c        0x4 /home/excelobs/paparazzi/var/KMUAV/ap/subsystems/nav.o
 .bss.dist2_to_home
                0x40000e50        0x4 /home/excelobs/paparazzi/var/KMUAV/ap/subsystems/nav.o
                0x40000e50                dist2_to_home
 .bss.dist2_to_wp
                0x40000e54        0x4 /home/excelobs/paparazzi/var/KMUAV/ap/subsystems/nav.o
                0x40000e54                dist2_to_wp
 .bss.too_far_from_home
                0x40000e58        0x1 /home/excelobs/paparazzi/var/KMUAV/ap/subsystems/nav.o
                0x40000e58                too_far_from_home
 *fill*         0x40000e59        0x1 00
 .bss.stage_time
                0x40000e5a        0x2 /home/excelobs/paparazzi/var/KMUAV/ap/subsystems/nav.o
                0x40000e5a                stage_time
 .bss.block_time
                0x40000e5c        0x2 /home/excelobs/paparazzi/var/KMUAV/ap/subsystems/nav.o
                0x40000e5c                block_time
 .bss.nav_stage
                0x40000e5e        0x1 /home/excelobs/paparazzi/var/KMUAV/ap/subsystems/nav.o
                0x40000e5e                nav_stage
 .bss.nav_block
                0x40000e5f        0x1 /home/excelobs/paparazzi/var/KMUAV/ap/subsystems/nav.o
                0x40000e5f                nav_block
 .bss.last_block
                0x40000e60        0x1 /home/excelobs/paparazzi/var/KMUAV/ap/subsystems/nav.o
                0x40000e60                last_block
 .bss.last_stage
                0x40000e61        0x1 /home/excelobs/paparazzi/var/KMUAV/ap/subsystems/nav.o
                0x40000e61                last_stage
 *fill*         0x40000e62        0x2 00
 .bss.ground_alt
                0x40000e64        0x4 /home/excelobs/paparazzi/var/KMUAV/ap/subsystems/nav.o
                0x40000e64                ground_alt
 .bss.last_x    0x40000e68        0x4 /home/excelobs/paparazzi/var/KMUAV/ap/subsystems/nav.o
                0x40000e68                last_x
 .bss.last_y    0x40000e6c        0x4 /home/excelobs/paparazzi/var/KMUAV/ap/subsystems/nav.o
                0x40000e6c                last_y
 .bss.desired_x
                0x40000e70        0x4 /home/excelobs/paparazzi/var/KMUAV/ap/subsystems/nav.o
                0x40000e70                desired_x
 .bss.desired_y
                0x40000e74        0x4 /home/excelobs/paparazzi/var/KMUAV/ap/subsystems/nav.o
                0x40000e74                desired_y
 .bss.flight_altitude
                0x40000e78        0x4 /home/excelobs/paparazzi/var/KMUAV/ap/subsystems/nav.o
                0x40000e78                flight_altitude
 .bss.nav_glide_pitch_trim
                0x40000e7c        0x4 /home/excelobs/paparazzi/var/KMUAV/ap/subsystems/nav.o
                0x40000e7c                nav_glide_pitch_trim
 .bss.nav_throttle_setpoint
                0x40000e80        0x2 /home/excelobs/paparazzi/var/KMUAV/ap/subsystems/nav.o
                0x40000e80                nav_throttle_setpoint
 *fill*         0x40000e82        0x2 00
 .bss.nav_pitch
                0x40000e84        0x4 /home/excelobs/paparazzi/var/KMUAV/ap/subsystems/nav.o
                0x40000e84                nav_pitch
 .bss.nav_circle_radians
                0x40000e88        0x4 /home/excelobs/paparazzi/var/KMUAV/ap/subsystems/nav.o
                0x40000e88                nav_circle_radians
 .bss.nav_circle_x
                0x40000e8c        0x4 /home/excelobs/paparazzi/var/KMUAV/ap/subsystems/nav.o
                0x40000e8c                nav_circle_x
 .bss.nav_circle_y
                0x40000e90        0x4 /home/excelobs/paparazzi/var/KMUAV/ap/subsystems/nav.o
                0x40000e90                nav_circle_y
 .bss.nav_circle_radius
                0x40000e94        0x4 /home/excelobs/paparazzi/var/KMUAV/ap/subsystems/nav.o
                0x40000e94                nav_circle_radius
 .bss.nav_segment_x_1
                0x40000e98        0x4 /home/excelobs/paparazzi/var/KMUAV/ap/subsystems/nav.o
                0x40000e98                nav_segment_x_1
 .bss.nav_segment_y_1
                0x40000e9c        0x4 /home/excelobs/paparazzi/var/KMUAV/ap/subsystems/nav.o
                0x40000e9c                nav_segment_y_1
 .bss.nav_segment_x_2
                0x40000ea0        0x4 /home/excelobs/paparazzi/var/KMUAV/ap/subsystems/nav.o
                0x40000ea0                nav_segment_x_2
 .bss.nav_segment_y_2
                0x40000ea4        0x4 /home/excelobs/paparazzi/var/KMUAV/ap/subsystems/nav.o
                0x40000ea4                nav_segment_y_2
 .bss.nav_mode  0x40000ea8        0x4 /home/excelobs/paparazzi/var/KMUAV/ap/subsystems/nav.o
                0x40000ea8                nav_mode
 .bss.horizontal_mode
                0x40000eac        0x1 /home/excelobs/paparazzi/var/KMUAV/ap/subsystems/nav.o
                0x40000eac                horizontal_mode
 .bss.nav_oval_count
                0x40000ead        0x1 /home/excelobs/paparazzi/var/KMUAV/ap/subsystems/nav.o
                0x40000ead                nav_oval_count
 *fill*         0x40000eae        0x2 00
 .bss.nav_radius
                0x40000eb0        0x4 /home/excelobs/paparazzi/var/KMUAV/ap/subsystems/nav.o
                0x40000eb0                nav_radius
 .bss.nav_course
                0x40000eb4        0x4 /home/excelobs/paparazzi/var/KMUAV/ap/subsystems/nav.o
                0x40000eb4                nav_course
 .bss.nav_shift
                0x40000eb8        0x4 /home/excelobs/paparazzi/var/KMUAV/ap/subsystems/nav.o
                0x40000eb8                nav_shift
 .bss.nav_survey_shift
                0x40000ebc        0x4 /home/excelobs/paparazzi/var/KMUAV/ap/subsystems/nav.o
                0x40000ebc                nav_survey_shift
 .bss.nav_survey_west
                0x40000ec0        0x4 /home/excelobs/paparazzi/var/KMUAV/ap/subsystems/nav.o
                0x40000ec0                nav_survey_west
 .bss.nav_survey_east
                0x40000ec4        0x4 /home/excelobs/paparazzi/var/KMUAV/ap/subsystems/nav.o
                0x40000ec4                nav_survey_east
 .bss.nav_survey_north
                0x40000ec8        0x4 /home/excelobs/paparazzi/var/KMUAV/ap/subsystems/nav.o
                0x40000ec8                nav_survey_north
 .bss.nav_survey_south
                0x40000ecc        0x4 /home/excelobs/paparazzi/var/KMUAV/ap/subsystems/nav.o
                0x40000ecc                nav_survey_south
 .bss.nav_survey_active
                0x40000ed0        0x1 /home/excelobs/paparazzi/var/KMUAV/ap/subsystems/nav.o
                0x40000ed0                nav_survey_active
 *fill*         0x40000ed1        0x3 00
 .bss.nav_circle_trigo_qdr
                0x40000ed4        0x4 /home/excelobs/paparazzi/var/KMUAV/ap/subsystems/nav.o
                0x40000ed4                nav_circle_trigo_qdr
 .bss.last_wp   0x40000ed8        0x1 /home/excelobs/paparazzi/var/KMUAV/ap/subsystems/nav.o
 *fill*         0x40000ed9        0x3 00
 .bss.nav_leg_progress
                0x40000edc        0x4 /home/excelobs/paparazzi/var/KMUAV/ap/subsystems/nav.o
 .bss.nav_leg_length
                0x40000ee0        0x4 /home/excelobs/paparazzi/var/KMUAV/ap/subsystems/nav.o
 .bss.previous_ground_alt
                0x40000ee4        0x4 /home/excelobs/paparazzi/var/KMUAV/ap/subsystems/nav.o
 .bss.acs_idx   0x40000ee8        0x1 /home/excelobs/paparazzi/var/KMUAV/ap/subsystems/navigation/traffic_info.o
                0x40000ee8                acs_idx
 .bss.the_acs_id
                0x40000ee9      0x100 /home/excelobs/paparazzi/var/KMUAV/ap/subsystems/navigation/traffic_info.o
                0x40000ee9                the_acs_id
 *fill*         0x40000fe9        0x3 00
 .bss.the_acs   0x40000fec      0x300 /home/excelobs/paparazzi/var/KMUAV/ap/subsystems/navigation/traffic_info.o
                0x40000fec                the_acs
 .bss.survey_radius.0
                0x400012ec        0x4 /home/excelobs/paparazzi/var/KMUAV/ap/subsystems/navigation/nav_survey_rectangle.o
 .bss.survey_from
                0x400012f0        0xc /home/excelobs/paparazzi/var/KMUAV/ap/subsystems/navigation/nav_survey_rectangle.o
 .bss.survey_to
                0x400012fc        0xc /home/excelobs/paparazzi/var/KMUAV/ap/subsystems/navigation/nav_survey_rectangle.o
 .bss.line_status
                0x40001308        0x4 /home/excelobs/paparazzi/var/KMUAV/ap/subsystems/navigation/nav_line.o
 *(.gnu.linkonce.b*)
 *(COMMON)
                0x4000130c                . = ALIGN (0x4)
                0x4000130c                . = ALIGN (0x4)
                0x4000130c                __bss_end__ = .
                0x4000130c                PROVIDE (__bss_end, .)

.stack          0x40001400     0x1000
                0x40002400                . = (. + STACK_SIZE)
 *fill*         0x40001400     0x1000 00
                0x40002400                PROVIDE (_stack, .)
                0x40002400                _end = .
                0x40002400                PROVIDE (end, .)

.stab
 *(.stab)

.stabstr
 *(.stabstr)

.stab.excl
 *(.stab.excl)

.stab.exclstr
 *(.stab.exclstr)

.stab.index
 *(.stab.index)

.stab.indexstr
 *(.stab.indexstr)

.comment        0x00000000      0x630
 *(.comment)
 .comment       0x00000000       0x12 /home/excelobs/paparazzi/var/KMUAV/ap/mcu.o
 .comment       0x00000012       0x12 /home/excelobs/paparazzi/var/KMUAV/ap/arch/lpc21/mcu_arch.o
 .comment       0x00000024       0x12 /home/excelobs/paparazzi/var/KMUAV/ap/sys_time.o
 .comment       0x00000036       0x12 /home/excelobs/paparazzi/var/KMUAV/ap/./inter_mcu.o
 .comment       0x00000048       0x12 /home/excelobs/paparazzi/var/KMUAV/ap/firmwares/fixedwing/main_fbw.o
 .comment       0x0000005a       0x12 /home/excelobs/paparazzi/var/KMUAV/ap/subsystems/electrical.o
 .comment       0x0000006c       0x12 /home/excelobs/paparazzi/var/KMUAV/ap/./commands.o
 .comment       0x0000007e       0x12 /home/excelobs/paparazzi/var/KMUAV/ap/firmwares/fixedwing/main_ap.o
 .comment       0x00000090       0x12 /home/excelobs/paparazzi/var/KMUAV/ap/./estimator.o
 .comment       0x000000a2       0x12 /home/excelobs/paparazzi/var/KMUAV/ap/arch/lpc21/armVIC.o
 .comment       0x000000b4       0x12 /home/excelobs/paparazzi/var/KMUAV/ap/firmwares/fixedwing/main.o
 .comment       0x000000c6       0x12 /home/excelobs/paparazzi/var/KMUAV/ap/arch/lpc21/sys_time_hw.o
 .comment       0x000000d8       0x12 /home/excelobs/paparazzi/var/KMUAV/ap/arch/lpc21/mcu_periph/uart_arch.o
 .comment       0x000000ea       0x12 /home/excelobs/paparazzi/var/KMUAV/ap/subsystems/settings.o
 .comment       0x000000fc       0x12 /home/excelobs/paparazzi/var/KMUAV/ap/arch/lpc21/subsystems/settings_arch.o
 .comment       0x0000010e       0x12 /home/excelobs/paparazzi/var/KMUAV/ap/arch/lpc21/mcu_periph/adc_arch.o
 .comment       0x00000120       0x12 /home/excelobs/paparazzi/var/KMUAV/ap/arch/lpc21/servos_4017_hw.o
 .comment       0x00000132       0x12 /home/excelobs/paparazzi/var/KMUAV/ap/actuators.o
 .comment       0x00000144       0x12 /home/excelobs/paparazzi/var/KMUAV/ap/subsystems/radio_control.o
 .comment       0x00000156       0x12 /home/excelobs/paparazzi/var/KMUAV/ap/subsystems/radio_control/ppm.o
 .comment       0x00000168       0x12 /home/excelobs/paparazzi/var/KMUAV/ap/arch/lpc21/subsystems/radio_control/ppm_arch.o
 .comment       0x0000017a       0x12 /home/excelobs/paparazzi/var/KMUAV/ap/./downlink.o
 .comment       0x0000018c       0x12 /home/excelobs/paparazzi/var/KMUAV/ap/firmwares/fixedwing/datalink.o
 .comment       0x0000019e       0x12 /home/excelobs/paparazzi/var/KMUAV/ap/./pprz_transport.o
 .comment       0x000001b0       0x12 /home/excelobs/paparazzi/var/KMUAV/ap/firmwares/fixedwing/stabilization/stabilization_attitude.o
 .comment       0x000001c2       0x12 /home/excelobs/paparazzi/var/KMUAV/ap/firmwares/fixedwing/guidance/guidance_v.o
 .comment       0x000001d4       0x12 /home/excelobs/paparazzi/var/KMUAV/ap/./gyro.o