Archive member included because of file (symbol)

/usr/lib/gcc/arm-elf/3.4.4/../../../../arm-elf/lib/thumb/interwork/libm.a(s_atan.o)
                              /home/excelobs/paparazzi/var/KMUAV_XB_AS_IMU/ap/./latlong.o (atan)
/usr/lib/gcc/arm-elf/3.4.4/../../../../arm-elf/lib/thumb/interwork/libm.a(s_cos.o)
                              /home/excelobs/paparazzi/var/KMUAV_XB_AS_IMU/ap/./latlong.o (cos)
/usr/lib/gcc/arm-elf/3.4.4/../../../../arm-elf/lib/thumb/interwork/libm.a(s_fabs.o)
                              /usr/lib/gcc/arm-elf/3.4.4/../../../../arm-elf/lib/thumb/interwork/libm.a(s_atan.o) (fabs)
/usr/lib/gcc/arm-elf/3.4.4/../../../../arm-elf/lib/thumb/interwork/libm.a(s_sin.o)
                              /home/excelobs/paparazzi/var/KMUAV_XB_AS_IMU/ap/./latlong.o (sin)
/usr/lib/gcc/arm-elf/3.4.4/../../../../arm-elf/lib/thumb/interwork/libm.a(s_tan.o)
                              /home/excelobs/paparazzi/var/KMUAV_XB_AS_IMU/ap/./latlong.o (tan)
/usr/lib/gcc/arm-elf/3.4.4/../../../../arm-elf/lib/thumb/interwork/libm.a(sf_cos.o)
                              /home/excelobs/paparazzi/var/KMUAV_XB_AS_IMU/ap/./estimator.o (cosf)
/usr/lib/gcc/arm-elf/3.4.4/../../../../arm-elf/lib/thumb/interwork/libm.a(sf_sin.o)
                              /home/excelobs/paparazzi/var/KMUAV_XB_AS_IMU/ap/./estimator.o (sinf)
/usr/lib/gcc/arm-elf/3.4.4/../../../../arm-elf/lib/thumb/interwork/libm.a(w_asin.o)
                              /home/excelobs/paparazzi/var/KMUAV_XB_AS_IMU/ap/./latlong.o (asin)
/usr/lib/gcc/arm-elf/3.4.4/../../../../arm-elf/lib/thumb/interwork/libm.a(w_atan2.o)
                              /home/excelobs/paparazzi/var/KMUAV_XB_AS_IMU/ap/./estimator.o (atan2)
/usr/lib/gcc/arm-elf/3.4.4/../../../../arm-elf/lib/thumb/interwork/libm.a(w_cosh.o)
                              /home/excelobs/paparazzi/var/KMUAV_XB_AS_IMU/ap/./latlong.o (cosh)
/usr/lib/gcc/arm-elf/3.4.4/../../../../arm-elf/lib/thumb/interwork/libm.a(w_exp.o)
                              /home/excelobs/paparazzi/var/KMUAV_XB_AS_IMU/ap/./latlong.o (exp)
/usr/lib/gcc/arm-elf/3.4.4/../../../../arm-elf/lib/thumb/interwork/libm.a(w_log.o)
                              /home/excelobs/paparazzi/var/KMUAV_XB_AS_IMU/ap/./latlong.o (log)
/usr/lib/gcc/arm-elf/3.4.4/../../../../arm-elf/lib/thumb/interwork/libm.a(w_pow.o)
                              /home/excelobs/paparazzi/var/KMUAV_XB_AS_IMU/ap/subsystems/electrical.o (pow)
/usr/lib/gcc/arm-elf/3.4.4/../../../../arm-elf/lib/thumb/interwork/libm.a(w_sinh.o)
                              /home/excelobs/paparazzi/var/KMUAV_XB_AS_IMU/ap/./latlong.o (sinh)
/usr/lib/gcc/arm-elf/3.4.4/../../../../arm-elf/lib/thumb/interwork/libm.a(w_sqrt.o)
                              /home/excelobs/paparazzi/var/KMUAV_XB_AS_IMU/ap/subsystems/nav.o (sqrt)
/usr/lib/gcc/arm-elf/3.4.4/../../../../arm-elf/lib/thumb/interwork/libm.a(wf_atan2.o)
                              /home/excelobs/paparazzi/var/KMUAV_XB_AS_IMU/ap/./estimator.o (atan2f)
/usr/lib/gcc/arm-elf/3.4.4/../../../../arm-elf/lib/thumb/interwork/libm.a(wf_sqrt.o)
                              /home/excelobs/paparazzi/var/KMUAV_XB_AS_IMU/ap/modules/sensors/airspeed_ets.o (sqrtf)
/usr/lib/gcc/arm-elf/3.4.4/../../../../arm-elf/lib/thumb/interwork/libm.a(e_asin.o)
                              /usr/lib/gcc/arm-elf/3.4.4/../../../../arm-elf/lib/thumb/interwork/libm.a(w_asin.o) (__ieee754_asin)
/usr/lib/gcc/arm-elf/3.4.4/../../../../arm-elf/lib/thumb/interwork/libm.a(e_atan2.o)
                              /usr/lib/gcc/arm-elf/3.4.4/../../../../arm-elf/lib/thumb/interwork/libm.a(w_atan2.o) (__ieee754_atan2)
/usr/lib/gcc/arm-elf/3.4.4/../../../../arm-elf/lib/thumb/interwork/libm.a(e_cosh.o)
                              /usr/lib/gcc/arm-elf/3.4.4/../../../../arm-elf/lib/thumb/interwork/libm.a(w_cosh.o) (__ieee754_cosh)
/usr/lib/gcc/arm-elf/3.4.4/../../../../arm-elf/lib/thumb/interwork/libm.a(e_exp.o)
                              /usr/lib/gcc/arm-elf/3.4.4/../../../../arm-elf/lib/thumb/interwork/libm.a(w_exp.o) (__ieee754_exp)
/usr/lib/gcc/arm-elf/3.4.4/../../../../arm-elf/lib/thumb/interwork/libm.a(e_log.o)
                              /usr/lib/gcc/arm-elf/3.4.4/../../../../arm-elf/lib/thumb/interwork/libm.a(w_log.o) (__ieee754_log)
/usr/lib/gcc/arm-elf/3.4.4/../../../../arm-elf/lib/thumb/interwork/libm.a(e_pow.o)
                              /usr/lib/gcc/arm-elf/3.4.4/../../../../arm-elf/lib/thumb/interwork/libm.a(w_pow.o) (__ieee754_pow)
/usr/lib/gcc/arm-elf/3.4.4/../../../../arm-elf/lib/thumb/interwork/libm.a(e_rem_pio2.o)
                              /usr/lib/gcc/arm-elf/3.4.4/../../../../arm-elf/lib/thumb/interwork/libm.a(s_cos.o) (__ieee754_rem_pio2)
/usr/lib/gcc/arm-elf/3.4.4/../../../../arm-elf/lib/thumb/interwork/libm.a(e_sinh.o)
                              /usr/lib/gcc/arm-elf/3.4.4/../../../../arm-elf/lib/thumb/interwork/libm.a(w_sinh.o) (__ieee754_sinh)
/usr/lib/gcc/arm-elf/3.4.4/../../../../arm-elf/lib/thumb/interwork/libm.a(e_sqrt.o)
[...]
Memory Configuration

Name             Origin             Length             Attributes
ROM              0x00004000         0x00078000         xr
RAM              0x40000000         0x00007fe0         rw
*default*        0x00000000         0xffffffff

Linker script and memory map

LOAD /home/excelobs/paparazzi/var/KMUAV_XB_AS_IMU/ap/crt0.o
LOAD /home/excelobs/paparazzi/var/KMUAV_XB_AS_IMU/ap/mcu.o
LOAD /home/excelobs/paparazzi/var/KMUAV_XB_AS_IMU/ap/arch/lpc21/mcu_arch.o
LOAD /home/excelobs/paparazzi/var/KMUAV_XB_AS_IMU/ap/sys_time.o
LOAD /home/excelobs/paparazzi/var/KMUAV_XB_AS_IMU/ap/./inter_mcu.o
LOAD /home/excelobs/paparazzi/var/KMUAV_XB_AS_IMU/ap/firmwares/fixedwing/main_fbw.o
LOAD /home/excelobs/paparazzi/var/KMUAV_XB_AS_IMU/ap/subsystems/electrical.o
LOAD /home/excelobs/paparazzi/var/KMUAV_XB_AS_IMU/ap/./commands.o
LOAD /home/excelobs/paparazzi/var/KMUAV_XB_AS_IMU/ap/firmwares/fixedwing/main_ap.o
LOAD /home/excelobs/paparazzi/var/KMUAV_XB_AS_IMU/ap/./estimator.o
LOAD /home/excelobs/paparazzi/var/KMUAV_XB_AS_IMU/ap/arch/lpc21/armVIC.o
LOAD /home/excelobs/paparazzi/var/KMUAV_XB_AS_IMU/ap/firmwares/fixedwing/main.o
LOAD /home/excelobs/paparazzi/var/KMUAV_XB_AS_IMU/ap/arch/lpc21/sys_time_hw.o
LOAD /home/excelobs/paparazzi/var/KMUAV_XB_AS_IMU/ap/arch/lpc21/mcu_periph/uart_arch.o
LOAD /home/excelobs/paparazzi/var/KMUAV_XB_AS_IMU/ap/subsystems/settings.o
LOAD /home/excelobs/paparazzi/var/KMUAV_XB_AS_IMU/ap/arch/lpc21/subsystems/settings_arch.o
LOAD /home/excelobs/paparazzi/var/KMUAV_XB_AS_IMU/ap/arch/lpc21/mcu_periph/adc_arch.o
LOAD /home/excelobs/paparazzi/var/KMUAV_XB_AS_IMU/ap/arch/lpc21/servos_4017_hw.o
LOAD /home/excelobs/paparazzi/var/KMUAV_XB_AS_IMU/ap/actuators.o
LOAD /home/excelobs/paparazzi/var/KMUAV_XB_AS_IMU/ap/subsystems/radio_control.o
LOAD /home/excelobs/paparazzi/var/KMUAV_XB_AS_IMU/ap/subsystems/radio_control/ppm.o
LOAD /home/excelobs/paparazzi/var/KMUAV_XB_AS_IMU/ap/arch/lpc21/subsystems/radio_control/ppm_arch.o
LOAD /home/excelobs/paparazzi/var/KMUAV_XB_AS_IMU/ap/./downlink.o
LOAD /home/excelobs/paparazzi/var/KMUAV_XB_AS_IMU/ap/firmwares/fixedwing/datalink.o
LOAD /home/excelobs/paparazzi/var/KMUAV_XB_AS_IMU/ap/./pprz_transport.o
LOAD /home/excelobs/paparazzi/var/KMUAV_XB_AS_IMU/ap/firmwares/fixedwing/stabilization/stabilization_attitude.o
LOAD /home/excelobs/paparazzi/var/KMUAV_XB_AS_IMU/ap/firmwares/fixedwing/guidance/guidance_v.o
LOAD /home/excelobs/paparazzi/var/KMUAV_XB_AS_IMU/ap/./gps_ubx.o
LOAD /home/excelobs/paparazzi/var/KMUAV_XB_AS_IMU/ap/./gps.o
LOAD /home/excelobs/paparazzi/var/KMUAV_XB_AS_IMU/ap/./latlong.o
LOAD /home/excelobs/paparazzi/var/KMUAV_XB_AS_IMU/ap/mcu_periph/i2c.o
LOAD /home/excelobs/paparazzi/var/KMUAV_XB_AS_IMU/ap/arch/lpc21/mcu_periph/i2c_arch.o
LOAD /home/excelobs/paparazzi/var/KMUAV_XB_AS_IMU/ap/subsystems/nav.o
LOAD /home/excelobs/paparazzi/var/KMUAV_XB_AS_IMU/ap/subsystems/navigation/traffic_info.o
LOAD /home/excelobs/paparazzi/var/KMUAV_XB_AS_IMU/ap/subsystems/navigation/nav_survey_rectangle.o
LOAD /home/excelobs/paparazzi/var/KMUAV_XB_AS_IMU/ap/subsystems/navigation/nav_line.o
LOAD /home/excelobs/paparazzi/var/KMUAV_XB_AS_IMU/ap/modules/sensors/airspeed_ets.o
LOAD /home/excelobs/paparazzi/var/KMUAV_XB_AS_IMU/ap/modules/ins/ins_arduimu_basic.o
LOAD /usr/lib/gcc/arm-elf/3.4.4/../../../../arm-elf/lib/thumb/interwork/libc.a
LOAD /usr/lib/gcc/arm-elf/3.4.4/../../../../arm-elf/lib/thumb/interwork/libm.a
LOAD /usr/lib/gcc/arm-elf/3.4.4/../../../../arm-elf/lib/thumb/interwork/libc.a
LOAD /usr/lib/gcc/arm-elf/3.4.4/thumb/interwork/libgcc.a
LOAD /usr/lib/gcc/arm-elf/3.4.4/thumb/interwork/libgcc.a
LOAD /usr/lib/gcc/arm-elf/3.4.4/../../../../arm-elf/lib/thumb/interwork/libc.a
LOAD /usr/lib/gcc/arm-elf/3.4.4/thumb/interwork/libgcc.a
                0x00001000                STACK_SIZE = 0x1000

.text           0x00004000    0x1b992
 *(.init)
 .init          0x00004000      0x13c /home/excelobs/paparazzi/var/KMUAV_XB_AS_IMU/ap/crt0.o
                0x00004114                reset
                0x00004000                _boot
                0x00004050                _mainCRTStartup
                0x00004114                abort
                0x00004050                _start
                0x00004114                _reset
                0x00004114                exit
                0x00004050                start
 *(.text .text.*)
 .text.mcu_init
                0x0000413c       0x98 /home/excelobs/paparazzi/var/KMUAV_XB_AS_IMU/ap/mcu.o
                0x0000413c                mcu_init
 .text.mcu_arch_init
                0x000041d4       0x94 /home/excelobs/paparazzi/var/KMUAV_XB_AS_IMU/ap/arch/lpc21/mcu_arch.o
                0x000041d4                mcu_arch_init
 .text.init_fbw
                0x00004268      0x134 /home/excelobs/paparazzi/var/KMUAV_XB_AS_IMU/ap/firmwares/fixedwing/main_fbw.o
                0x00004268                init_fbw
 .text.event_task_fbw
                0x0000439c      0x8d0 /home/excelobs/paparazzi/var/KMUAV_XB_AS_IMU/ap/firmwares/fixedwing/main_fbw.o
                0x0000439c                event_task_fbw
 .text.periodic_task_fbw
                0x00004c6c      0xd1c /home/excelobs/paparazzi/var/KMUAV_XB_AS_IMU/ap/firmwares/fixedwing/main_fbw.o
                0x00004c6c                periodic_task_fbw
 .text.electrical_init
                0x00005988       0x4c /home/excelobs/paparazzi/var/KMUAV_XB_AS_IMU/ap/subsystems/electrical.o
                0x00005988                electrical_init
 .text.electrical_periodic
                0x000059d4      0x184 /home/excelobs/paparazzi/var/KMUAV_XB_AS_IMU/ap/subsystems/electrical.o
                0x000059d4                electrical_periodic
 .text.navigation_task
                0x00005b58      0x9f8 /home/excelobs/paparazzi/var/KMUAV_XB_AS_IMU/ap/firmwares/fixedwing/main_ap.o
 .text.periodic_task_ap
                0x00006550     0x7920 /home/excelobs/paparazzi/var/KMUAV_XB_AS_IMU/ap/firmwares/fixedwing/main_ap.o
                0x00006550                periodic_task_ap
 .text.init_ap  0x0000de70       0x78 /home/excelobs/paparazzi/var/KMUAV_XB_AS_IMU/ap/firmwares/fixedwing/main_ap.o
                0x0000de70                init_ap
 .text.event_task_ap
                0x0000dee8      0x790 /home/excelobs/paparazzi/var/KMUAV_XB_AS_IMU/ap/firmwares/fixedwing/main_ap.o
                0x0000dee8                event_task_ap
 .text.alt_kalman
                0x0000e678      0x240 /home/excelobs/paparazzi/var/KMUAV_XB_AS_IMU/ap/./estimator.o
                0x0000e678                alt_kalman
 .text.estimator_init
                0x0000e8b8       0xe4 /home/excelobs/paparazzi/var/KMUAV_XB_AS_IMU/ap/./estimator.o
                0x0000e8b8                estimator_init
 .text.estimator_propagate_state
                0x0000e99c        0x4 /home/excelobs/paparazzi/var/KMUAV_XB_AS_IMU/ap/./estimator.o
                0x0000e99c                estimator_propagate_state
 .text.alt_kalman_reset
                0x0000e9a0       0x24 /home/excelobs/paparazzi/var/KMUAV_XB_AS_IMU/ap/./estimator.o
                0x0000e9a0                alt_kalman_reset
 .text.alt_kalman_init
                0x0000e9c4       0x14 /home/excelobs/paparazzi/var/KMUAV_XB_AS_IMU/ap/./estimator.o
                0x0000e9c4                alt_kalman_init
 .text.estimator_update_state_gps
                0x0000e9d8      0x240 /home/excelobs/paparazzi/var/KMUAV_XB_AS_IMU/ap/./estimator.o
                0x0000e9d8                estimator_update_state_gps
 .text.disableIRQ
                0x0000ec18       0x10 /home/excelobs/paparazzi/var/KMUAV_XB_AS_IMU/ap/arch/lpc21/armVIC.o
                0x0000ec18                disableIRQ
 .text.restoreIRQ
                0x0000ec28       0x1c /home/excelobs/paparazzi/var/KMUAV_XB_AS_IMU/ap/arch/lpc21/armVIC.o
                0x0000ec28                restoreIRQ
 .text.enableIRQ
                0x0000ec44       0x10 /home/excelobs/paparazzi/var/KMUAV_XB_AS_IMU/ap/arch/lpc21/armVIC.o
                0x0000ec44                enableIRQ
 .text.main     0x0000ec54       0xe8 /home/excelobs/paparazzi/var/KMUAV_XB_AS_IMU/ap/firmwares/fixedwing/main.o
                0x0000ec54                main
 .text.TIMER0_ISR
                0x0000ed3c      0x1c0 /home/excelobs/paparazzi/var/KMUAV_XB_AS_IMU/ap/arch/lpc21/sys_time_hw.o
                0x0000ed3c                TIMER0_ISR
 .text.uart0_init_param
                0x0000eefc       0xe0 /home/excelobs/paparazzi/var/KMUAV_XB_AS_IMU/ap/arch/lpc21/mcu_periph/uart_arch.o
                0x0000eefc                uart0_init_param
 .text.uart0_init
                0x0000efdc       0x10 /home/excelobs/paparazzi/var/KMUAV_XB_AS_IMU/ap/arch/lpc21/mcu_periph/uart_arch.o
                0x0000efdc                uart0_init
 .text.uart0_ISR
                0x0000efec      0x168 /home/excelobs/paparazzi/var/KMUAV_XB_AS_IMU/ap/arch/lpc21/mcu_periph/uart_arch.o
                0x0000efec                uart0_ISR
 .text.uart1_init_param
                0x0000f154       0xe0 /home/excelobs/paparazzi/var/KMUAV_XB_AS_IMU/ap/arch/lpc21/mcu_periph/uart_arch.o
                0x0000f154                uart1_init_param
 .text.uart1_init
                0x0000f234       0x10 /home/excelobs/paparazzi/var/KMUAV_XB_AS_IMU/ap/arch/lpc21/mcu_periph/uart_arch.o
                0x0000f234                uart1_init
 .text.uart1_check_free_space
                0x0000f244       0x50 /home/excelobs/paparazzi/var/KMUAV_XB_AS_IMU/ap/arch/lpc21/mcu_periph/uart_arch.o
                0x0000f244                uart1_check_free_space
 .text.uart1_transmit
                0x0000f294       0xa4 /home/excelobs/paparazzi/var/KMUAV_XB_AS_IMU/ap/arch/lpc21/mcu_periph/uart_arch.o
                0x0000f294                uart1_transmit
 .text.uart1_ISR
                0x0000f338      0x178 /home/excelobs/paparazzi/var/KMUAV_XB_AS_IMU/ap/arch/lpc21/mcu_periph/uart_arch.o
                0x0000f338                uart1_ISR
 .text.settings_init
                0x0000f4b0        0x4 /home/excelobs/paparazzi/var/KMUAV_XB_AS_IMU/ap/subsystems/settings.o
                0x0000f4b0                settings_init
 .text.adc_buf_channel
                0x0000f4b4       0x18 /home/excelobs/paparazzi/var/KMUAV_XB_AS_IMU/ap/arch/lpc21/mcu_periph/adc_arch.o
                0x0000f4b4                adc_buf_channel
 .text.adc_init
                0x0000f4cc       0x64 /home/excelobs/paparazzi/var/KMUAV_XB_AS_IMU/ap/arch/lpc21/mcu_periph/adc_arch.o
                0x0000f4cc                adc_init
 .text.adcISR1  0x0000f530       0xa8 /home/excelobs/paparazzi/var/KMUAV_XB_AS_IMU/ap/arch/lpc21/mcu_periph/adc_arch.o
                0x0000f530                adcISR1
 .text.actuators_init
                0x0000f5d8       0xc8 /home/excelobs/paparazzi/var/KMUAV_XB_AS_IMU/ap/arch/lpc21/servos_4017_hw.o
                0x0000f5d8                actuators_init
 .text.radio_control_impl_init
                0x0000f6a0       0x28 /home/excelobs/paparazzi/var/KMUAV_XB_AS_IMU/ap/subsystems/radio_control/ppm.o
                0x0000f6a0                radio_control_impl_init
 .text.ppm_arch_init
                0x0000f6c8       0x60 /home/excelobs/paparazzi/var/KMUAV_XB_AS_IMU/ap/arch/lpc21/subsystems/radio_control/ppm_arch.o
                0x0000f6c8                ppm_arch_init
 .text.dl_parse_msg
                0x0000f728     0x15c0 /home/excelobs/paparazzi/var/KMUAV_XB_AS_IMU/ap/firmwares/fixedwing/datalink.o
                0x0000f728                dl_parse_msg
 .text.h_ctl_init
                0x00010ce8      0x13c /home/excelobs/paparazzi/var/KMUAV_XB_AS_IMU/ap/firmwares/fixedwing/stabilization/stabilization_attitude.o
                0x00010ce8                h_ctl_init
 .text.h_ctl_course_loop
                0x00010e24      0x2d8 /home/excelobs/paparazzi/var/KMUAV_XB_AS_IMU/ap/firmwares/fixedwing/stabilization/stabilization_attitude.o
                0x00010e24                h_ctl_course_loop
 .text.h_ctl_attitude_loop
                0x000110fc      0x3ec /home/excelobs/paparazzi/var/KMUAV_XB_AS_IMU/ap/firmwares/fixedwing/stabilization/stabilization_attitude.o
                0x000110fc                h_ctl_attitude_loop
 .text.v_ctl_init
                0x000114e8      0x1d8 /home/excelobs/paparazzi/var/KMUAV_XB_AS_IMU/ap/firmwares/fixedwing/guidance/guidance_v.o
                0x000114e8                v_ctl_init
 .text.v_ctl_altitude_loop
                0x000116c0      0x19c /home/excelobs/paparazzi/var/KMUAV_XB_AS_IMU/ap/firmwares/fixedwing/guidance/guidance_v.o
                0x000116c0                v_ctl_altitude_loop
 .text.v_ctl_climb_loop
                0x0001185c      0x484 /home/excelobs/paparazzi/var/KMUAV_XB_AS_IMU/ap/firmwares/fixedwing/guidance/guidance_v.o
                0x0001185c                v_ctl_climb_loop
 .text.v_ctl_throttle_slew
                0x00011ce0       0xa0 /home/excelobs/paparazzi/var/KMUAV_XB_AS_IMU/ap/firmwares/fixedwing/guidance/guidance_v.o
                0x00011ce0                v_ctl_throttle_slew
 .text.gps_init
                0x00011d80       0x14 /home/excelobs/paparazzi/var/KMUAV_XB_AS_IMU/ap/./gps_ubx.o
                0x00011d80                gps_init
 .text.parse_gps_msg
                0x00011d94      0x4a0 /home/excelobs/paparazzi/var/KMUAV_XB_AS_IMU/ap/./gps_ubx.o
                0x00011d94                parse_gps_msg
 .text.parse_ubx
                0x00012234      0x1cc /home/excelobs/paparazzi/var/KMUAV_XB_AS_IMU/ap/./gps_ubx.o
                0x00012234                parse_ubx
 .text.gps_send
                0x00012400      0x9fc /home/excelobs/paparazzi/var/KMUAV_XB_AS_IMU/ap/./gps.o
                0x00012400                gps_send
 .text.gps_downlink
                0x00012dfc        0x4 /home/excelobs/paparazzi/var/KMUAV_XB_AS_IMU/ap/./gps.o
                0x00012dfc                gps_downlink
 .text.latlong_utm_of
                0x00012e00      0x420 /home/excelobs/paparazzi/var/KMUAV_XB_AS_IMU/ap/./latlong.o
                0x00012e00                latlong_utm_of
 .text.i2c_init
                0x00013220       0x14 /home/excelobs/paparazzi/var/KMUAV_XB_AS_IMU/ap/mcu_periph/i2c.o
                0x00013220                i2c_init
 .text.i2c0_init
                0x00013234       0x24 /home/excelobs/paparazzi/var/KMUAV_XB_AS_IMU/ap/mcu_periph/i2c.o
                0x00013234                i2c0_init
 .text.i2c1_init
                0x00013258       0x24 /home/excelobs/paparazzi/var/KMUAV_XB_AS_IMU/ap/mcu_periph/i2c.o
                0x00013258                i2c1_init
 .text.i2c0_ISR
                0x0001327c      0x2d8 /home/excelobs/paparazzi/var/KMUAV_XB_AS_IMU/ap/arch/lpc21/mcu_periph/i2c_arch.o
                0x0001327c                i2c0_ISR
 .text.i2c0_hw_init
                0x00013554       0x78 /home/excelobs/paparazzi/var/KMUAV_XB_AS_IMU/ap/arch/lpc21/mcu_periph/i2c_arch.o
                0x00013554                i2c0_hw_init
 .text.i2c1_ISR
                0x000135cc      0x2d8 /home/excelobs/paparazzi/var/KMUAV_XB_AS_IMU/ap/arch/lpc21/mcu_periph/i2c_arch.o
                0x000135cc                i2c1_ISR
 .text.i2c1_hw_init
                0x000138a4       0x78 /home/excelobs/paparazzi/var/KMUAV_XB_AS_IMU/ap/arch/lpc21/mcu_periph/i2c_arch.o
                0x000138a4                i2c1_hw_init
 .text.i2c_submit
                0x0001391c       0x84 /home/excelobs/paparazzi/var/KMUAV_XB_AS_IMU/ap/arch/lpc21/mcu_periph/i2c_arch.o
                0x0001391c                i2c_submit
 .text.nav_init_stage
                0x000139a0       0x8c /home/excelobs/paparazzi/var/KMUAV_XB_AS_IMU/ap/subsystems/nav.o
                0x000139a0                nav_init_stage
 .text.fly_to_xy
                0x00013a2c      0x2f0 /home/excelobs/paparazzi/var/KMUAV_XB_AS_IMU/ap/subsystems/nav.o
                0x00013a2c                fly_to_xy
 .text.nav_circle_XY
                0x00013d1c      0x488 /home/excelobs/paparazzi/var/KMUAV_XB_AS_IMU/ap/subsystems/nav.o
                0x00013d1c                nav_circle_XY
 .text.nav_init_block
                0x000141a4       0x38 /home/excelobs/paparazzi/var/KMUAV_XB_AS_IMU/ap/subsystems/nav.o
                0x000141a4                nav_init_block
 .text.nav_update_waypoints_alt
                0x000141dc       0x68 /home/excelobs/paparazzi/var/KMUAV_XB_AS_IMU/ap/subsystems/nav.o
                0x000141dc                nav_update_waypoints_alt
 .text.nav_approaching_xy
                0x00014244      0x104 /home/excelobs/paparazzi/var/KMUAV_XB_AS_IMU/ap/subsystems/nav.o
                0x00014244                nav_approaching_xy
 .text.nav_route_xy
                0x00014348      0x26c /home/excelobs/paparazzi/var/KMUAV_XB_AS_IMU/ap/subsystems/nav.o
                0x00014348                nav_route_xy
 .text.compute_dist2_to_home
                0x000145b4       0xa8 /home/excelobs/paparazzi/var/KMUAV_XB_AS_IMU/ap/subsystems/nav.o
                0x000145b4                compute_dist2_to_home
 .text.nav_reset_reference
                0x0001465c      0x140 /home/excelobs/paparazzi/var/KMUAV_XB_AS_IMU/ap/subsystems/nav.o
                0x0001465c                nav_reset_reference
 .text.nav_goto_block
                0x0001479c       0x44 /home/excelobs/paparazzi/var/KMUAV_XB_AS_IMU/ap/subsystems/nav.o
                0x0001479c                nav_goto_block
 .text.common_nav_periodic_task_4Hz
                0x000147e0       0x54 /home/excelobs/paparazzi/var/KMUAV_XB_AS_IMU/ap/subsystems/nav.o
                0x000147e0                common_nav_periodic_task_4Hz
 .text.nav_move_waypoint
                0x00014834      0x130 /home/excelobs/paparazzi/var/KMUAV_XB_AS_IMU/ap/subsystems/nav.o
                0x00014834                nav_move_waypoint
 .text.nav_set_altitude
                0x00014964       0x68 /home/excelobs/paparazzi/var/KMUAV_XB_AS_IMU/ap/subsystems/nav.o
 .text.nav_home
                0x000149cc       0x90 /home/excelobs/paparazzi/var/KMUAV_XB_AS_IMU/ap/subsystems/nav.o
                0x000149cc                nav_home
 .text.nav_periodic_task
                0x00014a5c      0x7f8 /home/excelobs/paparazzi/var/KMUAV_XB_AS_IMU/ap/subsystems/nav.o
                0x00014a5c                nav_periodic_task
 .text.nav_init
                0x00015254       0x7c /home/excelobs/paparazzi/var/KMUAV_XB_AS_IMU/ap/subsystems/nav.o
                0x00015254                nav_init
 .text.nav_without_gps
                0x000152d0       0x58 /home/excelobs/paparazzi/var/KMUAV_XB_AS_IMU/ap/subsystems/nav.o
                0x000152d0                nav_without_gps
 .text.traffic_info_init
                0x00015328       0x3c /home/excelobs/paparazzi/var/KMUAV_XB_AS_IMU/ap/subsystems/navigation/traffic_info.o
                0x00015328                traffic_info_init
 .text.nav_survey_rectangle_init
                0x00015364      0x5b4 /home/excelobs/paparazzi/var/KMUAV_XB_AS_IMU/ap/subsystems/navigation/nav_survey_rectangle.o
                0x00015364                nav_survey_rectangle_init
 .text.nav_survey_rectangle
                0x00015918      0xa40 /home/excelobs/paparazzi/var/KMUAV_XB_AS_IMU/ap/subsystems/navigation/nav_survey_rectangle.o
                0x00015918                nav_survey_rectangle
 .text.nav_line_init
                0x00016358       0x14 /home/excelobs/paparazzi/var/KMUAV_XB_AS_IMU/ap/subsystems/navigation/nav_line.o
                0x00016358                nav_line_init
 .text.nav_line
                0x0001636c      0xfc8 /home/excelobs/paparazzi/var/KMUAV_XB_AS_IMU/ap/subsystems/navigation/nav_line.o
                0x0001636c                nav_line
 .text.airspeed_ets_init
                0x00017334       0xac /home/excelobs/paparazzi/var/KMUAV_XB_AS_IMU/ap/modules/sensors/airspeed_ets.o
                0x00017334                airspeed_ets_init
 .text.airspeed_ets_read_periodic
                0x000173e0       0x58 /home/excelobs/paparazzi/var/KMUAV_XB_AS_IMU/ap/modules/sensors/airspeed_ets.o
                0x000173e0                airspeed_ets_read_periodic
 .text.airspeed_ets_read_event
                0x00017438      0x1f4 /home/excelobs/paparazzi/var/KMUAV_XB_AS_IMU/ap/modules/sensors/airspeed_ets.o
                0x00017438                airspeed_ets_read_event
 .text.ArduIMU_init
                0x0001762c       0x90 /home/excelobs/paparazzi/var/KMUAV_XB_AS_IMU/ap/modules/ins/ins_arduimu_basic.o
                0x0001762c                ArduIMU_init
 .text.ArduIMU_periodicGPS
                0x000176bc      0x18c /home/excelobs/paparazzi/var/KMUAV_XB_AS_IMU/ap/modules/ins/ins_arduimu_basic.o
                0x000176bc                ArduIMU_periodicGPS
 .text.ArduIMU_periodic
                0x00017848       0x58 /home/excelobs/paparazzi/var/KMUAV_XB_AS_IMU/ap/modules/ins/ins_arduimu_basic.o
                0x00017848                ArduIMU_periodic
 .text.ArduIMU_event
                0x000178a0      0x7a8 /home/excelobs/paparazzi/var/KMUAV_XB_AS_IMU/ap/modules/ins/ins_arduimu_basic.o
                0x000178a0                ArduIMU_event
 .text          0x00018048      0x358 /usr/lib/gcc/arm-elf/3.4.4/../../../../arm-elf/lib/thumb/interwork/libm.a(s_atan.o)
                0x00018048                atan
 .text          0x000183a0       0xb4 /usr/lib/gcc/arm-elf/3.4.4/../../../../arm-elf/lib/thumb/interwork/libm.a(s_cos.o)
                0x000183a0                cos
 .text          0x00018454       0x20 /usr/lib/gcc/arm-elf/3.4.4/../../../../arm-elf/lib/thumb/interwork/libm.a(s_fabs.o)
                0x00018454                fabs
 .text          0x00018474       0xbc /usr/lib/gcc/arm-elf/3.4.4/../../../../arm-elf/lib/thumb/interwork/libm.a(s_sin.o)
                0x00018474                sin
 .text          0x00018530       0x68 /usr/lib/gcc/arm-elf/3.4.4/../../../../arm-elf/lib/thumb/interwork/libm.a(s_tan.o)
                0x00018530                tan
 .text          0x00018598       0x88 /usr/lib/gcc/arm-elf/3.4.4/../../../../arm-elf/lib/thumb/interwork/libm.a(sf_cos.o)
                0x00018598                cosf
 .text          0x00018620       0x8c /usr/lib/gcc/arm-elf/3.4.4/../../../../arm-elf/lib/thumb/interwork/libm.a(sf_sin.o)
                0x00018620                sinf
 .text          0x000186ac       0xb8 /usr/lib/gcc/arm-elf/3.4.4/../../../../arm-elf/lib/thumb/interwork/libm.a(w_asin.o)
                0x000186ac                asin
 .text          0x00018764       0xcc /usr/lib/gcc/arm-elf/3.4.4/../../../../arm-elf/lib/thumb/interwork/libm.a(w_atan2.o)
                0x00018764                atan2
 .text          0x00018830       0xcc /usr/lib/gcc/arm-elf/3.4.4/../../../../arm-elf/lib/thumb/interwork/libm.a(w_cosh.o)
                0x00018830                cosh
 .text          0x000188fc       0xfc /usr/lib/gcc/arm-elf/3.4.4/../../../../arm-elf/lib/thumb/interwork/libm.a(w_exp.o)
                0x000188fc                exp
 .text          0x000189f8       0xf0 /usr/lib/gcc/arm-elf/3.4.4/../../../../arm-elf/lib/thumb/interwork/libm.a(w_log.o)
                0x000189f8                log
 .text          0x00018ae8      0x324 /usr/lib/gcc/arm-elf/3.4.4/../../../../arm-elf/lib/thumb/interwork/libm.a(w_pow.o)
                0x00018ae8                pow
 .text          0x00018e0c      0x118 /usr/lib/gcc/arm-elf/3.4.4/../../../../arm-elf/lib/thumb/interwork/libm.a(w_sinh.o)
                0x00018e0c                sinh
 .text          0x00018f24       0xc8 /usr/lib/gcc/arm-elf/3.4.4/../../../../arm-elf/lib/thumb/interwork/libm.a(w_sqrt.o)
                0x00018f24                sqrt
 .text          0x00018fec       0xc4 /usr/lib/gcc/arm-elf/3.4.4/../../../../arm-elf/lib/thumb/interwork/libm.a(wf_atan2.o)
                0x00018fec                atan2f
 .text          0x000190b0       0xb4 /usr/lib/gcc/arm-elf/3.4.4/../../../../arm-elf/lib/thumb/interwork/libm.a(wf_sqrt.o)
                0x000190b0                sqrtf
 .text          0x00019164      0x418 /usr/lib/gcc/arm-elf/3.4.4/../../../../arm-elf/lib/thumb/interwork/libm.a(e_asin.o)
                0x00019164                __ieee754_asin
 .text          0x0001957c      0x21c /usr/lib/gcc/arm-elf/3.4.4/../../../../arm-elf/lib/thumb/interwork/libm.a(e_atan2.o)
                0x0001957c                __ieee754_atan2
 .text          0x00019798      0x140 /usr/lib/gcc/arm-elf/3.4.4/../../../../arm-elf/lib/thumb/interwork/libm.a(e_cosh.o)
                0x00019798                __ieee754_cosh
 .text          0x000198d8      0x32c /usr/lib/gcc/arm-elf/3.4.4/../../../../arm-elf/lib/thumb/interwork/libm.a(e_exp.o)
                0x000198d8                __ieee754_exp
 .text          0x00019c04      0x44c /usr/lib/gcc/arm-elf/3.4.4/../../../../arm-elf/lib/thumb/interwork/libm.a(e_log.o)
                0x00019c04                __ieee754_log
 .text          0x0001a050      0xb9c /usr/lib/gcc/arm-elf/3.4.4/../../../../arm-elf/lib/thumb/interwork/libm.a(e_pow.o)
                0x0001a050                __ieee754_pow
 .text          0x0001abec      0x4a0 /usr/lib/gcc/arm-elf/3.4.4/../../../../arm-elf/lib/thumb/interwork/libm.a(e_rem_pio2.o)
                0x0001abec                __ieee754_rem_pio2
 .text          0x0001b08c      0x18c /usr/lib/gcc/arm-elf/3.4.4/../../../../arm-elf/lib/thumb/interwork/libm.a(e_sinh.o)
                0x0001b08c                __ieee754_sinh
 .text          0x0001b218      0x1e4 /usr/lib/gcc/arm-elf/3.4.4/../../../../arm-elf/lib/thumb/interwork/libm.a(e_sqrt.o)
                0x0001b218                __ieee754_sqrt
 .text          0x0001b3fc      0x180 /usr/lib/gcc/arm-elf/3.4.4/../../../../arm-elf/lib/thumb/interwork/libm.a(ef_atan2.o)
                0x0001b3fc                __ieee754_atan2f
 .text          0x0001b57c      0x2f8 /usr/lib/gcc/arm-elf/3.4.4/../../../../arm-elf/lib/thumb/interwork/libm.a(ef_rem_pio2.o)
                0x0001b57c                __ieee754_rem_pio2f
 .text          0x0001b874       0xac /usr/lib/gcc/arm-elf/3.4.4/../../../../arm-elf/lib/thumb/interwork/libm.a(ef_sqrt.o)
                0x0001b874                __ieee754_sqrtf
 .text          0x0001b920      0x1e8 /usr/lib/gcc/arm-elf/3.4.4/../../../../arm-elf/lib/thumb/interwork/libm.a(k_cos.o)
                0x0001b920                __kernel_cos
 .text          0x0001bb08      0x7ec /usr/lib/gcc/arm-elf/3.4.4/../../../../arm-elf/lib/thumb/interwork/libm.a(k_rem_pio2.o)
                0x0001bb08                __kernel_rem_pio2
 .text          0x0001c2f4      0x15c /usr/lib/gcc/arm-elf/3.4.4/../../../../arm-elf/lib/thumb/interwork/libm.a(k_sin.o)
                0x0001c2f4                __kernel_sin
 .text          0x0001c450      0x3e4 /usr/lib/gcc/arm-elf/3.4.4/../../../../arm-elf/lib/thumb/interwork/libm.a(k_tan.o)
                0x0001c450                __kernel_tan
 .text          0x0001c834      0x140 /usr/lib/gcc/arm-elf/3.4.4/../../../../arm-elf/lib/thumb/interwork/libm.a(kf_cos.o)
                0x0001c834                __kernel_cosf
 .text          0x0001c974      0x654 /usr/lib/gcc/arm-elf/3.4.4/../../../../arm-elf/lib/thumb/interwork/libm.a(kf_rem_pio2.o)
                0x0001c974                __kernel_rem_pio2f
 .text          0x0001cfc8       0xfc /usr/lib/gcc/arm-elf/3.4.4/../../../../arm-elf/lib/thumb/interwork/libm.a(kf_sin.o)
                0x0001cfc8                __kernel_sinf
 .text          0x0001d0c4      0x4bc /usr/lib/gcc/arm-elf/3.4.4/../../../../arm-elf/lib/thumb/interwork/libm.a(s_expm1.o)
                0x0001d0c4                expm1
 .text          0x0001d580       0x14 /usr/lib/gcc/arm-elf/3.4.4/../../../../arm-elf/lib/thumb/interwork/libm.a(s_finite.o)
                0x0001d580                finite
 .text          0x0001d594      0x144 /usr/lib/gcc/arm-elf/3.4.4/../../../../arm-elf/lib/thumb/interwork/libm.a(s_floor.o)
                0x0001d594                floor
 .text          0x0001d6d8       0x28 /usr/lib/gcc/arm-elf/3.4.4/../../../../arm-elf/lib/thumb/interwork/libm.a(s_isnan.o)
                0x0001d6d8                isnan
 .text          0x0001d700        0x4 /usr/lib/gcc/arm-elf/3.4.4/../../../../arm-elf/lib/thumb/interwork/libm.a(s_matherr.o)
                0x0001d700                matherr
 .text          0x0001d704      0x168 /usr/lib/gcc/arm-elf/3.4.4/../../../../arm-elf/lib/thumb/interwork/libm.a(s_rint.o)
                0x0001d704                rint
 .text          0x0001d86c      0x120 /usr/lib/gcc/arm-elf/3.4.4/../../../../arm-elf/lib/thumb/interwork/libm.a(s_scalbn.o)
                0x0001d86c                scalbn
 .text          0x0001d98c      0x238 /usr/lib/gcc/arm-elf/3.4.4/../../../../arm-elf/lib/thumb/interwork/libm.a(sf_atan.o)
                0x0001d98c                atanf
 .text          0x0001dbc4        0xc /usr/lib/gcc/arm-elf/3.4.4/../../../../arm-elf/lib/thumb/interwork/libm.a(sf_fabs.o)
                0x0001dbc4                fabsf
 .text          0x0001dbd0       0x98 /usr/lib/gcc/arm-elf/3.4.4/../../../../arm-elf/lib/thumb/interwork/libm.a(sf_floor.o)
                0x0001dbd0                floorf
 .text          0x0001dc68       0x1c /usr/lib/gcc/arm-elf/3.4.4/../../../../arm-elf/lib/thumb/interwork/libm.a(sf_isnan.o)
                0x0001dc68                isnanf
 .text          0x0001dc84       0xd0 /usr/lib/gcc/arm-elf/3.4.4/../../../../arm-elf/lib/thumb/interwork/libm.a(sf_scalbn.o)
                0x0001dc84                scalbnf
 .text          0x0001dd54       0x1c /usr/lib/gcc/arm-elf/3.4.4/../../../../arm-elf/lib/thumb/interwork/libm.a(s_copysign.o)
                0x0001dd54                copysign
 .text          0x0001dd70       0x14 /usr/lib/gcc/arm-elf/3.4.4/../../../../arm-elf/lib/thumb/interwork/libm.a(sf_copysign.o)
                0x0001dd70                copysignf
 .text          0x0001dd84        0xc /usr/lib/gcc/arm-elf/3.4.4/../../../../arm-elf/lib/thumb/interwork/libc.a(errno.o)
                0x0001dd84                __errno
 .text          0x0001dd90       0x7c /usr/lib/gcc/arm-elf/3.4.4/thumb/interwork/libgcc.a(_udivsi3.o)
                0x0001dd90                __udivsi3
 .text          0x0001de0c       0x94 /usr/lib/gcc/arm-elf/3.4.4/thumb/interwork/libgcc.a(_divsi3.o)
                0x0001de0c                __divsi3
 .text          0x0001dea0        0x4 /usr/lib/gcc/arm-elf/3.4.4/thumb/interwork/libgcc.a(_dvmd_tls.o)
                0x0001dea0                __div0
 .text          0x0001dea4      0x3a8 /usr/lib/gcc/arm-elf/3.4.4/thumb/interwork/libgcc.a(_addsubdf3.o)
                0x0001e1d4                __floatsidf
                0x0001e200                __extendsfdf2
                0x0001dea8                __adddf3
                0x0001e1ac                __floatunsidf
                0x0001dea4                __subdf3
 .text          0x0001e24c      0x4ec /usr/lib/gcc/arm-elf/3.4.4/thumb/interwork/libgcc.a(_muldivdf3.o)
                0x0001e4c4                __divdf3
                0x0001e24c                __muldf3
 .text          0x0001e738       0xb4 /usr/lib/gcc/arm-elf/3.4.4/thumb/interwork/libgcc.a(_cmpdf2.o)
                0x0001e748                __cmpdf2
                0x0001e748                __eqdf2
                0x0001e738                __gtdf2
                0x0001e740                __ltdf2
                0x0001e740                __ledf2
                0x0001e748                __nedf2
                0x0001e738                __gedf2
 .text          0x0001e7ec       0x80 /usr/lib/gcc/arm-elf/3.4.4/thumb/interwork/libgcc.a(_fixdfsi.o)
                0x0001e7ec                __fixdfsi
 .text          0x0001e86c       0x74 /usr/lib/gcc/arm-elf/3.4.4/thumb/interwork/libgcc.a(_fixunsdfsi.o)
                0x0001e86c                __fixunsdfsi
 .text          0x0001e8e0       0xf8 /usr/lib/gcc/arm-elf/3.4.4/thumb/interwork/libgcc.a(_truncdfsf2.o)
                0x0001e8e0                __truncdfsf2
 .text          0x0001e9d8      0x218 /usr/lib/gcc/arm-elf/3.4.4/thumb/interwork/libgcc.a(_addsubsf3.o)
                0x0001e9d8                __subsf3
                0x0001eba4                __floatsisf
                0x0001eb9c                __floatunsisf
                0x0001e9dc                __addsf3
 .text          0x0001ebf0      0x330 /usr/lib/gcc/arm-elf/3.4.4/thumb/interwork/libgcc.a(_muldivsf3.o)
                0x0001ed80                __divsf3
                0x0001ebf0                __mulsf3
 .text          0x0001ef20       0x9c /usr/lib/gcc/arm-elf/3.4.4/thumb/interwork/libgcc.a(_cmpsf2.o)
                0x0001ef28                __lesf2
                0x0001ef30                __nesf2
                0x0001ef20                __gtsf2
                0x0001ef30                __eqsf2
                0x0001ef30                __cmpsf2
                0x0001ef28                __ltsf2
                0x0001ef20                __gesf2
 .text          0x0001efbc       0x68 /usr/lib/gcc/arm-elf/3.4.4/thumb/interwork/libgcc.a(_fixsfsi.o)
                0x0001efbc                __fixsfsi
 .text          0x0001f024       0x5c /usr/lib/gcc/arm-elf/3.4.4/thumb/interwork/libgcc.a(_fixunssfsi.o)
                0x0001f024                __fixunssfsi
 *(.gnu.linkonce.t.*)
 *(.glue_7)
 .glue_7        0x0001f080       0xd8 /usr/lib/gcc/arm-elf/3.4.4/../../../../arm-elf/lib/thumb/interwork/libc.a(impure.o)
                0x0001f0e0                __log_from_arm
                0x0001f0d4                __tan_from_arm
                0x0001f0c8                __atan2_from_arm
                0x0001f0f8                __cosh_from_arm
                0x0001f11c                __cos_from_arm
                0x0001f14c                __sqrtf_from_arm
                0x0001f134                __exp_from_arm
                0x0001f0a4                __cosf_from_arm
                0x0001f128                __atan_from_arm
                0x0001f08c                ____udivsi3_from_arm
                0x0001f080                ____divsi3_from_arm
                0x0001f0ec                __sin_from_arm
                0x0001f0b0                __sinf_from_arm
                0x0001f110                __sinh_from_arm
                0x0001f140                __sqrt_from_arm
                0x0001f098                __pow_from_arm
                0x0001f0bc                __atan2f_from_arm
                0x0001f104                __asin_from_arm
 *(.glue_7t)
 .glue_7t       0x0001f158       0xb8 /usr/lib/gcc/arm-elf/3.4.4/../../../../arm-elf/lib/thumb/interwork/libc.a(impure.o)
                0x0001f170                ____gtdf2_from_thumb
                0x0001f1e0                ____divsf3_from_thumb
                0x0001f204                ____gesf2_change_to_arm
                0x0001f168                ____subdf3_from_thumb
                0x0001f194                ____ltdf2_change_to_arm
                0x0001f1f4                ____fixsfsi_change_to_arm
                0x0001f1a4                ____eqsf2_change_to_arm
                0x0001f1dc                ____addsf3_change_to_arm
                0x0001f16c                ____subdf3_change_to_arm
                0x0001f1f0                ____fixsfsi_from_thumb
                0x0001f1f8                ____floatsisf_from_thumb
                0x0001f1a8                ____extendsfdf2_from_thumb
                0x0001f1d4                ____gedf2_change_to_arm
                0x0001f188                ____eqdf2_from_thumb
                0x0001f200                ____gesf2_from_thumb
                0x0001f1b8                ____ltsf2_from_thumb
                0x0001f1c0                ____fixdfsi_from_thumb
                0x0001f17c                ____divdf3_change_to_arm
                0x0001f1d0                ____gedf2_from_thumb
                0x0001f1b0                ____truncdfsf2_from_thumb
                0x0001f164                ____muldf3_change_to_arm
                0x0001f1e4                ____divsf3_change_to_arm
                0x0001f1c4                ____fixdfsi_change_to_arm
                0x0001f178                ____divdf3_from_thumb
                0x0001f208                ____gtsf2_from_thumb
                0x0001f1ec                ____mulsf3_change_to_arm
                0x0001f15c                ____adddf3_change_to_arm
                0x0001f174                ____gtdf2_change_to_arm
                0x0001f1b4                ____truncdfsf2_change_to_arm
                0x0001f1ac                ____extendsfdf2_change_to_arm
                0x0001f1c8                ____floatsidf_from_thumb
                0x0001f190                ____ltdf2_from_thumb
                0x0001f1fc                ____floatsisf_change_to_arm
                0x0001f19c                ____nedf2_change_to_arm
                0x0001f180                ____subsf3_from_thumb
                0x0001f158                ____adddf3_from_thumb
                0x0001f20c                ____gtsf2_change_to_arm
                0x0001f18c                ____eqdf2_change_to_arm
                0x0001f1bc                ____ltsf2_change_to_arm
                0x0001f1e8                ____mulsf3_from_thumb
                0x0001f1d8                ____addsf3_from_thumb
                0x0001f160                ____muldf3_from_thumb
                0x0001f1a0                ____eqsf2_from_thumb
                0x0001f184                ____subsf3_change_to_arm
                0x0001f198                ____nedf2_from_thumb
                0x0001f1cc                ____floatsidf_change_to_arm
 *(.gcc_except_table)
 *(.rodata)
 .rodata        0x0001f210       0x98 /usr/lib/gcc/arm-elf/3.4.4/../../../../arm-elf/lib/thumb/interwork/libm.a(s_atan.o)
 .rodata        0x0001f2a8       0x30 /usr/lib/gcc/arm-elf/3.4.4/../../../../arm-elf/lib/thumb/interwork/libm.a(e_exp.o)
 .rodata        0x0001f2d8       0x30 /usr/lib/gcc/arm-elf/3.4.4/../../../../arm-elf/lib/thumb/interwork/libm.a(e_pow.o)
 .rodata        0x0001f308      0x188 /usr/lib/gcc/arm-elf/3.4.4/../../../../arm-elf/lib/thumb/interwork/libm.a(e_rem_pio2.o)
 .rodata        0x0001f490      0x398 /usr/lib/gcc/arm-elf/3.4.4/../../../../arm-elf/lib/thumb/interwork/libm.a(ef_rem_pio2.o)
 .rodata        0x0001f828       0x50 /usr/lib/gcc/arm-elf/3.4.4/../../../../arm-elf/lib/thumb/interwork/libm.a(k_rem_pio2.o)
 .rodata        0x0001f878       0x38 /usr/lib/gcc/arm-elf/3.4.4/../../../../arm-elf/lib/thumb/interwork/libm.a(kf_rem_pio2.o)
 .rodata        0x0001f8b0        0x8 /usr/lib/gcc/arm-elf/3.4.4/../../../../arm-elf/lib/thumb/interwork/libm.a(s_infconst.o)
                0x0001f8b0                __infinity
 .rodata        0x0001f8b8        0x4 /usr/lib/gcc/arm-elf/3.4.4/../../../../arm-elf/lib/thumb/interwork/libm.a(s_lib_ver.o)
                0x0001f8b8                __fdlib_version
 .rodata        0x0001f8bc       0x10 /usr/lib/gcc/arm-elf/3.4.4/../../../../arm-elf/lib/thumb/interwork/libm.a(s_rint.o)
 .rodata        0x0001f8cc       0x4c /usr/lib/gcc/arm-elf/3.4.4/../../../../arm-elf/lib/thumb/interwork/libm.a(sf_atan.o)
 *(.rodata*)
 .rodata.commands_failsafe
                0x0001f918        0x6 /home/excelobs/paparazzi/var/KMUAV_XB_AS_IMU/ap/./commands.o
                0x0001f918                commands_failsafe
 .rodata.version
                0x0001f91e        0x2 /home/excelobs/paparazzi/var/KMUAV_XB_AS_IMU/ap/firmwares/fixedwing/main_ap.o
 .rodata.str1.4
                0x0001f920       0x11 /home/excelobs/paparazzi/var/KMUAV_XB_AS_IMU/ap/firmwares/fixedwing/main_ap.o
                                 0x14 (size before relaxing)
 *fill*         0x0001f931        0x3 00
 .rodata.serie_coeff_proj_mercator
                0x0001f934       0x14 /home/excelobs/paparazzi/var/KMUAV_XB_AS_IMU/ap/./latlong.o
 .rodata.nb_waypoint
                0x0001f948        0x1 /home/excelobs/paparazzi/var/KMUAV_XB_AS_IMU/ap/subsystems/nav.o
                0x0001f948                nb_waypoint
 *fill*         0x0001f949        0x3 00
 .rodata.str1.4
                0x0001f94c        0x5 /usr/lib/gcc/arm-elf/3.4.4/../../../../arm-elf/lib/thumb/interwork/libm.a(w_asin.o)
                                  0x8 (size before relaxing)
 *fill*         0x0001f951        0x3 00
 .rodata.str1.4
                0x0001f954        0x6 /usr/lib/gcc/arm-elf/3.4.4/../../../../arm-elf/lib/thumb/interwork/libm.a(w_atan2.o)
                                  0x8 (size before relaxing)
 *fill*         0x0001f95a        0x2 00
 .rodata.str1.4
                0x0001f95c        0x5 /usr/lib/gcc/arm-elf/3.4.4/../../../../arm-elf/lib/thumb/interwork/libm.a(w_cosh.o)
                                  0x8 (size before relaxing)
 *fill*         0x0001f961        0x3 00
 .rodata.str1.4
                0x0001f964        0x4 /usr/lib/gcc/arm-elf/3.4.4/../../../../arm-elf/lib/thumb/interwork/libm.a(w_exp.o)
 .rodata.str1.4
                0x0001f968        0x4 /usr/lib/gcc/arm-elf/3.4.4/../../../../arm-elf/lib/thumb/interwork/libm.a(w_log.o)
 .rodata.str1.4
                0x0001f96c        0x4 /usr/lib/gcc/arm-elf/3.4.4/../../../../arm-elf/lib/thumb/interwork/libm.a(w_pow.o)
 .rodata.str1.4
                0x0001f970        0x5 /usr/lib/gcc/arm-elf/3.4.4/../../../../arm-elf/lib/thumb/interwork/libm.a(w_sinh.o)
                                  0x8 (size before relaxing)
 *fill*         0x0001f975        0x3 00
 .rodata.str1.4
                0x0001f978        0x5 /usr/lib/gcc/arm-elf/3.4.4/../../../../arm-elf/lib/thumb/interwork/libm.a(w_sqrt.o)
                                  0x8 (size before relaxing)
 *fill*         0x0001f97d        0x3 00
 .rodata.str1.4
                0x0001f980        0x7 /usr/lib/gcc/arm-elf/3.4.4/../../../../arm-elf/lib/thumb/interwork/libm.a(wf_atan2.o)
                                  0x8 (size before relaxing)
 *fill*         0x0001f987        0x1 00
 .rodata.str1.4
                0x0001f988        0x6 /usr/lib/gcc/arm-elf/3.4.4/../../../../arm-elf/lib/thumb/interwork/libm.a(wf_sqrt.o)
                                  0x8 (size before relaxing)
 *fill*         0x0001f98e        0x2 00
 .rodata.str1.4
                0x0001f990        0x2 /usr/lib/gcc/arm-elf/3.4.4/../../../../arm-elf/lib/thumb/interwork/libc.a(impure.o)
                                  0x4 (size before relaxing)
 *(.gnu.linkonce.r.*)
                0x0001f994                . = ALIGN (0x4)

.ARM.exidx      0x0001f992        0x0
                0x0001f992                __exidx_start = .
 *(.ARM.exidx* .gnu.linkonce.armexidx.*)
                0x0001f992                __exidx_end = .
                0x0001f994                . = ALIGN (0x4)

.ctors          0x0001f992        0x0
                0x0001f992                PROVIDE (__ctors_start__, .)
 *(SORT(.ctors.*))
 *(.ctors)
                0x0001f992                PROVIDE (__ctors_end__, .)

.dtors          0x0001f992        0x0
                0x0001f992                PROVIDE (__dtors_start__, .)
 *(SORT(.dtors.*))
 *(.dtors)
                0x0001f992                PROVIDE (__dtors_end__, .)
                0x0001f994                . = ALIGN (0x4)
                0x0001f994                _etext = .
                0x0001f994                PROVIDE (etext, .)

.data           0x40000000      0x520 load address 0x0001f994
                0x40000000                _data = .
 *(.data)
 .data          0x40000000      0x404 /usr/lib/gcc/arm-elf/3.4.4/../../../../arm-elf/lib/thumb/interwork/libc.a(impure.o)
                0x40000400                _impure_ptr
 *(.data.*)
 .data.inter_mcu_received_ap
                0x40000404        0x1 /home/excelobs/paparazzi/var/KMUAV_XB_AS_IMU/ap/./inter_mcu.o
                0x40000404                inter_mcu_received_ap
 .data.inter_mcu_received_fbw
                0x40000405        0x1 /home/excelobs/paparazzi/var/KMUAV_XB_AS_IMU/ap/./inter_mcu.o
                0x40000405                inter_mcu_received_fbw
 *fill*         0x40000406        0x2 00
 .data.ap_state
                0x40000408        0x4 /home/excelobs/paparazzi/var/KMUAV_XB_AS_IMU/ap/./inter_mcu.o
                0x40000408                ap_state
 .data.fbw_state
                0x4000040c        0x4 /home/excelobs/paparazzi/var/KMUAV_XB_AS_IMU/ap/./inter_mcu.o
                0x4000040c                fbw_state
 .data.fbw_new_actuators
                0x40000410        0x1 /home/excelobs/paparazzi/var/KMUAV_XB_AS_IMU/ap/firmwares/fixedwing/main_fbw.o
                0x40000410                fbw_new_actuators
 .data.i120.2   0x40000411        0x1 /home/excelobs/paparazzi/var/KMUAV_XB_AS_IMU/ap/firmwares/fixedwing/main_fbw.o
 .data.i300.3   0x40000412        0x2 /home/excelobs/paparazzi/var/KMUAV_XB_AS_IMU/ap/firmwares/fixedwing/main_fbw.o
 .data.i30.4    0x40000414        0x1 /home/excelobs/paparazzi/var/KMUAV_XB_AS_IMU/ap/firmwares/fixedwing/main_fbw.o
 .data.i60.5    0x40000415        0x1 /home/excelobs/paparazzi/var/KMUAV_XB_AS_IMU/ap/firmwares/fixedwing/main_fbw.o
 .data.i300.6   0x40000416        0x2 /home/excelobs/paparazzi/var/KMUAV_XB_AS_IMU/ap/firmwares/fixedwing/main_fbw.o
 .data.gps_lost
                0x40000418        0x1 /home/excelobs/paparazzi/var/KMUAV_XB_AS_IMU/ap/firmwares/fixedwing/main_ap.o
                0x40000418                gps_lost
 .data.launch   0x40000419        0x1 /home/excelobs/paparazzi/var/KMUAV_XB_AS_IMU/ap/firmwares/fixedwing/main_ap.o
                0x40000419                launch
 .data.kill_throttle
                0x4000041a        0x1 /home/excelobs/paparazzi/var/KMUAV_XB_AS_IMU/ap/firmwares/fixedwing/main_ap.o
                0x4000041a                kill_throttle
 .data.lateral_mode
                0x4000041b        0x1 /home/excelobs/paparazzi/var/KMUAV_XB_AS_IMU/ap/firmwares/fixedwing/main_ap.o
                0x4000041b                lateral_mode
 .data.pprz_mode
                0x4000041c        0x1 /home/excelobs/paparazzi/var/KMUAV_XB_AS_IMU/ap/firmwares/fixedwing/main_ap.o
                0x4000041c                pprz_mode
 .data.rc_settings_mode
                0x4000041d        0x1 /home/excelobs/paparazzi/var/KMUAV_XB_AS_IMU/ap/firmwares/fixedwing/main_ap.o
                0x4000041d                rc_settings_mode
 .data._60Hz.4  0x4000041e        0x1 /home/excelobs/paparazzi/var/KMUAV_XB_AS_IMU/ap/firmwares/fixedwing/main_ap.o
 .data._20Hz.5  0x4000041f        0x1 /home/excelobs/paparazzi/var/KMUAV_XB_AS_IMU/ap/firmwares/fixedwing/main_ap.o
 .data._10Hz.6  0x40000420        0x1 /home/excelobs/paparazzi/var/KMUAV_XB_AS_IMU/ap/firmwares/fixedwing/main_ap.o
 .data._4Hz.7   0x40000421        0x1 /home/excelobs/paparazzi/var/KMUAV_XB_AS_IMU/ap/firmwares/fixedwing/main_ap.o
 .data._1Hz.8   0x40000422        0x1 /home/excelobs/paparazzi/var/KMUAV_XB_AS_IMU/ap/firmwares/fixedwing/main_ap.o
 .data.boot.10  0x40000423        0x1 /home/excelobs/paparazzi/var/KMUAV_XB_AS_IMU/ap/firmwares/fixedwing/main_ap.o
 .data.i6.11    0x40000424        0x1 /home/excelobs/paparazzi/var/KMUAV_XB_AS_IMU/ap/firmwares/fixedwing/main_ap.o
 .data.i15.12   0x40000425        0x1 /home/excelobs/paparazzi/var/KMUAV_XB_AS_IMU/ap/firmwares/fixedwing/main_ap.o
 .data.i30.13   0x40000426        0x1 /home/excelobs/paparazzi/var/KMUAV_XB_AS_IMU/ap/firmwares/fixedwing/main_ap.o
 .data.i36.14   0x40000427        0x1 /home/excelobs/paparazzi/var/KMUAV_XB_AS_IMU/ap/firmwares/fixedwing/main_ap.o
 .data.i48.15   0x40000428        0x1 /home/excelobs/paparazzi/var/KMUAV_XB_AS_IMU/ap/firmwares/fixedwing/main_ap.o
 .data.i60.16   0x40000429        0x1 /home/excelobs/paparazzi/var/KMUAV_XB_AS_IMU/ap/firmwares/fixedwing/main_ap.o
 .data.i63.17   0x4000042a        0x1 /home/excelobs/paparazzi/var/KMUAV_XB_AS_IMU/ap/firmwares/fixedwing/main_ap.o
 .data.i66.18   0x4000042b        0x1 /home/excelobs/paparazzi/var/KMUAV_XB_AS_IMU/ap/firmwares/fixedwing/main_ap.o
 .data.i72.19   0x4000042c        0x1 /home/excelobs/paparazzi/var/KMUAV_XB_AS_IMU/ap/firmwares/fixedwing/main_ap.o
 .data.i90.20   0x4000042d        0x1 /home/excelobs/paparazzi/var/KMUAV_XB_AS_IMU/ap/firmwares/fixedwing/main_ap.o
 .data.i120.21  0x4000042e        0x1 /home/excelobs/paparazzi/var/KMUAV_XB_AS_IMU/ap/firmwares/fixedwing/main_ap.o
 .data.i126.22  0x4000042f        0x1 /home/excelobs/paparazzi/var/KMUAV_XB_AS_IMU/ap/firmwares/fixedwing/main_ap.o
 .data.i150.23  0x40000430        0x1 /home/excelobs/paparazzi/var/KMUAV_XB_AS_IMU/ap/firmwares/fixedwing/main_ap.o
 *fill*         0x40000431        0x1 00
 .data.i300.24  0x40000432        0x2 /home/excelobs/paparazzi/var/KMUAV_XB_AS_IMU/ap/firmwares/fixedwing/main_ap.o
 .data.i306.25  0x40000434        0x2 /home/excelobs/paparazzi/var/KMUAV_XB_AS_IMU/ap/firmwares/fixedwing/main_ap.o
 .data.i540.26  0x40000436        0x2 /home/excelobs/paparazzi/var/KMUAV_XB_AS_IMU/ap/firmwares/fixedwing/main_ap.o
 .data.i63.30   0x40000438        0x1 /home/excelobs/paparazzi/var/KMUAV_XB_AS_IMU/ap/firmwares/fixedwing/main_ap.o
 .data.i66.31   0x40000439        0x1 /home/excelobs/paparazzi/var/KMUAV_XB_AS_IMU/ap/firmwares/fixedwing/main_ap.o
 .data.i78.32   0x4000043a        0x1 /home/excelobs/paparazzi/var/KMUAV_XB_AS_IMU/ap/firmwares/fixedwing/main_ap.o
 .data.i84.33   0x4000043b        0x1 /home/excelobs/paparazzi/var/KMUAV_XB_AS_IMU/ap/firmwares/fixedwing/main_ap.o
 .data.i90.34   0x4000043c        0x1 /home/excelobs/paparazzi/var/KMUAV_XB_AS_IMU/ap/firmwares/fixedwing/main_ap.o
 .data.i126.35  0x4000043d        0x1 /home/excelobs/paparazzi/var/KMUAV_XB_AS_IMU/ap/firmwares/fixedwing/main_ap.o
 .data.i180.36  0x4000043e        0x1 /home/excelobs/paparazzi/var/KMUAV_XB_AS_IMU/ap/firmwares/fixedwing/main_ap.o
 .data.i183.37  0x4000043f        0x1 /home/excelobs/paparazzi/var/KMUAV_XB_AS_IMU/ap/firmwares/fixedwing/main_ap.o
 .data.i192.38  0x40000440        0x1 /home/excelobs/paparazzi/var/KMUAV_XB_AS_IMU/ap/firmwares/fixedwing/main_ap.o
 .data.i240.39  0x40000441        0x1 /home/excelobs/paparazzi/var/KMUAV_XB_AS_IMU/ap/firmwares/fixedwing/main_ap.o
 .data.i243.40  0x40000442        0x1 /home/excelobs/paparazzi/var/KMUAV_XB_AS_IMU/ap/firmwares/fixedwing/main_ap.o
 *fill*         0x40000443        0x1 00
 .data.i300.41  0x40000444        0x2 /home/excelobs/paparazzi/var/KMUAV_XB_AS_IMU/ap/firmwares/fixedwing/main_ap.o
 .data.i306.42  0x40000446        0x2 /home/excelobs/paparazzi/var/KMUAV_XB_AS_IMU/ap/firmwares/fixedwing/main_ap.o
 .data.i312.43  0x40000448        0x2 /home/excelobs/paparazzi/var/KMUAV_XB_AS_IMU/ap/firmwares/fixedwing/main_ap.o
 .data.i540.44  0x4000044a        0x2 /home/excelobs/paparazzi/var/KMUAV_XB_AS_IMU/ap/firmwares/fixedwing/main_ap.o
 .data.i606.45  0x4000044c        0x2 /home/excelobs/paparazzi/var/KMUAV_XB_AS_IMU/ap/firmwares/fixedwing/main_ap.o
 .data.i300.49  0x4000044e        0x2 /home/excelobs/paparazzi/var/KMUAV_XB_AS_IMU/ap/firmwares/fixedwing/main_ap.o
 .data.i306.50  0x40000450        0x2 /home/excelobs/paparazzi/var/KMUAV_XB_AS_IMU/ap/firmwares/fixedwing/main_ap.o
 .data.i318.51  0x40000452        0x2 /home/excelobs/paparazzi/var/KMUAV_XB_AS_IMU/ap/firmwares/fixedwing/main_ap.o
 .data.i324.52  0x40000454        0x2 /home/excelobs/paparazzi/var/KMUAV_XB_AS_IMU/ap/firmwares/fixedwing/main_ap.o
 .data.i330.53  0x40000456        0x2 /home/excelobs/paparazzi/var/KMUAV_XB_AS_IMU/ap/firmwares/fixedwing/main_ap.o
 .data.i342.54  0x40000458        0x2 /home/excelobs/paparazzi/var/KMUAV_XB_AS_IMU/ap/firmwares/fixedwing/main_ap.o
 .data.i606.55  0x4000045a        0x2 /home/excelobs/paparazzi/var/KMUAV_XB_AS_IMU/ap/firmwares/fixedwing/main_ap.o
 .data.i612.56  0x4000045c        0x2 /home/excelobs/paparazzi/var/KMUAV_XB_AS_IMU/ap/firmwares/fixedwing/main_ap.o
 .data.t.9      0x4000045e        0x1 /home/excelobs/paparazzi/var/KMUAV_XB_AS_IMU/ap/firmwares/fixedwing/main_ap.o
 .data.pprz_status.0
                0x4000045f        0x1 /home/excelobs/paparazzi/var/KMUAV_XB_AS_IMU/ap/firmwares/fixedwing/main_ap.o
 .data.adc1_val
                0x40000460       0x10 /home/excelobs/paparazzi/var/KMUAV_XB_AS_IMU/ap/arch/lpc21/mcu_periph/adc_arch.o
                0x40000460                adc1_val
 .data.telemetry_mode_Ap_DefaultChannel
                0x40000470        0x1 /home/excelobs/paparazzi/var/KMUAV_XB_AS_IMU/ap/./downlink.o
                0x40000470                telemetry_mode_Ap_DefaultChannel
 .data.telemetry_mode_Fbw_DefaultChannel
                0x40000471        0x1 /home/excelobs/paparazzi/var/KMUAV_XB_AS_IMU/ap/./downlink.o
                0x40000471                telemetry_mode_Fbw_DefaultChannel
 .data.pprz_msg_received
                0x40000472        0x1 /home/excelobs/paparazzi/var/KMUAV_XB_AS_IMU/ap/./pprz_transport.o
                0x40000472                pprz_msg_received
 *fill*         0x40000473        0x1 00
 .data.v_ctl_auto_throttle_dash_trim
                0x40000474        0x4 /home/excelobs/paparazzi/var/KMUAV_XB_AS_IMU/ap/firmwares/fixedwing/stabilization/stabilization_attitude.o
                0x40000474                v_ctl_auto_throttle_dash_trim
 .data.v_ctl_auto_throttle_loiter_trim
                0x40000478        0x4 /home/excelobs/paparazzi/var/KMUAV_XB_AS_IMU/ap/firmwares/fixedwing/stabilization/stabilization_attitude.o
                0x40000478                v_ctl_auto_throttle_loiter_trim
 .data.v_ctl_climb_setpoint_last.0
                0x4000047c        0x4 /home/excelobs/paparazzi/var/KMUAV_XB_AS_IMU/ap/firmwares/fixedwing/guidance/guidance_v.o
 .data.max_dist_from_home
                0x40000480        0x4 /home/excelobs/paparazzi/var/KMUAV_XB_AS_IMU/ap/subsystems/nav.o
                0x40000480                max_dist_from_home
 .data.nav_utm_zone0
                0x40000484        0x1 /home/excelobs/paparazzi/var/KMUAV_XB_AS_IMU/ap/subsystems/nav.o
                0x40000484                nav_utm_zone0
 *fill*         0x40000485        0x3 00
 .data.nav_utm_north0
                0x40000488        0x4 /home/excelobs/paparazzi/var/KMUAV_XB_AS_IMU/ap/subsystems/nav.o
                0x40000488                nav_utm_north0
 .data.nav_utm_east0
                0x4000048c        0x4 /home/excelobs/paparazzi/var/KMUAV_XB_AS_IMU/ap/subsystems/nav.o
                0x4000048c                nav_utm_east0
 .data.waypoints
                0x40000490       0x78 /home/excelobs/paparazzi/var/KMUAV_XB_AS_IMU/ap/subsystems/nav.o
                0x40000490                waypoints
 .data.nav_altitude
                0x40000508        0x4 /home/excelobs/paparazzi/var/KMUAV_XB_AS_IMU/ap/subsystems/nav.o
                0x40000508                nav_altitude
 .data.circle_bank
                0x4000050c        0x4 /home/excelobs/paparazzi/var/KMUAV_XB_AS_IMU/ap/subsystems/nav.o
                0x4000050c                circle_bank
 .data.nav_in_segment
                0x40000510        0x1 /home/excelobs/paparazzi/var/KMUAV_XB_AS_IMU/ap/subsystems/nav.o
                0x40000510                nav_in_segment
 .data.nav_in_circle
                0x40000511        0x1 /home/excelobs/paparazzi/var/KMUAV_XB_AS_IMU/ap/subsystems/nav.o
                0x40000511                nav_in_circle
 .data.prescaler.1
                0x40000512        0x2 /home/excelobs/paparazzi/var/KMUAV_XB_AS_IMU/ap/subsystems/nav.o
 .data.survey_uturn
                0x40000514        0x1 /home/excelobs/paparazzi/var/KMUAV_XB_AS_IMU/ap/subsystems/navigation/nav_survey_rectangle.o
 *fill*         0x40000515        0x3 00
 .data.survey_orientation
                0x40000518        0x4 /home/excelobs/paparazzi/var/KMUAV_XB_AS_IMU/ap/subsystems/navigation/nav_survey_rectangle.o
 .data.prescaler.0
                0x4000051c        0x2 /home/excelobs/paparazzi/var/KMUAV_XB_AS_IMU/ap/modules/ins/ins_arduimu_basic.o
 .data.prescaler.1
                0x4000051e        0x2 /home/excelobs/paparazzi/var/KMUAV_XB_AS_IMU/ap/modules/ins/ins_arduimu_basic.o
 *(.gnu.linkonce.d*)
                0x40000520                . = ALIGN (0x4)
 *(.fastrun)
                0x40000520                . = ALIGN (0x4)
                0x40000520                _edata = .
                0x40000520                PROVIDE (edata, .)

.bss            0x40000520      0xe4c
                0x40000520                __bss_start = .
                0x40000520                __bss_start__ = .
 *(.bss)
 *(.bss.*)
 .bss.cpu_time_sec
                0x40000520        0x2 /home/excelobs/paparazzi/var/KMUAV_XB_AS_IMU/ap/sys_time.o
                0x40000520                cpu_time_sec
 .bss.time_since_last_ap
                0x40000522        0x1 /home/excelobs/paparazzi/var/KMUAV_XB_AS_IMU/ap/./inter_mcu.o
                0x40000522                time_since_last_ap
 .bss.ap_ok     0x40000523        0x1 /home/excelobs/paparazzi/var/KMUAV_XB_AS_IMU/ap/./inter_mcu.o
                0x40000523                ap_ok
 .bss._fbw_state
                0x40000524       0x18 /home/excelobs/paparazzi/var/KMUAV_XB_AS_IMU/ap/./inter_mcu.o
 .bss._ap_state
                0x4000053c        0x8 /home/excelobs/paparazzi/var/KMUAV_XB_AS_IMU/ap/./inter_mcu.o
 .bss._10Hz.0   0x40000544        0x1 /home/excelobs/paparazzi/var/KMUAV_XB_AS_IMU/ap/firmwares/fixedwing/main_fbw.o
 .bss._1Hz.1    0x40000545        0x1 /home/excelobs/paparazzi/var/KMUAV_XB_AS_IMU/ap/firmwares/fixedwing/main_fbw.o
 .bss.fbw_mode  0x40000546        0x1 /home/excelobs/paparazzi/var/KMUAV_XB_AS_IMU/ap/firmwares/fixedwing/main_fbw.o
                0x40000546                fbw_mode
 *fill*         0x40000547        0x1 00
 .bss.electrical
                0x40000548        0x8 /home/excelobs/paparazzi/var/KMUAV_XB_AS_IMU/ap/subsystems/electrical.o
                0x40000548                electrical
 .bss.electrical_priv
                0x40000550       0x4c /home/excelobs/paparazzi/var/KMUAV_XB_AS_IMU/ap/subsystems/electrical.o
 .bss.commands  0x4000059c        0x6 /home/excelobs/paparazzi/var/KMUAV_XB_AS_IMU/ap/./commands.o
                0x4000059c                commands
 .bss.last_pprz_mode.58
                0x400005a2        0x1 /home/excelobs/paparazzi/var/KMUAV_XB_AS_IMU/ap/firmwares/fixedwing/main_ap.o
 .bss.i.27      0x400005a3        0x1 /home/excelobs/paparazzi/var/KMUAV_XB_AS_IMU/ap/firmwares/fixedwing/main_ap.o
 .bss.i.28      0x400005a4        0x1 /home/excelobs/paparazzi/var/KMUAV_XB_AS_IMU/ap/firmwares/fixedwing/main_ap.o
 *fill*         0x400005a5        0x1 00
 .bss.last.29   0x400005a6        0x2 /home/excelobs/paparazzi/var/KMUAV_XB_AS_IMU/ap/firmwares/fixedwing/main_ap.o
 .bss.i.46      0x400005a8        0x1 /home/excelobs/paparazzi/var/KMUAV_XB_AS_IMU/ap/firmwares/fixedwing/main_ap.o
 .bss.i.47      0x400005a9        0x1 /home/excelobs/paparazzi/var/KMUAV_XB_AS_IMU/ap/firmwares/fixedwing/main_ap.o
 .bss.last.48   0x400005aa        0x2 /home/excelobs/paparazzi/var/KMUAV_XB_AS_IMU/ap/firmwares/fixedwing/main_ap.o
 .bss.last.57   0x400005ac        0x2 /home/excelobs/paparazzi/var/KMUAV_XB_AS_IMU/ap/firmwares/fixedwing/main_ap.o
 .bss.i1.59     0x400005ae        0x1 /home/excelobs/paparazzi/var/KMUAV_XB_AS_IMU/ap/firmwares/fixedwing/main_ap.o
 .bss.i6.60     0x400005af        0x1 /home/excelobs/paparazzi/var/KMUAV_XB_AS_IMU/ap/firmwares/fixedwing/main_ap.o
 .bss.i15.61    0x400005b0        0x1 /home/excelobs/paparazzi/var/KMUAV_XB_AS_IMU/ap/firmwares/fixedwing/main_ap.o
 .bss._ck_a.1   0x400005b1        0x1 /home/excelobs/paparazzi/var/KMUAV_XB_AS_IMU/ap/firmwares/fixedwing/main_ap.o
 .bss._ck_b.2   0x400005b2        0x1 /home/excelobs/paparazzi/var/KMUAV_XB_AS_IMU/ap/firmwares/fixedwing/main_ap.o
 .bss.payload_idx.3
                0x400005b3        0x1 /home/excelobs/paparazzi/var/KMUAV_XB_AS_IMU/ap/firmwares/fixedwing/main_ap.o
 .bss.vsupply   0x400005b4        0x1 /home/excelobs/paparazzi/var/KMUAV_XB_AS_IMU/ap/firmwares/fixedwing/main_ap.o
                0x400005b4                vsupply
 .bss.power_switch
                0x400005b5        0x1 /home/excelobs/paparazzi/var/KMUAV_XB_AS_IMU/ap/firmwares/fixedwing/main_ap.o
                0x400005b5                power_switch
 .bss.mcu1_status
                0x400005b6        0x1 /home/excelobs/paparazzi/var/KMUAV_XB_AS_IMU/ap/firmwares/fixedwing/main_ap.o
 .bss.mcu1_ppm_cpt
                0x400005b7        0x1 /home/excelobs/paparazzi/var/KMUAV_XB_AS_IMU/ap/firmwares/fixedwing/main_ap.o
 .bss.current   0x400005b8        0x4 /home/excelobs/paparazzi/var/KMUAV_XB_AS_IMU/ap/firmwares/fixedwing/main_ap.o
 .bss.energy    0x400005bc        0x4 /home/excelobs/paparazzi/var/KMUAV_XB_AS_IMU/ap/firmwares/fixedwing/main_ap.o
                0x400005bc                energy
 .bss.estimator_x
                0x400005c0        0x4 /home/excelobs/paparazzi/var/KMUAV_XB_AS_IMU/ap/./estimator.o
                0x400005c0                estimator_x
 .bss.estimator_y
                0x400005c4        0x4 /home/excelobs/paparazzi/var/KMUAV_XB_AS_IMU/ap/./estimator.o
                0x400005c4                estimator_y
 .bss.estimator_z
                0x400005c8        0x4 /home/excelobs/paparazzi/var/KMUAV_XB_AS_IMU/ap/./estimator.o
                0x400005c8                estimator_z
 .bss.estimator_phi
                0x400005cc        0x4 /home/excelobs/paparazzi/var/KMUAV_XB_AS_IMU/ap/./estimator.o
                0x400005cc                estimator_phi
 .bss.estimator_psi
                0x400005d0        0x4 /home/excelobs/paparazzi/var/KMUAV_XB_AS_IMU/ap/./estimator.o
                0x400005d0                estimator_psi
 .bss.estimator_theta
                0x400005d4        0x4 /home/excelobs/paparazzi/var/KMUAV_XB_AS_IMU/ap/./estimator.o
                0x400005d4                estimator_theta
 .bss.estimator_z_dot
                0x400005d8        0x4 /home/excelobs/paparazzi/var/KMUAV_XB_AS_IMU/ap/./estimator.o
                0x400005d8                estimator_z_dot
 .bss.estimator_p
                0x400005dc        0x4 /home/excelobs/paparazzi/var/KMUAV_XB_AS_IMU/ap/./estimator.o
                0x400005dc                estimator_p
 .bss.estimator_q
                0x400005e0        0x4 /home/excelobs/paparazzi/var/KMUAV_XB_AS_IMU/ap/./estimator.o
                0x400005e0                estimator_q
 .bss.estimator_flight_time
                0x400005e4        0x2 /home/excelobs/paparazzi/var/KMUAV_XB_AS_IMU/ap/./estimator.o
                0x400005e4                estimator_flight_time
 *fill*         0x400005e6        0x2 00
 .bss.estimator_hspeed_mod
                0x400005e8        0x4 /home/excelobs/paparazzi/var/KMUAV_XB_AS_IMU/ap/./estimator.o
                0x400005e8                estimator_hspeed_mod
 .bss.estimator_hspeed_dir
                0x400005ec        0x4 /home/excelobs/paparazzi/var/KMUAV_XB_AS_IMU/ap/./estimator.o
                0x400005ec                estimator_hspeed_dir
 .bss.wind_east
                0x400005f0        0x4 /home/excelobs/paparazzi/var/KMUAV_XB_AS_IMU/ap/./estimator.o
                0x400005f0                wind_east
 .bss.wind_north
                0x400005f4        0x4 /home/excelobs/paparazzi/var/KMUAV_XB_AS_IMU/ap/./estimator.o
                0x400005f4                wind_north
 .bss.estimator_airspeed
                0x400005f8        0x4 /home/excelobs/paparazzi/var/KMUAV_XB_AS_IMU/ap/./estimator.o
                0x400005f8                estimator_airspeed
 .bss.alt_kalman_enabled
                0x400005fc        0x1 /home/excelobs/paparazzi/var/KMUAV_XB_AS_IMU/ap/./estimator.o
                0x400005fc                alt_kalman_enabled
 *fill*         0x400005fd        0x3 00
 .bss.p         0x40000600       0x10 /home/excelobs/paparazzi/var/KMUAV_XB_AS_IMU/ap/./estimator.o
 .bss.cpu_time_ticks
                0x40000610        0x4 /home/excelobs/paparazzi/var/KMUAV_XB_AS_IMU/ap/arch/lpc21/sys_time_hw.o
                0x40000610                cpu_time_ticks
 .bss.last_periodic_event
                0x40000614        0x4 /home/excelobs/paparazzi/var/KMUAV_XB_AS_IMU/ap/arch/lpc21/sys_time_hw.o
                0x40000614                last_periodic_event
 .bss.uart0_rx_insert_idx
                0x40000618        0x2 /home/excelobs/paparazzi/var/KMUAV_XB_AS_IMU/ap/arch/lpc21/mcu_periph/uart_arch.o
                0x40000618                uart0_rx_insert_idx
 .bss.uart0_rx_extract_idx
                0x4000061a        0x2 /home/excelobs/paparazzi/var/KMUAV_XB_AS_IMU/ap/arch/lpc21/mcu_periph/uart_arch.o
                0x4000061a                uart0_rx_extract_idx
 .bss.uart0_rx_buffer
                0x4000061c       0x80 /home/excelobs/paparazzi/var/KMUAV_XB_AS_IMU/ap/arch/lpc21/mcu_periph/uart_arch.o
                0x4000061c                uart0_rx_buffer
 .bss.uart1_rx_insert_idx
                0x4000069c        0x2 /home/excelobs/paparazzi/var/KMUAV_XB_AS_IMU/ap/arch/lpc21/mcu_periph/uart_arch.o
                0x4000069c                uart1_rx_insert_idx
 .bss.uart1_rx_extract_idx
                0x4000069e        0x2 /home/excelobs/paparazzi/var/KMUAV_XB_AS_IMU/ap/arch/lpc21/mcu_periph/uart_arch.o
                0x4000069e                uart1_rx_extract_idx
 .bss.uart1_rx_buffer
                0x400006a0       0x80 /home/excelobs/paparazzi/var/KMUAV_XB_AS_IMU/ap/arch/lpc21/mcu_periph/uart_arch.o
                0x400006a0                uart1_rx_buffer
 .bss.uart0_tx_running
                0x40000720        0x1 /home/excelobs/paparazzi/var/KMUAV_XB_AS_IMU/ap/arch/lpc21/mcu_periph/uart_arch.o
                0x40000720                uart0_tx_running
 .bss.uart1_tx_running
                0x40000721        0x1 /home/excelobs/paparazzi/var/KMUAV_XB_AS_IMU/ap/arch/lpc21/mcu_periph/uart_arch.o
                0x40000721                uart1_tx_running
 .bss.uart0_tx_buffer
                0x40000722       0x80 /home/excelobs/paparazzi/var/KMUAV_XB_AS_IMU/ap/arch/lpc21/mcu_periph/uart_arch.o
                0x40000722                uart0_tx_buffer
 .bss.uart0_tx_insert_idx
                0x400007a2        0x2 /home/excelobs/paparazzi/var/KMUAV_XB_AS_IMU/ap/arch/lpc21/mcu_periph/uart_arch.o
                0x400007a2                uart0_tx_insert_idx
 .bss.uart0_tx_extract_idx
                0x400007a4        0x2 /home/excelobs/paparazzi/var/KMUAV_XB_AS_IMU/ap/arch/lpc21/mcu_periph/uart_arch.o
                0x400007a4                uart0_tx_extract_idx
 .bss.uart1_tx_buffer
                0x400007a6       0x80 /home/excelobs/paparazzi/var/KMUAV_XB_AS_IMU/ap/arch/lpc21/mcu_periph/uart_arch.o
                0x400007a6                uart1_tx_buffer
 .bss.uart1_tx_insert_idx
                0x40000826        0x2 /home/excelobs/paparazzi/var/KMUAV_XB_AS_IMU/ap/arch/lpc21/mcu_periph/uart_arch.o
                0x40000826                uart1_tx_insert_idx
 .bss.uart1_tx_extract_idx
                0x40000828        0x2 /home/excelobs/paparazzi/var/KMUAV_XB_AS_IMU/ap/arch/lpc21/mcu_periph/uart_arch.o
                0x40000828                uart1_tx_extract_idx
 *fill*         0x4000082a        0x2 00
 .bss.buffers   0x4000082c       0x40 /home/excelobs/paparazzi/var/KMUAV_XB_AS_IMU/ap/arch/lpc21/mcu_periph/adc_arch.o
 .bss.servos_values
                0x4000086c       0x14 /home/excelobs/paparazzi/var/KMUAV_XB_AS_IMU/ap/arch/lpc21/servos_4017_hw.o
                0x4000086c                servos_values
 .bss.servos_4017_idx
                0x40000880        0x1 /home/excelobs/paparazzi/var/KMUAV_XB_AS_IMU/ap/arch/lpc21/servos_4017_hw.o
                0x40000880                servos_4017_idx
 *fill*         0x40000881        0x1 00
 .bss.actuators
                0x40000882        0x8 /home/excelobs/paparazzi/var/KMUAV_XB_AS_IMU/ap/actuators.o
                0x40000882                actuators
 *fill*         0x4000088a        0x2 00
 .bss.radio_control
                0x4000088c       0x14 /home/excelobs/paparazzi/var/KMUAV_XB_AS_IMU/ap/subsystems/radio_control.o
                0x4000088c                radio_control
 .bss.ppm_pulses
                0x400008a0        0xe /home/excelobs/paparazzi/var/KMUAV_XB_AS_IMU/ap/subsystems/radio_control/ppm.o
                0x400008a0                ppm_pulses
 .bss.ppm_frame_available
                0x400008ae        0x1 /home/excelobs/paparazzi/var/KMUAV_XB_AS_IMU/ap/subsystems/radio_control/ppm.o
                0x400008ae                ppm_frame_available
 .bss.ppm_cur_pulse
                0x400008af        0x1 /home/excelobs/paparazzi/var/KMUAV_XB_AS_IMU/ap/arch/lpc21/subsystems/radio_control/ppm_arch.o
                0x400008af                ppm_cur_pulse
 .bss.ppm_last_pulse_time
                0x400008b0        0x4 /home/excelobs/paparazzi/var/KMUAV_XB_AS_IMU/ap/arch/lpc21/subsystems/radio_control/ppm_arch.o
                0x400008b0                ppm_last_pulse_time
 .bss.ppm_data_valid
                0x400008b4        0x1 /home/excelobs/paparazzi/var/KMUAV_XB_AS_IMU/ap/arch/lpc21/subsystems/radio_control/ppm_arch.o
                0x400008b4                ppm_data_valid
 .bss.downlink_nb_ovrn
                0x400008b5        0x1 /home/excelobs/paparazzi/var/KMUAV_XB_AS_IMU/ap/./downlink.o
                0x400008b5                downlink_nb_ovrn
 .bss.downlink_nb_bytes
                0x400008b6        0x2 /home/excelobs/paparazzi/var/KMUAV_XB_AS_IMU/ap/./downlink.o
                0x400008b6                downlink_nb_bytes
 .bss.downlink_nb_msgs
                0x400008b8        0x2 /home/excelobs/paparazzi/var/KMUAV_XB_AS_IMU/ap/./downlink.o
                0x400008b8                downlink_nb_msgs
 .bss.dl_msg_available
                0x400008ba        0x1 /home/excelobs/paparazzi/var/KMUAV_XB_AS_IMU/ap/firmwares/fixedwing/datalink.o
                0x400008ba                dl_msg_available
 *fill*         0x400008bb        0x1 00
 .bss.datalink_time
                0x400008bc        0x2 /home/excelobs/paparazzi/var/KMUAV_XB_AS_IMU/ap/firmwares/fixedwing/datalink.o
                0x400008bc                datalink_time
 *fill*         0x400008be        0x2 00
 .bss.dl_buffer
                0x400008c0       0x80 /home/excelobs/paparazzi/var/KMUAV_XB_AS_IMU/ap/firmwares/fixedwing/datalink.o
                0x400008c0                dl_buffer
 .bss.ck_a      0x40000940        0x1 /home/excelobs/paparazzi/var/KMUAV_XB_AS_IMU/ap/./pprz_transport.o
                0x40000940                ck_a
 .bss.ck_b      0x40000941        0x1 /home/excelobs/paparazzi/var/KMUAV_XB_AS_IMU/ap/./pprz_transport.o
                0x40000941                ck_b
 .bss.pprz_payload
                0x40000942      0x100 /home/excelobs/paparazzi/var/KMUAV_XB_AS_IMU/ap/./pprz_transport.o
                0x40000942                pprz_payload
 .bss.pprz_ovrn
                0x40000a42        0x1 /home/excelobs/paparazzi/var/KMUAV_XB_AS_IMU/ap/./pprz_transport.o
                0x40000a42                pprz_ovrn
 .bss.pprz_error
                0x40000a43        0x1 /home/excelobs/paparazzi/var/KMUAV_XB_AS_IMU/ap/./pprz_transport.o
                0x40000a43                pprz_error
 .bss.pprz_payload_len
                0x40000a44        0x1 /home/excelobs/paparazzi/var/KMUAV_XB_AS_IMU/ap/./pprz_transport.o
                0x40000a44                pprz_payload_len
 *fill*         0x40000a45        0x3 00
 .bss.last_err.2
                0x40000a48        0x4 /home/excelobs/paparazzi/var/KMUAV_XB_AS_IMU/ap/firmwares/fixedwing/stabilization/stabilization_attitude.o
 .bss.last_err.0
                0x40000a4c        0x4 /home/excelobs/paparazzi/var/KMUAV_XB_AS_IMU/ap/firmwares/fixedwing/stabilization/stabilization_attitude.o
 .bss.last_elevator_trim.1
                0x40000a50        0x4 /home/excelobs/paparazzi/var/KMUAV_XB_AS_IMU/ap/firmwares/fixedwing/stabilization/stabilization_attitude.o
 .bss.h_ctl_course_setpoint
                0x40000a54        0x4 /home/excelobs/paparazzi/var/KMUAV_XB_AS_IMU/ap/firmwares/fixedwing/stabilization/stabilization_attitude.o
                0x40000a54                h_ctl_course_setpoint
 .bss.h_ctl_course_pre_bank
                0x40000a58        0x4 /home/excelobs/paparazzi/var/KMUAV_XB_AS_IMU/ap/firmwares/fixedwing/stabilization/stabilization_attitude.o
                0x40000a58                h_ctl_course_pre_bank
 .bss.h_ctl_course_pre_bank_correction
                0x40000a5c        0x4 /home/excelobs/paparazzi/var/KMUAV_XB_AS_IMU/ap/firmwares/fixedwing/stabilization/stabilization_attitude.o
                0x40000a5c                h_ctl_course_pre_bank_correction
 .bss.h_ctl_course_pgain
                0x40000a60        0x4 /home/excelobs/paparazzi/var/KMUAV_XB_AS_IMU/ap/firmwares/fixedwing/stabilization/stabilization_attitude.o
                0x40000a60                h_ctl_course_pgain
 .bss.h_ctl_course_dgain
                0x40000a64        0x4 /home/excelobs/paparazzi/var/KMUAV_XB_AS_IMU/ap/firmwares/fixedwing/stabilization/stabilization_attitude.o
                0x40000a64                h_ctl_course_dgain
 .bss.h_ctl_roll_max_setpoint
                0x40000a68        0x4 /home/excelobs/paparazzi/var/KMUAV_XB_AS_IMU/ap/firmwares/fixedwing/stabilization/stabilization_attitude.o
                0x40000a68                h_ctl_roll_max_setpoint
 .bss.h_ctl_disabled
                0x40000a6c        0x1 /home/excelobs/paparazzi/var/KMUAV_XB_AS_IMU/ap/firmwares/fixedwing/stabilization/stabilization_attitude.o
                0x40000a6c                h_ctl_disabled
 *fill*         0x40000a6d        0x3 00
 .bss.h_ctl_roll_setpoint
                0x40000a70        0x4 /home/excelobs/paparazzi/var/KMUAV_XB_AS_IMU/ap/firmwares/fixedwing/stabilization/stabilization_attitude.o
                0x40000a70                h_ctl_roll_setpoint
 .bss.h_ctl_roll_pgain
                0x40000a74        0x4 /home/excelobs/paparazzi/var/KMUAV_XB_AS_IMU/ap/firmwares/fixedwing/stabilization/stabilization_attitude.o
                0x40000a74                h_ctl_roll_pgain
 .bss.h_ctl_aileron_setpoint
                0x40000a78        0x2 /home/excelobs/paparazzi/var/KMUAV_XB_AS_IMU/ap/firmwares/fixedwing/stabilization/stabilization_attitude.o
                0x40000a78                h_ctl_aileron_setpoint
 *fill*         0x40000a7a        0x2 00
 .bss.h_ctl_roll_slew
                0x40000a7c        0x4 /home/excelobs/paparazzi/var/KMUAV_XB_AS_IMU/ap/firmwares/fixedwing/stabilization/stabilization_attitude.o
                0x40000a7c                h_ctl_roll_slew
 .bss.h_ctl_pitch_setpoint
                0x40000a80        0x4 /home/excelobs/paparazzi/var/KMUAV_XB_AS_IMU/ap/firmwares/fixedwing/stabilization/stabilization_attitude.o
                0x40000a80                h_ctl_pitch_setpoint
 .bss.h_ctl_pitch_loop_setpoint
                0x40000a84        0x4 /home/excelobs/paparazzi/var/KMUAV_XB_AS_IMU/ap/firmwares/fixedwing/stabilization/stabilization_attitude.o
                0x40000a84                h_ctl_pitch_loop_setpoint
 .bss.h_ctl_pitch_pgain
                0x40000a88        0x4 /home/excelobs/paparazzi/var/KMUAV_XB_AS_IMU/ap/firmwares/fixedwing/stabilization/stabilization_attitude.o
                0x40000a88                h_ctl_pitch_pgain
 .bss.h_ctl_pitch_dgain
                0x40000a8c        0x4 /home/excelobs/paparazzi/var/KMUAV_XB_AS_IMU/ap/firmwares/fixedwing/stabilization/stabilization_attitude.o
                0x40000a8c                h_ctl_pitch_dgain
 .bss.h_ctl_elevator_setpoint
                0x40000a90        0x2 /home/excelobs/paparazzi/var/KMUAV_XB_AS_IMU/ap/firmwares/fixedwing/stabilization/stabilization_attitude.o
                0x40000a90                h_ctl_elevator_setpoint
 *fill*         0x40000a92        0x2 00
 .bss.h_ctl_aileron_of_throttle
                0x40000a94        0x4 /home/excelobs/paparazzi/var/KMUAV_XB_AS_IMU/ap/firmwares/fixedwing/stabilization/stabilization_attitude.o
                0x40000a94                h_ctl_aileron_of_throttle
 .bss.h_ctl_elevator_of_roll
                0x40000a98        0x4 /home/excelobs/paparazzi/var/KMUAV_XB_AS_IMU/ap/firmwares/fixedwing/stabilization/stabilization_attitude.o
                0x40000a98                h_ctl_elevator_of_roll
 .bss.h_ctl_roll_attitude_gain
                0x40000a9c        0x4 /home/excelobs/paparazzi/var/KMUAV_XB_AS_IMU/ap/firmwares/fixedwing/stabilization/stabilization_attitude.o
                0x40000a9c                h_ctl_roll_attitude_gain
 .bss.h_ctl_roll_rate_gain
                0x40000aa0        0x4 /home/excelobs/paparazzi/var/KMUAV_XB_AS_IMU/ap/firmwares/fixedwing/stabilization/stabilization_attitude.o
                0x40000aa0                h_ctl_roll_rate_gain
 .bss.nav_ratio
                0x40000aa4        0x4 /home/excelobs/paparazzi/var/KMUAV_XB_AS_IMU/ap/firmwares/fixedwing/stabilization/stabilization_attitude.o
 .bss.v_ctl_mode
                0x40000aa8        0x1 /home/excelobs/paparazzi/var/KMUAV_XB_AS_IMU/ap/firmwares/fixedwing/guidance/guidance_v.o
                0x40000aa8                v_ctl_mode
 *fill*         0x40000aa9        0x3 00
 .bss.v_ctl_altitude_error
                0x40000aac        0x4 /home/excelobs/paparazzi/var/KMUAV_XB_AS_IMU/ap/firmwares/fixedwing/guidance/guidance_v.o
                0x40000aac                v_ctl_altitude_error
 .bss.v_ctl_altitude_setpoint
                0x40000ab0        0x4 /home/excelobs/paparazzi/var/KMUAV_XB_AS_IMU/ap/firmwares/fixedwing/guidance/guidance_v.o
                0x40000ab0                v_ctl_altitude_setpoint
 .bss.v_ctl_altitude_pre_climb
                0x40000ab4        0x4 /home/excelobs/paparazzi/var/KMUAV_XB_AS_IMU/ap/firmwares/fixedwing/guidance/guidance_v.o
                0x40000ab4                v_ctl_altitude_pre_climb
 .bss.v_ctl_altitude_pgain
                0x40000ab8        0x4 /home/excelobs/paparazzi/var/KMUAV_XB_AS_IMU/ap/firmwares/fixedwing/guidance/guidance_v.o
                0x40000ab8                v_ctl_altitude_pgain
 .bss.v_ctl_climb_setpoint
                0x40000abc        0x4 /home/excelobs/paparazzi/var/KMUAV_XB_AS_IMU/ap/firmwares/fixedwing/guidance/guidance_v.o
                0x40000abc                v_ctl_climb_setpoint
 .bss.v_ctl_climb_mode
                0x40000ac0        0x1 /home/excelobs/paparazzi/var/KMUAV_XB_AS_IMU/ap/firmwares/fixedwing/guidance/guidance_v.o
                0x40000ac0                v_ctl_climb_mode
 .bss.v_ctl_auto_throttle_submode
                0x40000ac1        0x1 /home/excelobs/paparazzi/var/KMUAV_XB_AS_IMU/ap/firmwares/fixedwing/guidance/guidance_v.o
                0x40000ac1                v_ctl_auto_throttle_submode
 *fill*         0x40000ac2        0x2 00
 .bss.v_ctl_auto_throttle_nominal_cruise_throttle
                0x40000ac4        0x4 /home/excelobs/paparazzi/var/KMUAV_XB_AS_IMU/ap/firmwares/fixedwing/guidance/guidance_v.o
                0x40000ac4                v_ctl_auto_throttle_nominal_cruise_throttle
 .bss.v_ctl_auto_throttle_cruise_throttle
                0x40000ac8        0x4 /home/excelobs/paparazzi/var/KMUAV_XB_AS_IMU/ap/firmwares/fixedwing/guidance/guidance_v.o
                0x40000ac8                v_ctl_auto_throttle_cruise_throttle
 .bss.v_ctl_auto_throttle_climb_throttle_increment
                0x40000acc        0x4 /home/excelobs/paparazzi/var/KMUAV_XB_AS_IMU/ap/firmwares/fixedwing/guidance/guidance_v.o
                0x40000acc                v_ctl_auto_throttle_climb_throttle_increment
 .bss.v_ctl_auto_throttle_pgain
                0x40000ad0        0x4 /home/excelobs/paparazzi/var/KMUAV_XB_AS_IMU/ap/firmwares/fixedwing/guidance/guidance_v.o
                0x40000ad0                v_ctl_auto_throttle_pgain
 .bss.v_ctl_auto_throttle_igain
                0x40000ad4        0x4 /home/excelobs/paparazzi/var/KMUAV_XB_AS_IMU/ap/firmwares/fixedwing/guidance/guidance_v.o
                0x40000ad4                v_ctl_auto_throttle_igain
 .bss.v_ctl_auto_throttle_dgain
                0x40000ad8        0x4 /home/excelobs/paparazzi/var/KMUAV_XB_AS_IMU/ap/firmwares/fixedwing/guidance/guidance_v.o
                0x40000ad8                v_ctl_auto_throttle_dgain
 .bss.v_ctl_auto_throttle_sum_err
                0x40000adc        0x4 /home/excelobs/paparazzi/var/KMUAV_XB_AS_IMU/ap/firmwares/fixedwing/guidance/guidance_v.o
                0x40000adc                v_ctl_auto_throttle_sum_err
 .bss.v_ctl_auto_throttle_pitch_of_vz_pgain
                0x40000ae0        0x4 /home/excelobs/paparazzi/var/KMUAV_XB_AS_IMU/ap/firmwares/fixedwing/guidance/guidance_v.o
                0x40000ae0                v_ctl_auto_throttle_pitch_of_vz_pgain
 .bss.v_ctl_auto_throttle_pitch_of_vz_dgain
                0x40000ae4        0x4 /home/excelobs/paparazzi/var/KMUAV_XB_AS_IMU/ap/firmwares/fixedwing/guidance/guidance_v.o
                0x40000ae4                v_ctl_auto_throttle_pitch_of_vz_dgain
 .bss.v_ctl_auto_pitch_pgain
                0x40000ae8        0x4 /home/excelobs/paparazzi/var/KMUAV_XB_AS_IMU/ap/firmwares/fixedwing/guidance/guidance_v.o
                0x40000ae8                v_ctl_auto_pitch_pgain
 .bss.v_ctl_auto_pitch_igain
                0x40000aec        0x4 /home/excelobs/paparazzi/var/KMUAV_XB_AS_IMU/ap/firmwares/fixedwing/guidance/guidance_v.o
                0x40000aec                v_ctl_auto_pitch_igain
 .bss.v_ctl_auto_pitch_sum_err
                0x40000af0        0x4 /home/excelobs/paparazzi/var/KMUAV_XB_AS_IMU/ap/firmwares/fixedwing/guidance/guidance_v.o
                0x40000af0                v_ctl_auto_pitch_sum_err
 .bss.v_ctl_throttle_setpoint
                0x40000af4        0x2 /home/excelobs/paparazzi/var/KMUAV_XB_AS_IMU/ap/firmwares/fixedwing/guidance/guidance_v.o
                0x40000af4                v_ctl_throttle_setpoint
 .bss.v_ctl_throttle_slewed
                0x40000af6        0x2 /home/excelobs/paparazzi/var/KMUAV_XB_AS_IMU/ap/firmwares/fixedwing/guidance/guidance_v.o
                0x40000af6                v_ctl_throttle_slewed
 .bss.v_ctl_auto_airspeed_setpoint
                0x40000af8        0x4 /home/excelobs/paparazzi/var/KMUAV_XB_AS_IMU/ap/firmwares/fixedwing/guidance/guidance_v.o
                0x40000af8                v_ctl_auto_airspeed_setpoint
 .bss.v_ctl_auto_airspeed_controlled
                0x40000afc        0x4 /home/excelobs/paparazzi/var/KMUAV_XB_AS_IMU/ap/firmwares/fixedwing/guidance/guidance_v.o
                0x40000afc                v_ctl_auto_airspeed_controlled
 .bss.v_ctl_auto_airspeed_pgain
                0x40000b00        0x4 /home/excelobs/paparazzi/var/KMUAV_XB_AS_IMU/ap/firmwares/fixedwing/guidance/guidance_v.o
                0x40000b00                v_ctl_auto_airspeed_pgain
 .bss.v_ctl_auto_airspeed_igain
                0x40000b04        0x4 /home/excelobs/paparazzi/var/KMUAV_XB_AS_IMU/ap/firmwares/fixedwing/guidance/guidance_v.o
                0x40000b04                v_ctl_auto_airspeed_igain
 .bss.v_ctl_auto_airspeed_sum_err
                0x40000b08        0x4 /home/excelobs/paparazzi/var/KMUAV_XB_AS_IMU/ap/firmwares/fixedwing/guidance/guidance_v.o
                0x40000b08                v_ctl_auto_airspeed_sum_err
 .bss.v_ctl_auto_groundspeed_setpoint
                0x40000b0c        0x4 /home/excelobs/paparazzi/var/KMUAV_XB_AS_IMU/ap/firmwares/fixedwing/guidance/guidance_v.o
                0x40000b0c                v_ctl_auto_groundspeed_setpoint
 .bss.v_ctl_auto_groundspeed_pgain
                0x40000b10        0x4 /home/excelobs/paparazzi/var/KMUAV_XB_AS_IMU/ap/firmwares/fixedwing/guidance/guidance_v.o
                0x40000b10                v_ctl_auto_groundspeed_pgain
 .bss.v_ctl_auto_groundspeed_igain
                0x40000b14        0x4 /home/excelobs/paparazzi/var/KMUAV_XB_AS_IMU/ap/firmwares/fixedwing/guidance/guidance_v.o
                0x40000b14                v_ctl_auto_groundspeed_igain
 .bss.v_ctl_auto_groundspeed_sum_err
                0x40000b18        0x4 /home/excelobs/paparazzi/var/KMUAV_XB_AS_IMU/ap/firmwares/fixedwing/guidance/guidance_v.o
                0x40000b18                v_ctl_auto_groundspeed_sum_err
 .bss.gps_reset
                0x40000b1c        0x2 /home/excelobs/paparazzi/var/KMUAV_XB_AS_IMU/ap/./gps_ubx.o
                0x40000b1c                gps_reset
 .bss.ubx_id    0x40000b1e        0x1 /home/excelobs/paparazzi/var/KMUAV_XB_AS_IMU/ap/./gps_ubx.o
                0x40000b1e                ubx_id
 .bss.ubx_class
                0x40000b1f        0x1 /home/excelobs/paparazzi/var/KMUAV_XB_AS_IMU/ap/./gps_ubx.o
                0x40000b1f                ubx_class
 .bss.ubx_len   0x40000b20        0x2 /home/excelobs/paparazzi/var/KMUAV_XB_AS_IMU/ap/./gps_ubx.o
                0x40000b20                ubx_len
 *fill*         0x40000b22        0x2 00
 .bss.ubx_msg_buf
                0x40000b24      0x100 /home/excelobs/paparazzi/var/KMUAV_XB_AS_IMU/ap/./gps_ubx.o
                0x40000b24                ubx_msg_buf
 .bss.gps_mode  0x40000c24        0x1 /home/excelobs/paparazzi/var/KMUAV_XB_AS_IMU/ap/./gps_ubx.o
                0x40000c24                gps_mode
 .bss.gps_status_flags
                0x40000c25        0x1 /home/excelobs/paparazzi/var/KMUAV_XB_AS_IMU/ap/./gps_ubx.o
                0x40000c25                gps_status_flags
 .bss.gps_sol_flags
                0x40000c26        0x1 /home/excelobs/paparazzi/var/KMUAV_XB_AS_IMU/ap/./gps_ubx.o
                0x40000c26                gps_sol_flags
 *fill*         0x40000c27        0x1 00
 .bss.gps_week  0x40000c28        0x2 /home/excelobs/paparazzi/var/KMUAV_XB_AS_IMU/ap/./gps_ubx.o
                0x40000c28                gps_week
 *fill*         0x40000c2a        0x2 00
 .bss.gps_itow  0x40000c2c        0x4 /home/excelobs/paparazzi/var/KMUAV_XB_AS_IMU/ap/./gps_ubx.o
                0x40000c2c                gps_itow
 .bss.gps_alt   0x40000c30        0x4 /home/excelobs/paparazzi/var/KMUAV_XB_AS_IMU/ap/./gps_ubx.o
                0x40000c30                gps_alt
 .bss.gps_speed_3d
                0x40000c34        0x2 /home/excelobs/paparazzi/var/KMUAV_XB_AS_IMU/ap/./gps_ubx.o
                0x40000c34                gps_speed_3d
 .bss.gps_gspeed
                0x40000c36        0x2 /home/excelobs/paparazzi/var/KMUAV_XB_AS_IMU/ap/./gps_ubx.o
                0x40000c36                gps_gspeed
 .bss.gps_climb
                0x40000c38        0x2 /home/excelobs/paparazzi/var/KMUAV_XB_AS_IMU/ap/./gps_ubx.o
                0x40000c38                gps_climb
 .bss.gps_course
                0x40000c3a        0x2 /home/excelobs/paparazzi/var/KMUAV_XB_AS_IMU/ap/./gps_ubx.o
                0x40000c3a                gps_course
 .bss.gps_utm_east
                0x40000c3c        0x4 /home/excelobs/paparazzi/var/KMUAV_XB_AS_IMU/ap/./gps_ubx.o
                0x40000c3c                gps_utm_east
 .bss.gps_utm_north
                0x40000c40        0x4 /home/excelobs/paparazzi/var/KMUAV_XB_AS_IMU/ap/./gps_ubx.o
                0x40000c40                gps_utm_north
 .bss.gps_utm_zone
                0x40000c44        0x1 /home/excelobs/paparazzi/var/KMUAV_XB_AS_IMU/ap/./gps_ubx.o
                0x40000c44                gps_utm_zone
 *fill*         0x40000c45        0x3 00
 .bss.gps_lat   0x40000c48        0x4 /home/excelobs/paparazzi/var/KMUAV_XB_AS_IMU/ap/./gps_ubx.o
                0x40000c48                gps_lat
 .bss.gps_lon   0x40000c4c        0x4 /home/excelobs/paparazzi/var/KMUAV_XB_AS_IMU/ap/./gps_ubx.o
                0x40000c4c                gps_lon
 .bss.gps_hmsl  0x40000c50        0x4 /home/excelobs/paparazzi/var/KMUAV_XB_AS_IMU/ap/./gps_ubx.o
                0x40000c50                gps_hmsl
 .bss.gps_PDOP  0x40000c54        0x2 /home/excelobs/paparazzi/var/KMUAV_XB_AS_IMU/ap/./gps_ubx.o
                0x40000c54                gps_PDOP
 *fill*         0x40000c56        0x2 00
 .bss.gps_Pacc  0x40000c58        0x4 /home/excelobs/paparazzi/var/KMUAV_XB_AS_IMU/ap/./gps_ubx.o
                0x40000c58                gps_Pacc
 .bss.gps_Sacc  0x40000c5c        0x4 /home/excelobs/paparazzi/var/KMUAV_XB_AS_IMU/ap/./gps_ubx.o
                0x40000c5c                gps_Sacc
 .bss.gps_ecefVZ
                0x40000c60        0x4 /home/excelobs/paparazzi/var/KMUAV_XB_AS_IMU/ap/./gps_ubx.o
                0x40000c60                gps_ecefVZ
 .bss.gps_numSV
                0x40000c64        0x1 /home/excelobs/paparazzi/var/KMUAV_XB_AS_IMU/ap/./gps_ubx.o
                0x40000c64                gps_numSV
 .bss.gps_msg_received
                0x40000c65        0x1 /home/excelobs/paparazzi/var/KMUAV_XB_AS_IMU/ap/./gps_ubx.o
                0x40000c65                gps_msg_received
 .bss.gps_pos_available
                0x40000c66        0x1 /home/excelobs/paparazzi/var/KMUAV_XB_AS_IMU/ap/./gps_ubx.o
                0x40000c66                gps_pos_available
 .bss.gps_nb_ovrn
                0x40000c67        0x1 /home/excelobs/paparazzi/var/KMUAV_XB_AS_IMU/ap/./gps_ubx.o
                0x40000c67                gps_nb_ovrn
 .bss.gps_nb_channels
                0x40000c68        0x1 /home/excelobs/paparazzi/var/KMUAV_XB_AS_IMU/ap/./gps_ubx.o
                0x40000c68                gps_nb_channels
 *fill*         0x40000c69        0x3 00
 .bss.gps_svinfos
                0x40000c6c       0x80 /home/excelobs/paparazzi/var/KMUAV_XB_AS_IMU/ap/./gps_ubx.o
                0x40000c6c                gps_svinfos
 .bss.ubx_status
                0x40000cec        0x1 /home/excelobs/paparazzi/var/KMUAV_XB_AS_IMU/ap/./gps_ubx.o
 .bss.ubx_msg_idx
                0x40000ced        0x1 /home/excelobs/paparazzi/var/KMUAV_XB_AS_IMU/ap/./gps_ubx.o
 .bss.ck_a      0x40000cee        0x1 /home/excelobs/paparazzi/var/KMUAV_XB_AS_IMU/ap/./gps_ubx.o
 .bss.ck_b      0x40000cef        0x1 /home/excelobs/paparazzi/var/KMUAV_XB_AS_IMU/ap/./gps_ubx.o
 .bss.i.0       0x40000cf0        0x1 /home/excelobs/paparazzi/var/KMUAV_XB_AS_IMU/ap/./gps.o
 .bss.last_cnos.1
                0x40000cf1       0x10 /home/excelobs/paparazzi/var/KMUAV_XB_AS_IMU/ap/./gps.o
 *fill*         0x40000d01        0x1 00
 .bss.last_gps_msg_t
                0x40000d02        0x2 /home/excelobs/paparazzi/var/KMUAV_XB_AS_IMU/ap/./gps.o
                0x40000d02                last_gps_msg_t
 .bss.gps_verbose_downlink
                0x40000d04        0x1 /home/excelobs/paparazzi/var/KMUAV_XB_AS_IMU/ap/./gps.o
                0x40000d04                gps_verbose_downlink
 *fill*         0x40000d05        0x3 00
 .bss.latlong_utm_x
                0x40000d08        0x4 /home/excelobs/paparazzi/var/KMUAV_XB_AS_IMU/ap/./latlong.o
                0x40000d08                latlong_utm_x
 .bss.latlong_utm_y
                0x40000d0c        0x4 /home/excelobs/paparazzi/var/KMUAV_XB_AS_IMU/ap/./latlong.o
                0x40000d0c                latlong_utm_y
 .bss.i2c0      0x40000d10       0x3c /home/excelobs/paparazzi/var/KMUAV_XB_AS_IMU/ap/mcu_periph/i2c.o
                0x40000d10                i2c0
 .bss.i2c1      0x40000d4c       0x3c /home/excelobs/paparazzi/var/KMUAV_XB_AS_IMU/ap/mcu_periph/i2c.o
                0x40000d4c                i2c1
 .bss.last_nav_altitude.0
                0x40000d88        0x4 /home/excelobs/paparazzi/var/KMUAV_XB_AS_IMU/ap/subsystems/nav.o
 .bss.dist2_to_home
                0x40000d8c        0x4 /home/excelobs/paparazzi/var/KMUAV_XB_AS_IMU/ap/subsystems/nav.o
                0x40000d8c                dist2_to_home
 .bss.dist2_to_wp
                0x40000d90        0x4 /home/excelobs/paparazzi/var/KMUAV_XB_AS_IMU/ap/subsystems/nav.o
                0x40000d90                dist2_to_wp
 .bss.too_far_from_home
                0x40000d94        0x1 /home/excelobs/paparazzi/var/KMUAV_XB_AS_IMU/ap/subsystems/nav.o
                0x40000d94                too_far_from_home
 *fill*         0x40000d95        0x1 00
 .bss.stage_time
                0x40000d96        0x2 /home/excelobs/paparazzi/var/KMUAV_XB_AS_IMU/ap/subsystems/nav.o
                0x40000d96                stage_time
 .bss.block_time
                0x40000d98        0x2 /home/excelobs/paparazzi/var/KMUAV_XB_AS_IMU/ap/subsystems/nav.o
                0x40000d98                block_time
 .bss.nav_stage
                0x40000d9a        0x1 /home/excelobs/paparazzi/var/KMUAV_XB_AS_IMU/ap/subsystems/nav.o
                0x40000d9a                nav_stage
 .bss.nav_block
                0x40000d9b        0x1 /home/excelobs/paparazzi/var/KMUAV_XB_AS_IMU/ap/subsystems/nav.o
                0x40000d9b                nav_block
 .bss.last_block
                0x40000d9c        0x1 /home/excelobs/paparazzi/var/KMUAV_XB_AS_IMU/ap/subsystems/nav.o
                0x40000d9c                last_block
 .bss.last_stage
                0x40000d9d        0x1 /home/excelobs/paparazzi/var/KMUAV_XB_AS_IMU/ap/subsystems/nav.o
                0x40000d9d                last_stage
 *fill*         0x40000d9e        0x2 00
 .bss.ground_alt
                0x40000da0        0x4 /home/excelobs/paparazzi/var/KMUAV_XB_AS_IMU/ap/subsystems/nav.o
                0x40000da0                ground_alt
 .bss.last_x    0x40000da4        0x4 /home/excelobs/paparazzi/var/KMUAV_XB_AS_IMU/ap/subsystems/nav.o
                0x40000da4                last_x
 .bss.last_y    0x40000da8        0x4 /home/excelobs/paparazzi/var/KMUAV_XB_AS_IMU/ap/subsystems/nav.o
                0x40000da8                last_y
 .bss.desired_x
                0x40000dac        0x4 /home/excelobs/paparazzi/var/KMUAV_XB_AS_IMU/ap/subsystems/nav.o
                0x40000dac                desired_x
 .bss.desired_y
                0x40000db0        0x4 /home/excelobs/paparazzi/var/KMUAV_XB_AS_IMU/ap/subsystems/nav.o
                0x40000db0                desired_y
 .bss.flight_altitude
                0x40000db4        0x4 /home/excelobs/paparazzi/var/KMUAV_XB_AS_IMU/ap/subsystems/nav.o
                0x40000db4                flight_altitude
 .bss.nav_glide_pitch_trim
                0x40000db8        0x4 /home/excelobs/paparazzi/var/KMUAV_XB_AS_IMU/ap/subsystems/nav.o
                0x40000db8                nav_glide_pitch_trim
 .bss.nav_throttle_setpoint
                0x40000dbc        0x2 /home/excelobs/paparazzi/var/KMUAV_XB_AS_IMU/ap/subsystems/nav.o
                0x40000dbc                nav_throttle_setpoint
 *fill*         0x40000dbe        0x2 00
 .bss.nav_pitch
                0x40000dc0        0x4 /home/excelobs/paparazzi/var/KMUAV_XB_AS_IMU/ap/subsystems/nav.o
                0x40000dc0                nav_pitch
 .bss.fp_pitch  0x40000dc4        0x4 /home/excelobs/paparazzi/var/KMUAV_XB_AS_IMU/ap/subsystems/nav.o
                0x40000dc4                fp_pitch
 .bss.nav_circle_radians
                0x40000dc8        0x4 /home/excelobs/paparazzi/var/KMUAV_XB_AS_IMU/ap/subsystems/nav.o
                0x40000dc8                nav_circle_radians
 .bss.nav_circle_x
                0x40000dcc        0x4 /home/excelobs/paparazzi/var/KMUAV_XB_AS_IMU/ap/subsystems/nav.o
                0x40000dcc                nav_circle_x
 .bss.nav_circle_y
                0x40000dd0        0x4 /home/excelobs/paparazzi/var/KMUAV_XB_AS_IMU/ap/subsystems/nav.o
                0x40000dd0                nav_circle_y
 .bss.nav_circle_radius